
*** Running vivado
    with args -log design_1_wrapper.vdi -applog -m64 -product Vivado -messageDb vivado.pb -mode batch -source design_1_wrapper.tcl -notrace



****** Vivado v2025.1 (64-bit)
  **** SW Build 6140274 on Thu May 22 00:12:29 MDT 2025
  **** IP Build 6138677 on Thu May 22 03:10:11 MDT 2025
  **** SharedData Build 6139179 on Tue May 20 17:58:58 MDT 2025
  **** Start of session at: Mon Aug 31 06:39:42 2026
    ** Copyright 1986-2022 Xilinx, Inc. All Rights Reserved.
    ** Copyright 2022-2025 Advanced Micro Devices, Inc. All Rights Reserved.

source design_1_wrapper.tcl -notrace
INFO: [IP_Flow 19-234] Refreshing IP repositories
INFO: [IP_Flow 19-1704] No user IP repositories specified
INFO: [IP_Flow 19-2313] Loaded Vivado IP repository 'C:/AMD/2025.1/Vivado/data/ip'.
Command: link_design -top design_1_wrapper -part xc7a100tcsg324-1
Design is defaulting to srcset: sources_1
Design is defaulting to constrset: constrs_1
INFO: [Device 21-403] Loading part xc7a100tcsg324-1
INFO: [Project 1-5699] Read binary netlist with skipMacroContent - 1
INFO: [Project 1-454] Reading design checkpoint 'c:/Users/kille/Documents/GitHub/TFM-UPM/Practica/Prueba1_demo_v1.1/Prueba1_demo_v1_1.gen/sources_1/bd/design_1/ip/design_1_clk_wiz_0_0/design_1_clk_wiz_0_0.dcp' for cell 'design_1_i/clk_wiz_0'
INFO: [Project 1-454] Reading design checkpoint 'c:/Users/kille/Documents/GitHub/TFM-UPM/Practica/Prueba1_demo_v1.1/Prueba1_demo_v1_1.gen/sources_1/bd/design_1/ip/design_1_fifo_generator_0_0/design_1_fifo_generator_0_0.dcp' for cell 'design_1_i/fifo_generator_0'
INFO: [Project 1-454] Reading design checkpoint 'c:/Users/kille/Documents/GitHub/TFM-UPM/Practica/Prueba1_demo_v1.1/Prueba1_demo_v1_1.gen/sources_1/bd/design_1/ip/design_1_system_ila_0_0/design_1_system_ila_0_0.dcp' for cell 'design_1_i/system_ila_0'
INFO: [Project 1-454] Reading design checkpoint 'c:/Users/kille/Documents/GitHub/TFM-UPM/Practica/Prueba1_demo_v1.1/Prueba1_demo_v1_1.gen/sources_1/bd/design_1/ip/design_1_system_ila_1_1/design_1_system_ila_1_1.dcp' for cell 'design_1_i/system_ila_1'
INFO: [Project 1-454] Reading design checkpoint 'c:/Users/kille/Documents/GitHub/TFM-UPM/Practica/Prueba1_demo_v1.1/Prueba1_demo_v1_1.gen/sources_1/bd/design_1/ip/design_1_top_system_0_1/design_1_top_system_0_1.dcp' for cell 'design_1_i/top_system_0'
INFO: [Project 1-454] Reading design checkpoint 'c:/Users/kille/Documents/GitHub/TFM-UPM/Practica/Prueba1_demo_v1.1/Prueba1_demo_v1_1.gen/sources_1/bd/design_1/ip/design_1_util_vector_logic_0_0/design_1_util_vector_logic_0_0.dcp' for cell 'design_1_i/util_vector_logic_0'
Netlist sorting complete. Time (s): cpu = 00:00:00 ; elapsed = 00:00:00.047 . Memory (MB): peak = 808.148 ; gain = 0.000
INFO: [Netlist 29-17] Analyzing 408 Unisim elements for replacement
INFO: [Netlist 29-28] Unisim Transformation completed in 0 CPU seconds
INFO: [Project 1-479] Netlist was created with Vivado 2025.1
INFO: [Project 1-570] Preparing netlist for logic optimization
INFO: [Opt 31-140] Inserted 1 IBUFs to IO ports without IO buffers.
INFO: [Opt 31-141] Inserted 1 OBUFs to IO ports without IO buffers.
WARNING: [Opt 31-35] Removing redundant IBUF, design_1_i/clk_wiz_0/inst/clkin1_ibufg, from the path connected to top-level port: clk_100Mhz_0 
Resolution: The tool has removed redundant IBUF. To resolve this warning, check for redundant IBUF in the input design.
WARNING: [Constraints 18-550] Could not create 'IBUF_LOW_PWR' constraint because net 'design_1_i/clk_wiz_0/clk_in1' is not directly connected to top level port. 'IBUF_LOW_PWR' is ignored for synthesis but preserved for implementation.
INFO: [Chipscope 16-324] Core: design_1_i/system_ila_0/U0/ila_lib UUID: e0698dbb-7e4f-5bce-a82c-fc5d3d48baa4 
INFO: [Chipscope 16-324] Core: design_1_i/system_ila_1/U0/ila_lib UUID: 4e3141b8-482c-544a-b389-9626f2624477 
Parsing XDC File [c:/Users/kille/Documents/GitHub/TFM-UPM/Practica/Prueba1_demo_v1.1/Prueba1_demo_v1_1.gen/sources_1/bd/design_1/ip/design_1_system_ila_0_0/bd_0/ip/ip_0/ila_v6_2/constraints/ila_impl.xdc] for cell 'design_1_i/system_ila_0/U0/ila_lib/U0'
WARNING: [Vivado_Tcl 4-921] Waiver ID 'CDC-10' -to list should not be empty. [c:/Users/kille/Documents/GitHub/TFM-UPM/Practica/Prueba1_demo_v1.1/Prueba1_demo_v1_1.gen/sources_1/bd/design_1/ip/design_1_system_ila_0_0/bd_0/ip/ip_0/ila_v6_2/constraints/ila_impl.xdc:31]
Finished Parsing XDC File [c:/Users/kille/Documents/GitHub/TFM-UPM/Practica/Prueba1_demo_v1.1/Prueba1_demo_v1_1.gen/sources_1/bd/design_1/ip/design_1_system_ila_0_0/bd_0/ip/ip_0/ila_v6_2/constraints/ila_impl.xdc] for cell 'design_1_i/system_ila_0/U0/ila_lib/U0'
Parsing XDC File [c:/Users/kille/Documents/GitHub/TFM-UPM/Practica/Prueba1_demo_v1.1/Prueba1_demo_v1_1.gen/sources_1/bd/design_1/ip/design_1_system_ila_0_0/bd_0/ip/ip_0/ila_v6_2/constraints/ila.xdc] for cell 'design_1_i/system_ila_0/U0/ila_lib/U0'
WARNING: [Vivado_Tcl 4-921] Waiver ID 'CDC-10' -to list should not be empty. [c:/Users/kille/Documents/GitHub/TFM-UPM/Practica/Prueba1_demo_v1.1/Prueba1_demo_v1_1.gen/sources_1/bd/design_1/ip/design_1_system_ila_0_0/bd_0/ip/ip_0/ila_v6_2/constraints/ila.xdc:108]
Finished Parsing XDC File [c:/Users/kille/Documents/GitHub/TFM-UPM/Practica/Prueba1_demo_v1.1/Prueba1_demo_v1_1.gen/sources_1/bd/design_1/ip/design_1_system_ila_0_0/bd_0/ip/ip_0/ila_v6_2/constraints/ila.xdc] for cell 'design_1_i/system_ila_0/U0/ila_lib/U0'
Parsing XDC File [c:/Users/kille/Documents/GitHub/TFM-UPM/Practica/Prueba1_demo_v1.1/Prueba1_demo_v1_1.gen/sources_1/bd/design_1/ip/design_1_system_ila_1_1/bd_0/ip/ip_0/ila_v6_2/constraints/ila_impl.xdc] for cell 'design_1_i/system_ila_1/U0/ila_lib/U0'
WARNING: [Vivado_Tcl 4-921] Waiver ID 'CDC-10' -to list should not be empty. [c:/Users/kille/Documents/GitHub/TFM-UPM/Practica/Prueba1_demo_v1.1/Prueba1_demo_v1_1.gen/sources_1/bd/design_1/ip/design_1_system_ila_1_1/bd_0/ip/ip_0/ila_v6_2/constraints/ila_impl.xdc:31]
Finished Parsing XDC File [c:/Users/kille/Documents/GitHub/TFM-UPM/Practica/Prueba1_demo_v1.1/Prueba1_demo_v1_1.gen/sources_1/bd/design_1/ip/design_1_system_ila_1_1/bd_0/ip/ip_0/ila_v6_2/constraints/ila_impl.xdc] for cell 'design_1_i/system_ila_1/U0/ila_lib/U0'
Parsing XDC File [c:/Users/kille/Documents/GitHub/TFM-UPM/Practica/Prueba1_demo_v1.1/Prueba1_demo_v1_1.gen/sources_1/bd/design_1/ip/design_1_system_ila_1_1/bd_0/ip/ip_0/ila_v6_2/constraints/ila.xdc] for cell 'design_1_i/system_ila_1/U0/ila_lib/U0'
WARNING: [Vivado_Tcl 4-921] Waiver ID 'CDC-10' -to list should not be empty. [c:/Users/kille/Documents/GitHub/TFM-UPM/Practica/Prueba1_demo_v1.1/Prueba1_demo_v1_1.gen/sources_1/bd/design_1/ip/design_1_system_ila_1_1/bd_0/ip/ip_0/ila_v6_2/constraints/ila.xdc:108]
Finished Parsing XDC File [c:/Users/kille/Documents/GitHub/TFM-UPM/Practica/Prueba1_demo_v1.1/Prueba1_demo_v1_1.gen/sources_1/bd/design_1/ip/design_1_system_ila_1_1/bd_0/ip/ip_0/ila_v6_2/constraints/ila.xdc] for cell 'design_1_i/system_ila_1/U0/ila_lib/U0'
Parsing XDC File [c:/Users/kille/Documents/GitHub/TFM-UPM/Practica/Prueba1_demo_v1.1/Prueba1_demo_v1_1.gen/sources_1/bd/design_1/ip/design_1_clk_wiz_0_0/design_1_clk_wiz_0_0_board.xdc] for cell 'design_1_i/clk_wiz_0/inst'
Finished Parsing XDC File [c:/Users/kille/Documents/GitHub/TFM-UPM/Practica/Prueba1_demo_v1.1/Prueba1_demo_v1_1.gen/sources_1/bd/design_1/ip/design_1_clk_wiz_0_0/design_1_clk_wiz_0_0_board.xdc] for cell 'design_1_i/clk_wiz_0/inst'
Parsing XDC File [c:/Users/kille/Documents/GitHub/TFM-UPM/Practica/Prueba1_demo_v1.1/Prueba1_demo_v1_1.gen/sources_1/bd/design_1/ip/design_1_clk_wiz_0_0/design_1_clk_wiz_0_0.xdc] for cell 'design_1_i/clk_wiz_0/inst'
INFO: [Timing 38-35] Done setting XDC timing constraints. [c:/Users/kille/Documents/GitHub/TFM-UPM/Practica/Prueba1_demo_v1.1/Prueba1_demo_v1_1.gen/sources_1/bd/design_1/ip/design_1_clk_wiz_0_0/design_1_clk_wiz_0_0.xdc:54]
INFO: [Timing 38-2] Deriving generated clocks [c:/Users/kille/Documents/GitHub/TFM-UPM/Practica/Prueba1_demo_v1.1/Prueba1_demo_v1_1.gen/sources_1/bd/design_1/ip/design_1_clk_wiz_0_0/design_1_clk_wiz_0_0.xdc:54]
get_clocks: Time (s): cpu = 00:00:05 ; elapsed = 00:00:06 . Memory (MB): peak = 1528.066 ; gain = 573.906
Finished Parsing XDC File [c:/Users/kille/Documents/GitHub/TFM-UPM/Practica/Prueba1_demo_v1.1/Prueba1_demo_v1_1.gen/sources_1/bd/design_1/ip/design_1_clk_wiz_0_0/design_1_clk_wiz_0_0.xdc] for cell 'design_1_i/clk_wiz_0/inst'
Parsing XDC File [c:/Users/kille/Documents/GitHub/TFM-UPM/Practica/Prueba1_demo_v1.1/Prueba1_demo_v1_1.gen/sources_1/bd/design_1/ip/design_1_fifo_generator_0_0/design_1_fifo_generator_0_0.xdc] for cell 'design_1_i/fifo_generator_0/U0'
Finished Parsing XDC File [c:/Users/kille/Documents/GitHub/TFM-UPM/Practica/Prueba1_demo_v1.1/Prueba1_demo_v1_1.gen/sources_1/bd/design_1/ip/design_1_fifo_generator_0_0/design_1_fifo_generator_0_0.xdc] for cell 'design_1_i/fifo_generator_0/U0'
Parsing XDC File [C:/Users/kille/Documents/GitHub/TFM-UPM/Practica/Prueba1_demo_v1.1/Prueba1_demo_v1_1.srcs/constrs_1/new/Nexys4DDR.xdc]
Finished Parsing XDC File [C:/Users/kille/Documents/GitHub/TFM-UPM/Practica/Prueba1_demo_v1.1/Prueba1_demo_v1_1.srcs/constrs_1/new/Nexys4DDR.xdc]
INFO: [Opt 31-138] Pushed 0 inverter(s) to 0 load pin(s).
INFO: [Project 1-1687] 4 scoped IP constraints or related sub-commands were skipped due to synthesis logic optimizations usually triggered by constant connectivity or unconnected output pins. To review the skipped constraints and messages, run the command 'set_param netlist.IPMsgFiltering false' before opening the design.
Netlist sorting complete. Time (s): cpu = 00:00:00 ; elapsed = 00:00:00.003 . Memory (MB): peak = 1528.066 ; gain = 0.000
INFO: [Project 1-111] Unisim Transformation Summary:
  A total of 85 instances were transformed.
  CFGLUT5 => CFGLUT5 (SRL16E, SRLC32E): 84 instances
  IOBUF => IOBUF (IBUF, OBUFT): 1 instance 

24 Infos, 6 Warnings, 0 Critical Warnings and 0 Errors encountered.
link_design completed successfully
link_design: Time (s): cpu = 00:00:10 ; elapsed = 00:00:12 . Memory (MB): peak = 1528.066 ; gain = 959.020
Command: opt_design
Attempting to get a license for feature 'Implementation' and/or device 'xc7a100t'
INFO: [Common 17-349] Got license for feature 'Implementation' and/or device 'xc7a100t'
Running DRC as a precondition to command opt_design

Starting DRC Task
INFO: [DRC 23-27] Running DRC with 2 threads
INFO: [Project 1-461] DRC finished with 0 Errors, 1 Warnings
INFO: [Project 1-462] Please refer to the DRC report (report_drc) for more information.

Time (s): cpu = 00:00:02 ; elapsed = 00:00:00.863 . Memory (MB): peak = 1528.066 ; gain = 0.000

Starting Cache Timing Information Task
INFO: [Timing 38-35] Done setting XDC timing constraints.
Ending Cache Timing Information Task | Checksum: 23e24825e

Time (s): cpu = 00:00:00 ; elapsed = 00:00:00.248 . Memory (MB): peak = 1554.562 ; gain = 26.496

Starting Logic Optimization Task

Phase 1 Initialization

Phase 1.1 Core Generation And Design Setup

Phase 1.1.1 Generate And Synthesize Debug Cores
INFO: [Chipscope 16-329] Generating Script for core instance : dbg_hub 
INFO: [IP_Flow 19-3806] Processing IP xilinx.com:ip:xsdbm:3.0 for cell dbg_hub_CV.
INFO: [Chipscope 16-469] Using cached IP synthesis design for IP xilinx.com:ip:xsdbm:3.0, cache-ID = 5e16ae3e4a5037b7.
Done building netlist checker database: Time (s): cpu = 00:00:00 ; elapsed = 00:00:00.003 . Memory (MB): peak = 1999.328 ; gain = 0.000
Netlist sorting complete. Time (s): cpu = 00:00:00 ; elapsed = 00:00:00.018 . Memory (MB): peak = 1999.328 ; gain = 0.000
Phase 1.1.1 Generate And Synthesize Debug Cores | Checksum: 1a0567f4a

Time (s): cpu = 00:00:02 ; elapsed = 00:00:18 . Memory (MB): peak = 1999.328 ; gain = 22.355
Phase 1.1 Core Generation And Design Setup | Checksum: 1a0567f4a

Time (s): cpu = 00:00:02 ; elapsed = 00:00:18 . Memory (MB): peak = 1999.328 ; gain = 22.355

Phase 1.2 Setup Constraints And Sort Netlist
Phase 1.2 Setup Constraints And Sort Netlist | Checksum: 1a0567f4a

Time (s): cpu = 00:00:02 ; elapsed = 00:00:18 . Memory (MB): peak = 1999.328 ; gain = 22.355
Phase 1 Initialization | Checksum: 1a0567f4a

Time (s): cpu = 00:00:02 ; elapsed = 00:00:18 . Memory (MB): peak = 1999.328 ; gain = 22.355

Phase 2 Timer Update And Timing Data Collection

Phase 2.1 Timer Update
Phase 2.1 Timer Update | Checksum: 1a0567f4a

Time (s): cpu = 00:00:02 ; elapsed = 00:00:19 . Memory (MB): peak = 1999.328 ; gain = 22.355

Phase 2.2 Timing Data Collection
Phase 2.2 Timing Data Collection | Checksum: 1a0567f4a

Time (s): cpu = 00:00:02 ; elapsed = 00:00:19 . Memory (MB): peak = 1999.328 ; gain = 22.355
Phase 2 Timer Update And Timing Data Collection | Checksum: 1a0567f4a

Time (s): cpu = 00:00:02 ; elapsed = 00:00:19 . Memory (MB): peak = 1999.328 ; gain = 22.355

Phase 3 Retarget
INFO: [Opt 31-1851] Number of loadless carry chains removed were: 0
INFO: [Opt 31-1834] Total Chains To Be Transformed Were: 0 AND Number of Transformed insts Created are: 0
INFO: [Opt 31-1566] Pulled 2 inverters resulting in an inversion of 105 pins
INFO: [Opt 31-138] Pushed 3 inverter(s) to 12 load pin(s).
INFO: [Opt 31-49] Retargeted 0 cell(s).
Phase 3 Retarget | Checksum: 1a0175bb7

Time (s): cpu = 00:00:02 ; elapsed = 00:00:19 . Memory (MB): peak = 1999.328 ; gain = 22.355
Retarget | Checksum: 1a0175bb7
INFO: [Opt 31-389] Phase Retarget created 11 cells and removed 31 cells
INFO: [Opt 31-1021] In phase Retarget, 91 netlist objects are constrained preventing optimization. Please run opt_design with -debug_log to get more detail. 

Phase 4 Constant propagation
INFO: [Opt 31-138] Pushed 0 inverter(s) to 0 load pin(s).
Phase 4 Constant propagation | Checksum: 183388f4b

Time (s): cpu = 00:00:02 ; elapsed = 00:00:19 . Memory (MB): peak = 1999.328 ; gain = 22.355
Constant propagation | Checksum: 183388f4b
INFO: [Opt 31-389] Phase Constant propagation created 0 cells and removed 32 cells
INFO: [Opt 31-1021] In phase Constant propagation, 54 netlist objects are constrained preventing optimization. Please run opt_design with -debug_log to get more detail. 

Phase 5 Sweep
INFO: [Constraints 18-11670] Building netlist checker database with flags, 0x8
Done building netlist checker database: Time (s): cpu = 00:00:00 ; elapsed = 00:00:00.001 . Memory (MB): peak = 1999.328 ; gain = 0.000
INFO: [Constraints 18-11670] Building netlist checker database with flags, 0x8
Done building netlist checker database: Time (s): cpu = 00:00:00 ; elapsed = 00:00:00.002 . Memory (MB): peak = 1999.328 ; gain = 0.000
Phase 5 Sweep | Checksum: 20f28e170

Time (s): cpu = 00:00:02 ; elapsed = 00:00:19 . Memory (MB): peak = 1999.328 ; gain = 22.355
Sweep | Checksum: 20f28e170
INFO: [Opt 31-389] Phase Sweep created 1 cells and removed 140 cells
INFO: [Opt 31-1021] In phase Sweep, 1252 netlist objects are constrained preventing optimization. Please run opt_design with -debug_log to get more detail. 

Phase 6 BUFG optimization
INFO: [Opt 31-194] Inserted BUFG clk_100Mhz_0_IBUF_BUFG_inst to drive 3008 load(s) on clock net clk_100Mhz_0_IBUF_BUFG
INFO: [Opt 31-193] Inserted 1 BUFG(s) on clock nets
Phase 6 BUFG optimization | Checksum: 1e1e88471

Time (s): cpu = 00:00:02 ; elapsed = 00:00:19 . Memory (MB): peak = 1999.328 ; gain = 22.355
BUFG optimization | Checksum: 1e1e88471
INFO: [Opt 31-662] Phase BUFG optimization created 1 cells of which 1 are BUFGs and removed 0 cells.

Phase 7 Shift Register Optimization
INFO: [Opt 31-1064] SRL Remap converted 0 SRLs to 0 registers and converted 0 registers of register chains to 0 SRLs
Phase 7 Shift Register Optimization | Checksum: 1e1e88471

Time (s): cpu = 00:00:02 ; elapsed = 00:00:19 . Memory (MB): peak = 1999.328 ; gain = 22.355
Shift Register Optimization | Checksum: 1e1e88471
INFO: [Opt 31-389] Phase Shift Register Optimization created 0 cells and removed 0 cells

Phase 8 Post Processing Netlist
Phase 8 Post Processing Netlist | Checksum: 1d8b1a030

Time (s): cpu = 00:00:02 ; elapsed = 00:00:19 . Memory (MB): peak = 1999.328 ; gain = 22.355
Post Processing Netlist | Checksum: 1d8b1a030
INFO: [Opt 31-389] Phase Post Processing Netlist created 0 cells and removed 0 cells
INFO: [Opt 31-1021] In phase Post Processing Netlist, 67 netlist objects are constrained preventing optimization. Please run opt_design with -debug_log to get more detail. 

Phase 9 Finalization

Phase 9.1 Finalizing Design Cores and Updating Shapes
Phase 9.1 Finalizing Design Cores and Updating Shapes | Checksum: 22fa21271

Time (s): cpu = 00:00:03 ; elapsed = 00:00:19 . Memory (MB): peak = 1999.328 ; gain = 22.355

Phase 9.2 Verifying Netlist Connectivity

Starting Connectivity Check Task

Time (s): cpu = 00:00:00 ; elapsed = 00:00:00.220 . Memory (MB): peak = 1999.328 ; gain = 0.000
Phase 9.2 Verifying Netlist Connectivity | Checksum: 22fa21271

Time (s): cpu = 00:00:03 ; elapsed = 00:00:20 . Memory (MB): peak = 1999.328 ; gain = 22.355
Phase 9 Finalization | Checksum: 22fa21271

Time (s): cpu = 00:00:03 ; elapsed = 00:00:20 . Memory (MB): peak = 1999.328 ; gain = 22.355
Opt_design Change Summary
=========================


-------------------------------------------------------------------------------------------------------------------------
|  Phase                        |  #Cells created  |  #Cells Removed  |  #Constrained objects preventing optimizations  |
-------------------------------------------------------------------------------------------------------------------------
|  Retarget                     |              11  |              31  |                                             91  |
|  Constant propagation         |               0  |              32  |                                             54  |
|  Sweep                        |               1  |             140  |                                           1252  |
|  BUFG optimization            |               1  |               0  |                                              0  |
|  Shift Register Optimization  |               0  |               0  |                                              0  |
|  Post Processing Netlist      |               0  |               0  |                                             67  |
-------------------------------------------------------------------------------------------------------------------------


Ending Logic Optimization Task | Checksum: 22fa21271

Time (s): cpu = 00:00:03 ; elapsed = 00:00:20 . Memory (MB): peak = 1999.328 ; gain = 22.355

Starting Power Optimization Task
INFO: [Pwropt 34-132] Skipping clock gating for clocks with a period < 2.00 ns.
INFO: [Timing 38-35] Done setting XDC timing constraints.
INFO: [Pwropt 34-9] Applying IDT optimizations ...
INFO: [Pwropt 34-10] Applying ODC optimizations ...
Running Vector-less Activity Propagation...

Finished Running Vector-less Activity Propagation


Starting PowerOpt Patch Enables Task
INFO: [Pwropt 34-162] WRITE_MODE attribute of 4 BRAM(s) out of a total of 17 has been updated to save power. Run report_power_opt to get a complete listing of the BRAMs updated.
INFO: [Pwropt 34-201] Structural ODC has moved 0 WE to EN ports
Number of BRAM Ports augmented: 35 newly gated: 0 Total Ports: 34
Number of Flops added for Enable Generation: 1

Ending PowerOpt Patch Enables Task | Checksum: 2d7701755

Time (s): cpu = 00:00:00 ; elapsed = 00:00:00.076 . Memory (MB): peak = 2103.254 ; gain = 0.000
Ending Power Optimization Task | Checksum: 2d7701755

Time (s): cpu = 00:00:03 ; elapsed = 00:00:02 . Memory (MB): peak = 2103.254 ; gain = 103.926

Starting Final Cleanup Task

Starting Logic Optimization Task
INFO: [Timing 38-35] Done setting XDC timing constraints.
Ending Logic Optimization Task | Checksum: 20605e527

Time (s): cpu = 00:00:01 ; elapsed = 00:00:00.508 . Memory (MB): peak = 2103.254 ; gain = 0.000
Ending Final Cleanup Task | Checksum: 20605e527

Time (s): cpu = 00:00:03 ; elapsed = 00:00:03 . Memory (MB): peak = 2103.254 ; gain = 0.000

Starting Netlist Obfuscation Task
Netlist sorting complete. Time (s): cpu = 00:00:00 ; elapsed = 00:00:00.004 . Memory (MB): peak = 2103.254 ; gain = 0.000
Ending Netlist Obfuscation Task | Checksum: 20605e527

Time (s): cpu = 00:00:00 ; elapsed = 00:00:00.005 . Memory (MB): peak = 2103.254 ; gain = 0.000
INFO: [Common 17-83] Releasing license: Implementation
65 Infos, 6 Warnings, 0 Critical Warnings and 0 Errors encountered.
opt_design completed successfully
opt_design: Time (s): cpu = 00:00:13 ; elapsed = 00:00:29 . Memory (MB): peak = 2103.254 ; gain = 575.188
INFO: [Vivado 12-24828] Executing command : report_drc -file design_1_wrapper_drc_opted.rpt -pb design_1_wrapper_drc_opted.pb -rpx design_1_wrapper_drc_opted.rpx
Command: report_drc -file design_1_wrapper_drc_opted.rpt -pb design_1_wrapper_drc_opted.pb -rpx design_1_wrapper_drc_opted.rpx
INFO: [IP_Flow 19-1839] IP Catalog is up to date.
INFO: [DRC 23-27] Running DRC with 2 threads
INFO: [Vivado_Tcl 2-168] The results of DRC are in file C:/Users/kille/Documents/GitHub/TFM-UPM/Practica/Prueba1_demo_v1.1/Prueba1_demo_v1_1.runs/impl_1/design_1_wrapper_drc_opted.rpt.
report_drc completed successfully
INFO: [Timing 38-35] Done setting XDC timing constraints.
INFO: [Timing 38-480] Writing timing data to binary archive.
Wrote PlaceDB: Time (s): cpu = 00:00:00 ; elapsed = 00:00:00.009 . Memory (MB): peak = 2103.254 ; gain = 0.000
Write ShapeDB Complete: Time (s): cpu = 00:00:00 ; elapsed = 00:00:00.024 . Memory (MB): peak = 2103.254 ; gain = 0.000
Wrote PulsedLatchDB: Time (s): cpu = 00:00:00 ; elapsed = 00:00:00.003 . Memory (MB): peak = 2103.254 ; gain = 0.000
Writing XDEF routing.
Writing XDEF routing logical nets.
Writing XDEF routing special nets.
Wrote RouteStorage: Time (s): cpu = 00:00:00 ; elapsed = 00:00:00.031 . Memory (MB): peak = 2103.254 ; gain = 0.000
Wrote Netlist Cache: Time (s): cpu = 00:00:00 ; elapsed = 00:00:00 . Memory (MB): peak = 2103.254 ; gain = 0.000
Wrote Device Cache: Time (s): cpu = 00:00:00 ; elapsed = 00:00:00.009 . Memory (MB): peak = 2103.254 ; gain = 0.000
Write Physdb Complete: Time (s): cpu = 00:00:00 ; elapsed = 00:00:00.072 . Memory (MB): peak = 2103.254 ; gain = 0.000
INFO: [Common 17-1381] The checkpoint 'C:/Users/kille/Documents/GitHub/TFM-UPM/Practica/Prueba1_demo_v1.1/Prueba1_demo_v1_1.runs/impl_1/design_1_wrapper_opt.dcp' has been generated.
INFO: [Chipscope 16-240] Debug cores have already been implemented
Command: place_design
Attempting to get a license for feature 'Implementation' and/or device 'xc7a100t'
INFO: [Common 17-349] Got license for feature 'Implementation' and/or device 'xc7a100t'
INFO: [Common 17-83] Releasing license: Implementation
INFO: [DRC 23-27] Running DRC with 2 threads
INFO: [Vivado_Tcl 4-198] DRC finished with 0 Errors
INFO: [Vivado_Tcl 4-199] Please refer to the DRC report (report_drc) for more information.
Running DRC as a precondition to command place_design
INFO: [DRC 23-27] Running DRC with 2 threads
INFO: [Vivado_Tcl 4-198] DRC finished with 0 Errors, 13 Warnings
INFO: [Vivado_Tcl 4-199] Please refer to the DRC report (report_drc) for more information.
INFO: [Place 30-611] Multithreading enabled for place_design using a maximum of 2 CPUs

Starting Placer Task

Phase 1 Placer Initialization

Phase 1.1 Placer Initialization Netlist Sorting
Netlist sorting complete. Time (s): cpu = 00:00:00 ; elapsed = 00:00:00.003 . Memory (MB): peak = 2103.254 ; gain = 0.000
Phase 1.1 Placer Initialization Netlist Sorting | Checksum: 1f4b2ab3e

Time (s): cpu = 00:00:00 ; elapsed = 00:00:00.009 . Memory (MB): peak = 2103.254 ; gain = 0.000
Netlist sorting complete. Time (s): cpu = 00:00:00 ; elapsed = 00:00:00.003 . Memory (MB): peak = 2103.254 ; gain = 0.000

Phase 1.2 IO Placement/ Clock Placement/ Build Placer Device
Phase 1.2 IO Placement/ Clock Placement/ Build Placer Device | Checksum: 15f30a162

Time (s): cpu = 00:00:00 ; elapsed = 00:00:00.455 . Memory (MB): peak = 2103.254 ; gain = 0.000

Phase 1.3 Build Placer Netlist Model
Phase 1.3 Build Placer Netlist Model | Checksum: 1e804d6c4

Time (s): cpu = 00:00:02 ; elapsed = 00:00:02 . Memory (MB): peak = 2103.254 ; gain = 0.000

Phase 1.4 Constrain Clocks/Macros
Phase 1.4 Constrain Clocks/Macros | Checksum: 1e804d6c4

Time (s): cpu = 00:00:02 ; elapsed = 00:00:02 . Memory (MB): peak = 2103.254 ; gain = 0.000
Phase 1 Placer Initialization | Checksum: 1e804d6c4

Time (s): cpu = 00:00:02 ; elapsed = 00:00:02 . Memory (MB): peak = 2103.254 ; gain = 0.000

Phase 2 Global Placement

Phase 2.1 Floorplanning
Phase 2.1 Floorplanning | Checksum: 179381b8c

Time (s): cpu = 00:00:02 ; elapsed = 00:00:02 . Memory (MB): peak = 2103.254 ; gain = 0.000

Phase 2.2 Update Timing before SLR Path Opt
Phase 2.2 Update Timing before SLR Path Opt | Checksum: 20aa8ceba

Time (s): cpu = 00:00:03 ; elapsed = 00:00:02 . Memory (MB): peak = 2103.254 ; gain = 0.000

Phase 2.3 Post-Processing in Floorplanning
Phase 2.3 Post-Processing in Floorplanning | Checksum: 1dcc5bee0

Time (s): cpu = 00:00:03 ; elapsed = 00:00:02 . Memory (MB): peak = 2103.254 ; gain = 0.000

Phase 2.4 Global Place Phase1
Phase 2.4 Global Place Phase1 | Checksum: 264a321b2

Time (s): cpu = 00:00:08 ; elapsed = 00:00:05 . Memory (MB): peak = 2103.254 ; gain = 0.000

Phase 2.5 Global Place Phase2

Phase 2.5.1 UpdateTiming Before Physical Synthesis
Phase 2.5.1 UpdateTiming Before Physical Synthesis | Checksum: 1ff41fc91

Time (s): cpu = 00:00:08 ; elapsed = 00:00:06 . Memory (MB): peak = 2103.254 ; gain = 0.000

Phase 2.5.2 Physical Synthesis In Placer
INFO: [Physopt 32-1035] Found 0 LUTNM shape to break, 262 LUT instances to create LUTNM shape
INFO: [Physopt 32-1044] Break lutnm for timing: one critical 0, two critical 0, total 0, new lutff created 0
INFO: [Physopt 32-1138] End 1 Pass. Optimized 116 nets or LUTs. Breaked 0 LUT, combined 116 existing LUTs and moved 0 existing LUT
INFO: [Physopt 32-65] No nets found for high-fanout optimization.
INFO: [Physopt 32-232] Optimized 0 net. Created 0 new instance.
INFO: [Physopt 32-775] End 1 Pass. Optimized 0 net or cell. Created 0 new cell, deleted 0 existing cell and moved 0 existing cell
INFO: [Physopt 32-456] No candidate cells for DSP register optimization found in the design.
INFO: [Physopt 32-775] End 2 Pass. Optimized 0 net or cell. Created 0 new cell, deleted 0 existing cell and moved 0 existing cell
INFO: [Physopt 32-1123] No candidate cells found for Shift Register to Pipeline optimization
INFO: [Physopt 32-775] End 2 Pass. Optimized 0 net or cell. Created 0 new cell, deleted 0 existing cell and moved 0 existing cell
INFO: [Physopt 32-1402] Pass 1: Identified 1 candidate cell for Shift Register optimization.
INFO: [Physopt 32-775] End 1 Pass. Optimized 0 net or cell. Created 0 new cell, deleted 0 existing cell and moved 0 existing cell
Netlist sorting complete. Time (s): cpu = 00:00:00 ; elapsed = 00:00:00.003 . Memory (MB): peak = 2103.254 ; gain = 0.000
INFO: [Physopt 32-526] No candidate cells for BRAM register optimization found in the design
INFO: [Physopt 32-775] End 1 Pass. Optimized 0 net or cell. Created 0 new cell, deleted 0 existing cell and moved 0 existing cell
INFO: [Physopt 32-846] No candidate cells for URAM register optimization found in the design
INFO: [Physopt 32-775] End 1 Pass. Optimized 0 net or cell. Created 0 new cell, deleted 0 existing cell and moved 0 existing cell
INFO: [Physopt 32-846] No candidate cells for URAM register optimization found in the design
INFO: [Physopt 32-775] End 1 Pass. Optimized 0 net or cell. Created 0 new cell, deleted 0 existing cell and moved 0 existing cell
INFO: [Physopt 32-949] No candidate nets found for dynamic/static region interface net replication
INFO: [Physopt 32-775] End 1 Pass. Optimized 0 net or cell. Created 0 new cell, deleted 0 existing cell and moved 0 existing cell
Netlist sorting complete. Time (s): cpu = 00:00:00 ; elapsed = 00:00:00.003 . Memory (MB): peak = 2103.254 ; gain = 0.000

Summary of Physical Synthesis Optimizations
============================================


-----------------------------------------------------------------------------------------------------------------------------------------------------------
|  Optimization                                     |  Added Cells  |  Removed Cells  |  Optimized Cells/Nets  |  Dont Touch  |  Iterations  |  Elapsed   |
-----------------------------------------------------------------------------------------------------------------------------------------------------------
|  LUT Combining                                    |            0  |            116  |                   116  |           0  |           1  |  00:00:00  |
|  Retime                                           |            0  |              0  |                     0  |           0  |           1  |  00:00:00  |
|  Very High Fanout                                 |            0  |              0  |                     0  |           0  |           1  |  00:00:00  |
|  DSP Register                                     |            0  |              0  |                     0  |           0  |           1  |  00:00:00  |
|  Shift Register to Pipeline                       |            0  |              0  |                     0  |           0  |           1  |  00:00:00  |
|  Shift Register                                   |            0  |              0  |                     0  |           0  |           1  |  00:00:00  |
|  BRAM Register                                    |            0  |              0  |                     0  |           0  |           1  |  00:00:00  |
|  URAM Register                                    |            0  |              0  |                     0  |           0  |           1  |  00:00:00  |
|  Dynamic/Static Region Interface Net Replication  |            0  |              0  |                     0  |           0  |           1  |  00:00:00  |
|  Total                                            |            0  |            116  |                   116  |           0  |           9  |  00:00:00  |
-----------------------------------------------------------------------------------------------------------------------------------------------------------


Phase 2.5.2 Physical Synthesis In Placer | Checksum: 2e6bc06a7

Time (s): cpu = 00:00:09 ; elapsed = 00:00:06 . Memory (MB): peak = 2103.254 ; gain = 0.000
Phase 2.5 Global Place Phase2 | Checksum: 2677b3b0d

Time (s): cpu = 00:00:09 ; elapsed = 00:00:07 . Memory (MB): peak = 2103.254 ; gain = 0.000
Phase 2 Global Placement | Checksum: 2677b3b0d

Time (s): cpu = 00:00:09 ; elapsed = 00:00:07 . Memory (MB): peak = 2103.254 ; gain = 0.000

Phase 3 Detail Placement

Phase 3.1 Commit Multi Column Macros
Phase 3.1 Commit Multi Column Macros | Checksum: 2a1d47286

Time (s): cpu = 00:00:10 ; elapsed = 00:00:07 . Memory (MB): peak = 2103.254 ; gain = 0.000

Phase 3.2 Commit Most Macros & LUTRAMs
Phase 3.2 Commit Most Macros & LUTRAMs | Checksum: 2c4077316

Time (s): cpu = 00:00:11 ; elapsed = 00:00:07 . Memory (MB): peak = 2103.254 ; gain = 0.000

Phase 3.3 Area Swap Optimization
Phase 3.3 Area Swap Optimization | Checksum: 26cd241f3

Time (s): cpu = 00:00:11 ; elapsed = 00:00:07 . Memory (MB): peak = 2103.254 ; gain = 0.000

Phase 3.4 Pipeline Register Optimization
Phase 3.4 Pipeline Register Optimization | Checksum: 2212042da

Time (s): cpu = 00:00:11 ; elapsed = 00:00:07 . Memory (MB): peak = 2103.254 ; gain = 0.000

Phase 3.5 Fast Optimization
Phase 3.5 Fast Optimization | Checksum: 1e867fddb

Time (s): cpu = 00:00:12 ; elapsed = 00:00:08 . Memory (MB): peak = 2103.254 ; gain = 0.000

Phase 3.6 Small Shape Detail Placement
Phase 3.6 Small Shape Detail Placement | Checksum: 3141496b6

Time (s): cpu = 00:00:14 ; elapsed = 00:00:10 . Memory (MB): peak = 2103.254 ; gain = 0.000

Phase 3.7 Re-assign LUT pins
Phase 3.7 Re-assign LUT pins | Checksum: 325b1745d

Time (s): cpu = 00:00:14 ; elapsed = 00:00:10 . Memory (MB): peak = 2103.254 ; gain = 0.000

Phase 3.8 Pipeline Register Optimization
Phase 3.8 Pipeline Register Optimization | Checksum: 2e01f9e9e

Time (s): cpu = 00:00:14 ; elapsed = 00:00:10 . Memory (MB): peak = 2103.254 ; gain = 0.000

Phase 3.9 Fast Optimization
Phase 3.9 Fast Optimization | Checksum: 34b694ae5

Time (s): cpu = 00:00:16 ; elapsed = 00:00:12 . Memory (MB): peak = 2103.254 ; gain = 0.000
Phase 3 Detail Placement | Checksum: 34b694ae5

Time (s): cpu = 00:00:16 ; elapsed = 00:00:12 . Memory (MB): peak = 2103.254 ; gain = 0.000

Phase 4 Post Placement Optimization and Clean-Up

Phase 4.1 Post Commit Optimization
INFO: [Timing 38-35] Done setting XDC timing constraints.

Phase 4.1.1 Post Placement Optimization
Post Placement Optimization Initialization | Checksum: 2dd01678b

Phase 4.1.1.1 BUFG Insertion

Starting Physical Synthesis Task

Phase 1 Physical Synthesis Initialization
INFO: [Physopt 32-721] Multithreading enabled for phys_opt_design using a maximum of 2 CPUs
INFO: [Physopt 32-619] Estimated Timing Summary | WNS=-2.662 | TNS=-85.447 |
Phase 1 Physical Synthesis Initialization | Checksum: 1568ecc28

Time (s): cpu = 00:00:00 ; elapsed = 00:00:00.130 . Memory (MB): peak = 2103.254 ; gain = 0.000
INFO: [Place 46-56] BUFG insertion identified 0 candidate nets. Inserted BUFG: 0, Replicated BUFG Driver: 0, Skipped due to Placement/Routing Conflicts: 0, Skipped due to Timing Degradation: 0, Skipped due to netlist editing failed: 0.
Ending Physical Synthesis Task | Checksum: 271ac5c25

Time (s): cpu = 00:00:00 ; elapsed = 00:00:00.170 . Memory (MB): peak = 2103.254 ; gain = 0.000
Phase 4.1.1.1 BUFG Insertion | Checksum: 2dd01678b

Time (s): cpu = 00:00:18 ; elapsed = 00:00:14 . Memory (MB): peak = 2103.254 ; gain = 0.000

Phase 4.1.1.2 Post Placement Timing Optimization
INFO: [Place 30-746] Post Placement Timing Summary WNS=-2.456. For the most accurate timing information please run report_timing.
Phase 4.1.1.2 Post Placement Timing Optimization | Checksum: 27f30c028

Time (s): cpu = 00:00:26 ; elapsed = 00:00:21 . Memory (MB): peak = 2103.254 ; gain = 0.000

Time (s): cpu = 00:00:26 ; elapsed = 00:00:21 . Memory (MB): peak = 2103.254 ; gain = 0.000
Phase 4.1 Post Commit Optimization | Checksum: 27f30c028

Time (s): cpu = 00:00:26 ; elapsed = 00:00:21 . Memory (MB): peak = 2103.254 ; gain = 0.000

Phase 4.2 Post Placement Cleanup
Phase 4.2 Post Placement Cleanup | Checksum: 27f30c028

Time (s): cpu = 00:00:26 ; elapsed = 00:00:21 . Memory (MB): peak = 2103.254 ; gain = 0.000

Phase 4.3 Placer Reporting

Phase 4.3.1 Print Estimated Congestion
INFO: [Place 30-612] Post-Placement Estimated Congestion 
 ____________________________________________________
|           | Global Congestion | Short Congestion  |
| Direction | Region Size       | Region Size       |
|___________|___________________|___________________|
|      North|                1x1|                1x1|
|___________|___________________|___________________|
|      South|                1x1|                2x2|
|___________|___________________|___________________|
|       East|                1x1|                4x4|
|___________|___________________|___________________|
|       West|                1x1|                1x1|
|___________|___________________|___________________|

Phase 4.3.1 Print Estimated Congestion | Checksum: 27f30c028

Time (s): cpu = 00:00:26 ; elapsed = 00:00:21 . Memory (MB): peak = 2103.254 ; gain = 0.000
Phase 4.3 Placer Reporting | Checksum: 27f30c028

Time (s): cpu = 00:00:26 ; elapsed = 00:00:21 . Memory (MB): peak = 2103.254 ; gain = 0.000

Phase 4.4 Final Placement Cleanup
Netlist sorting complete. Time (s): cpu = 00:00:00 ; elapsed = 00:00:00.004 . Memory (MB): peak = 2103.254 ; gain = 0.000

Time (s): cpu = 00:00:26 ; elapsed = 00:00:21 . Memory (MB): peak = 2103.254 ; gain = 0.000
Phase 4 Post Placement Optimization and Clean-Up | Checksum: 1cb6fec59

Time (s): cpu = 00:00:26 ; elapsed = 00:00:21 . Memory (MB): peak = 2103.254 ; gain = 0.000
Ending Placer Task | Checksum: 1a24e67e1

Time (s): cpu = 00:00:26 ; elapsed = 00:00:21 . Memory (MB): peak = 2103.254 ; gain = 0.000
108 Infos, 6 Warnings, 0 Critical Warnings and 0 Errors encountered.
place_design completed successfully
place_design: Time (s): cpu = 00:00:29 ; elapsed = 00:00:22 . Memory (MB): peak = 2103.254 ; gain = 0.000
INFO: [Vivado 12-24838] Running report commands "report_control_sets, report_io, report_utilization" in parallel.
Running report generation with 2 threads.
INFO: [Vivado 12-24828] Executing command : report_io -file design_1_wrapper_io_placed.rpt
report_io: Time (s): cpu = 00:00:01 ; elapsed = 00:00:00.048 . Memory (MB): peak = 2103.254 ; gain = 0.000
INFO: [Vivado 12-24828] Executing command : report_utilization -file design_1_wrapper_utilization_placed.rpt -pb design_1_wrapper_utilization_placed.pb
INFO: [Vivado 12-24828] Executing command : report_control_sets -verbose -file design_1_wrapper_control_sets_placed.rpt
report_control_sets: Time (s): cpu = 00:00:00 ; elapsed = 00:00:00.021 . Memory (MB): peak = 2103.254 ; gain = 0.000
INFO: [Timing 38-480] Writing timing data to binary archive.
Write ShapeDB Complete: Time (s): cpu = 00:00:00 ; elapsed = 00:00:00.016 . Memory (MB): peak = 2103.254 ; gain = 0.000
Wrote PlaceDB: Time (s): cpu = 00:00:01 ; elapsed = 00:00:00.591 . Memory (MB): peak = 2103.254 ; gain = 0.000
Wrote PulsedLatchDB: Time (s): cpu = 00:00:00 ; elapsed = 00:00:00 . Memory (MB): peak = 2103.254 ; gain = 0.000
Writing XDEF routing.
Writing XDEF routing logical nets.
Writing XDEF routing special nets.
Wrote RouteStorage: Time (s): cpu = 00:00:00 ; elapsed = 00:00:00.016 . Memory (MB): peak = 2103.254 ; gain = 0.000
Wrote Netlist Cache: Time (s): cpu = 00:00:00 ; elapsed = 00:00:00.010 . Memory (MB): peak = 2103.254 ; gain = 0.000
Wrote Device Cache: Time (s): cpu = 00:00:00 ; elapsed = 00:00:00.005 . Memory (MB): peak = 2103.254 ; gain = 0.000
Write Physdb Complete: Time (s): cpu = 00:00:01 ; elapsed = 00:00:00.639 . Memory (MB): peak = 2103.254 ; gain = 0.000
INFO: [Common 17-1381] The checkpoint 'C:/Users/kille/Documents/GitHub/TFM-UPM/Practica/Prueba1_demo_v1.1/Prueba1_demo_v1_1.runs/impl_1/design_1_wrapper_placed.dcp' has been generated.
Command: phys_opt_design
Attempting to get a license for feature 'Implementation' and/or device 'xc7a100t'
INFO: [Common 17-349] Got license for feature 'Implementation' and/or device 'xc7a100t'

Starting Initial Update Timing Task

Time (s): cpu = 00:00:01 ; elapsed = 00:00:00.578 . Memory (MB): peak = 2103.254 ; gain = 0.000
INFO: [Vivado_Tcl 4-1435] PhysOpt_Tcl_Interface Runtime Before Starting Physical Synthesis Task | CPU: 2.00s |  WALL: 0.61s
Netlist sorting complete. Time (s): cpu = 00:00:00 ; elapsed = 00:00:00.004 . Memory (MB): peak = 2103.254 ; gain = 0.000

Starting Physical Synthesis Task

Phase 1 Physical Synthesis Initialization
INFO: [Physopt 32-721] Multithreading enabled for phys_opt_design using a maximum of 2 CPUs
INFO: [Physopt 32-619] Estimated Timing Summary | WNS=-2.456 | TNS=-79.116 |
Phase 1 Physical Synthesis Initialization | Checksum: 19a072ab0

Time (s): cpu = 00:00:01 ; elapsed = 00:00:00.500 . Memory (MB): peak = 2103.254 ; gain = 0.000
INFO: [Physopt 32-619] Estimated Timing Summary | WNS=-2.456 | TNS=-79.116 |

Phase 2 DSP Register Optimization
INFO: [Physopt 32-456] No candidate cells for DSP register optimization found in the design.
INFO: [Physopt 32-775] End 2 Pass. Optimized 0 net or cell. Created 0 new cell, deleted 0 existing cell and moved 0 existing cell
Phase 2 DSP Register Optimization | Checksum: 19a072ab0

Time (s): cpu = 00:00:01 ; elapsed = 00:00:00.557 . Memory (MB): peak = 2103.254 ; gain = 0.000

Phase 3 Critical Path Optimization
INFO: [Physopt 32-619] Estimated Timing Summary | WNS=-2.456 | TNS=-79.116 |
INFO: [Physopt 32-663] Processed net design_1_i/top_system_0/U0/inst_audio_player/sample_reg_reg[15]_0[6].  Re-placed instance design_1_i/top_system_0/U0/inst_audio_player/sample_reg_reg[6]
INFO: [Physopt 32-735] Processed net design_1_i/top_system_0/U0/inst_audio_player/sample_reg_reg[15]_0[6]. Optimization improves timing on the net.
INFO: [Physopt 32-619] Estimated Timing Summary | WNS=-2.456 | TNS=-79.415 |
INFO: [Physopt 32-663] Processed net design_1_i/top_system_0/U0/inst_audio_player/sample_reg_reg[15]_0[7].  Re-placed instance design_1_i/top_system_0/U0/inst_audio_player/sample_reg_reg[7]
INFO: [Physopt 32-735] Processed net design_1_i/top_system_0/U0/inst_audio_player/sample_reg_reg[15]_0[7]. Optimization improves timing on the net.
INFO: [Physopt 32-619] Estimated Timing Summary | WNS=-2.420 | TNS=-79.389 |
INFO: [Physopt 32-702] Processed net design_1_i/top_system_0/U0/inst_audio_player/sample_reg_reg[15]_0[7]. Optimizations did not improve timing on the net.
INFO: [Physopt 32-702] Processed net design_1_i/clk_wiz_0/inst/clk_out1_design_1_clk_wiz_0_0. Optimizations did not improve timing on the net.
INFO: [Physopt 32-81] Processed net design_1_i/top_system_0/U0/inst_audio_player/sample_reg[0]. Replicated 1 times.
INFO: [Physopt 32-735] Processed net design_1_i/top_system_0/U0/inst_audio_player/sample_reg[0]. Optimization improves timing on the net.
INFO: [Physopt 32-619] Estimated Timing Summary | WNS=-2.286 | TNS=-79.235 |
INFO: [Physopt 32-702] Processed net design_1_i/top_system_0/U0/inst_audio_player/sample_reg_reg[15]_0[0]. Optimizations did not improve timing on the net.
INFO: [Physopt 32-702] Processed net design_1_i/top_system_0/U0/inst_audio_player/sample_reg[0]. Optimizations did not improve timing on the net.
INFO: [Physopt 32-81] Processed net design_1_i/top_system_0/U0/inst_i2s_tx/ws_int_reg_0. Replicated 1 times.
INFO: [Physopt 32-735] Processed net design_1_i/top_system_0/U0/inst_i2s_tx/ws_int_reg_0. Optimization improves timing on the net.
INFO: [Physopt 32-619] Estimated Timing Summary | WNS=-2.278 | TNS=-79.099 |
INFO: [Physopt 32-702] Processed net design_1_i/top_system_0/U0/inst_i2s_tx/ws_int_reg_0_repN. Optimizations did not improve timing on the net.
INFO: [Physopt 32-663] Processed net design_1_i/top_system_0/U0/inst_i2s_tx/r_tx_shift_reg_n_0_[14].  Re-placed instance design_1_i/top_system_0/U0/inst_i2s_tx/r_tx_shift_reg[14]
INFO: [Physopt 32-735] Processed net design_1_i/top_system_0/U0/inst_i2s_tx/r_tx_shift_reg_n_0_[14]. Optimization improves timing on the net.
INFO: [Physopt 32-619] Estimated Timing Summary | WNS=-2.278 | TNS=-79.056 |
INFO: [Physopt 32-663] Processed net design_1_i/top_system_0/U0/inst_i2s_tx/l_tx_shift_reg_n_0_[15].  Re-placed instance design_1_i/top_system_0/U0/inst_i2s_tx/l_tx_shift_reg[15]
INFO: [Physopt 32-735] Processed net design_1_i/top_system_0/U0/inst_i2s_tx/l_tx_shift_reg_n_0_[15]. Optimization improves timing on the net.
INFO: [Physopt 32-619] Estimated Timing Summary | WNS=-2.278 | TNS=-78.852 |
INFO: [Physopt 32-663] Processed net design_1_i/top_system_0/U0/inst_i2s_tx/r_tx_shift_reg_n_0_[15].  Re-placed instance design_1_i/top_system_0/U0/inst_i2s_tx/r_tx_shift_reg[15]
INFO: [Physopt 32-735] Processed net design_1_i/top_system_0/U0/inst_i2s_tx/r_tx_shift_reg_n_0_[15]. Optimization improves timing on the net.
INFO: [Physopt 32-619] Estimated Timing Summary | WNS=-2.278 | TNS=-78.686 |
INFO: [Physopt 32-663] Processed net design_1_i/top_system_0/U0/inst_i2s_tx/r_tx_shift_reg_n_0_[14].  Re-placed instance design_1_i/top_system_0/U0/inst_i2s_tx/r_tx_shift_reg[14]
INFO: [Physopt 32-735] Processed net design_1_i/top_system_0/U0/inst_i2s_tx/r_tx_shift_reg_n_0_[14]. Optimization improves timing on the net.
INFO: [Physopt 32-619] Estimated Timing Summary | WNS=-2.278 | TNS=-78.679 |
INFO: [Physopt 32-663] Processed net design_1_i/top_system_0/U0/inst_i2s_tx/l_tx_shift_reg_n_0_[14].  Re-placed instance design_1_i/top_system_0/U0/inst_i2s_tx/l_tx_shift_reg[14]
INFO: [Physopt 32-735] Processed net design_1_i/top_system_0/U0/inst_i2s_tx/l_tx_shift_reg_n_0_[14]. Optimization improves timing on the net.
INFO: [Physopt 32-619] Estimated Timing Summary | WNS=-2.278 | TNS=-78.635 |
INFO: [Physopt 32-663] Processed net design_1_i/top_system_0/U0/inst_i2s_tx/l_tx_shift_reg_n_0_[19].  Re-placed instance design_1_i/top_system_0/U0/inst_i2s_tx/l_tx_shift_reg[19]
INFO: [Physopt 32-735] Processed net design_1_i/top_system_0/U0/inst_i2s_tx/l_tx_shift_reg_n_0_[19]. Optimization improves timing on the net.
INFO: [Physopt 32-619] Estimated Timing Summary | WNS=-2.278 | TNS=-78.596 |
INFO: [Physopt 32-663] Processed net design_1_i/top_system_0/U0/inst_i2s_tx/l_tx_shift_reg_n_0_[13].  Re-placed instance design_1_i/top_system_0/U0/inst_i2s_tx/l_tx_shift_reg[13]
INFO: [Physopt 32-735] Processed net design_1_i/top_system_0/U0/inst_i2s_tx/l_tx_shift_reg_n_0_[13]. Optimization improves timing on the net.
INFO: [Physopt 32-619] Estimated Timing Summary | WNS=-2.278 | TNS=-78.562 |
INFO: [Physopt 32-702] Processed net design_1_i/top_system_0/U0/inst_i2s_tx/r_tx_shift_reg_n_0_[14]. Optimizations did not improve timing on the net.
INFO: [Physopt 32-702] Processed net design_1_i/clk_wiz_0/inst/clk_out2_design_1_clk_wiz_0_0. Optimizations did not improve timing on the net.
INFO: [Physopt 32-702] Processed net design_1_i/top_system_0/U0/inst_audio_player/sample_reg_reg[15]_0[6]. Optimizations did not improve timing on the net.
INFO: [Physopt 32-702] Processed net design_1_i/top_system_0/U0/inst_audio_player/sample_reg_reg[15]_0[0]. Optimizations did not improve timing on the net.
INFO: [Physopt 32-702] Processed net design_1_i/clk_wiz_0/inst/clk_out1_design_1_clk_wiz_0_0. Optimizations did not improve timing on the net.
INFO: [Physopt 32-702] Processed net design_1_i/top_system_0/U0/inst_audio_player/sample_reg[0]. Optimizations did not improve timing on the net.
INFO: [Physopt 32-702] Processed net design_1_i/top_system_0/U0/inst_i2s_tx/ws_int_reg_0_repN. Optimizations did not improve timing on the net.
INFO: [Physopt 32-702] Processed net design_1_i/top_system_0/U0/inst_i2s_tx/r_tx_shift_reg_n_0_[14]. Optimizations did not improve timing on the net.
INFO: [Physopt 32-702] Processed net design_1_i/clk_wiz_0/inst/clk_out2_design_1_clk_wiz_0_0. Optimizations did not improve timing on the net.
INFO: [Physopt 32-702] Processed net design_1_i/top_system_0/U0/inst_audio_player/sample_reg_reg[15]_0[6]. Optimizations did not improve timing on the net.
INFO: [Physopt 32-619] Estimated Timing Summary | WNS=-2.278 | TNS=-78.562 |
Netlist sorting complete. Time (s): cpu = 00:00:00 ; elapsed = 00:00:00.005 . Memory (MB): peak = 2103.254 ; gain = 0.000
Phase 3 Critical Path Optimization | Checksum: 19a072ab0

Time (s): cpu = 00:00:03 ; elapsed = 00:00:02 . Memory (MB): peak = 2103.254 ; gain = 0.000

Phase 4 Critical Path Optimization
INFO: [Physopt 32-619] Estimated Timing Summary | WNS=-2.278 | TNS=-78.562 |
INFO: [Physopt 32-702] Processed net design_1_i/top_system_0/U0/inst_audio_player/sample_reg_reg[15]_0[0]. Optimizations did not improve timing on the net.
INFO: [Physopt 32-702] Processed net design_1_i/clk_wiz_0/inst/clk_out1_design_1_clk_wiz_0_0. Optimizations did not improve timing on the net.
INFO: [Physopt 32-702] Processed net design_1_i/top_system_0/U0/inst_audio_player/sample_reg[0]. Optimizations did not improve timing on the net.
INFO: [Physopt 32-702] Processed net design_1_i/top_system_0/U0/inst_i2s_tx/ws_int_reg_0_repN. Optimizations did not improve timing on the net.
INFO: [Physopt 32-702] Processed net design_1_i/top_system_0/U0/inst_i2s_tx/r_tx_shift_reg_n_0_[14]. Optimizations did not improve timing on the net.
INFO: [Physopt 32-702] Processed net design_1_i/clk_wiz_0/inst/clk_out2_design_1_clk_wiz_0_0. Optimizations did not improve timing on the net.
INFO: [Physopt 32-702] Processed net design_1_i/top_system_0/U0/inst_audio_player/sample_reg_reg[15]_0[6]. Optimizations did not improve timing on the net.
INFO: [Physopt 32-702] Processed net design_1_i/top_system_0/U0/inst_audio_player/sample_reg_reg[15]_0[0]. Optimizations did not improve timing on the net.
INFO: [Physopt 32-702] Processed net design_1_i/clk_wiz_0/inst/clk_out1_design_1_clk_wiz_0_0. Optimizations did not improve timing on the net.
INFO: [Physopt 32-702] Processed net design_1_i/top_system_0/U0/inst_audio_player/sample_reg[0]. Optimizations did not improve timing on the net.
INFO: [Physopt 32-702] Processed net design_1_i/top_system_0/U0/inst_i2s_tx/ws_int_reg_0_repN. Optimizations did not improve timing on the net.
INFO: [Physopt 32-702] Processed net design_1_i/top_system_0/U0/inst_i2s_tx/r_tx_shift_reg_n_0_[14]. Optimizations did not improve timing on the net.
INFO: [Physopt 32-702] Processed net design_1_i/clk_wiz_0/inst/clk_out2_design_1_clk_wiz_0_0. Optimizations did not improve timing on the net.
INFO: [Physopt 32-702] Processed net design_1_i/top_system_0/U0/inst_audio_player/sample_reg_reg[15]_0[6]. Optimizations did not improve timing on the net.
INFO: [Physopt 32-619] Estimated Timing Summary | WNS=-2.278 | TNS=-78.562 |
Netlist sorting complete. Time (s): cpu = 00:00:00 ; elapsed = 00:00:00.004 . Memory (MB): peak = 2103.254 ; gain = 0.000
Phase 4 Critical Path Optimization | Checksum: 19a072ab0

Time (s): cpu = 00:00:04 ; elapsed = 00:00:02 . Memory (MB): peak = 2103.254 ; gain = 0.000
Netlist sorting complete. Time (s): cpu = 00:00:00 ; elapsed = 00:00:00.003 . Memory (MB): peak = 2103.254 ; gain = 0.000
INFO: [Physopt 32-603] Post Physical Optimization Timing Summary | WNS=-2.278 | TNS=-78.562 |

Summary of Physical Synthesis Optimizations
============================================


-------------------------------------------------------------------------------------------------------------------------------------------------------------
|  Optimization   |  WNS Gain (ns)  |  TNS Gain (ns)  |  Added Cells  |  Removed Cells  |  Optimized Cells/Nets  |  Dont Touch  |  Iterations  |  Elapsed   |
-------------------------------------------------------------------------------------------------------------------------------------------------------------
|  DSP Register   |          0.000  |          0.000  |            0  |              0  |                     0  |           0  |           1  |  00:00:00  |
|  Critical Path  |          0.178  |          0.554  |            2  |              0  |                    11  |           0  |           2  |  00:00:02  |
|  Total          |          0.178  |          0.554  |            2  |              0  |                    11  |           0  |           3  |  00:00:02  |
-------------------------------------------------------------------------------------------------------------------------------------------------------------


Netlist sorting complete. Time (s): cpu = 00:00:00 ; elapsed = 00:00:00.003 . Memory (MB): peak = 2103.254 ; gain = 0.000
Ending Physical Synthesis Task | Checksum: 240046f4d

Time (s): cpu = 00:00:04 ; elapsed = 00:00:02 . Memory (MB): peak = 2103.254 ; gain = 0.000
INFO: [Common 17-83] Releasing license: Implementation
189 Infos, 6 Warnings, 0 Critical Warnings and 0 Errors encountered.
phys_opt_design completed successfully
INFO: [Timing 38-480] Writing timing data to binary archive.
Write ShapeDB Complete: Time (s): cpu = 00:00:00 ; elapsed = 00:00:00.037 . Memory (MB): peak = 2103.969 ; gain = 0.715
Wrote PlaceDB: Time (s): cpu = 00:00:02 ; elapsed = 00:00:00.554 . Memory (MB): peak = 2103.969 ; gain = 0.715
Wrote PulsedLatchDB: Time (s): cpu = 00:00:00 ; elapsed = 00:00:00 . Memory (MB): peak = 2103.969 ; gain = 0.000
Writing XDEF routing.
Writing XDEF routing logical nets.
Writing XDEF routing special nets.
Wrote RouteStorage: Time (s): cpu = 00:00:00 ; elapsed = 00:00:00.017 . Memory (MB): peak = 2103.969 ; gain = 0.000
Wrote Netlist Cache: Time (s): cpu = 00:00:00 ; elapsed = 00:00:00.009 . Memory (MB): peak = 2103.969 ; gain = 0.000
Wrote Device Cache: Time (s): cpu = 00:00:00 ; elapsed = 00:00:00.004 . Memory (MB): peak = 2103.969 ; gain = 0.000
Write Physdb Complete: Time (s): cpu = 00:00:02 ; elapsed = 00:00:00.590 . Memory (MB): peak = 2103.969 ; gain = 0.715
INFO: [Common 17-1381] The checkpoint 'C:/Users/kille/Documents/GitHub/TFM-UPM/Practica/Prueba1_demo_v1.1/Prueba1_demo_v1_1.runs/impl_1/design_1_wrapper_physopt.dcp' has been generated.
Command: route_design
Attempting to get a license for feature 'Implementation' and/or device 'xc7a100t'
INFO: [Common 17-349] Got license for feature 'Implementation' and/or device 'xc7a100t'
INFO: [DRC 23-27] Running DRC with 2 threads
INFO: [Vivado_Tcl 4-198] DRC finished with 0 Errors
INFO: [Vivado_Tcl 4-199] Please refer to the DRC report (report_drc) for more information.


Starting Routing Task
INFO: [Route 35-254] Multithreading enabled for route_design using a maximum of 2 CPUs

Phase 1 Build RT Design
Checksum: PlaceDB: bacafdfa ConstDB: 0 ShapeSum: 609cf605 RouteDB: b1d25f96
Post Restoration Checksum: NetGraph: 763a831f | NumContArr: f277d30 | Constraints: c2a8fa9d | Timing: c2a8fa9d
Phase 1 Build RT Design | Checksum: 20ab3f589

Time (s): cpu = 00:00:26 ; elapsed = 00:00:24 . Memory (MB): peak = 2190.074 ; gain = 86.105

Phase 2 Router Initialization

Phase 2.1 Fix Topology Constraints
Phase 2.1 Fix Topology Constraints | Checksum: 20ab3f589

Time (s): cpu = 00:00:26 ; elapsed = 00:00:24 . Memory (MB): peak = 2190.074 ; gain = 86.105

Phase 2.2 Pre Route Cleanup
Phase 2.2 Pre Route Cleanup | Checksum: 20ab3f589

Time (s): cpu = 00:00:26 ; elapsed = 00:00:24 . Memory (MB): peak = 2190.074 ; gain = 86.105
 Number of Nodes with overlaps = 0

Phase 2.3 Update Timing
Phase 2.3 Update Timing | Checksum: 271b9dde8

Time (s): cpu = 00:00:28 ; elapsed = 00:00:25 . Memory (MB): peak = 2229.203 ; gain = 125.234
INFO: [Route 35-416] Intermediate Timing Summary | WNS=-2.209 | TNS=-76.792| WHS=-1.442 | THS=-154.809|


Phase 2.4 Update Timing for Bus Skew

Phase 2.4.1 Update Timing
Phase 2.4.1 Update Timing | Checksum: 1e8370bf2

Time (s): cpu = 00:00:30 ; elapsed = 00:00:26 . Memory (MB): peak = 2235.184 ; gain = 131.215
INFO: [Route 35-416] Intermediate Timing Summary | WNS=-2.209 | TNS=-78.197| WHS=-3.374 | THS=-16.924|

Phase 2.4 Update Timing for Bus Skew | Checksum: 2c161711f

Time (s): cpu = 00:00:30 ; elapsed = 00:00:26 . Memory (MB): peak = 2239.352 ; gain = 135.383

Phase 2.5 Soft Constraint Pins - Fast Budgeting
Phase 2.5 Soft Constraint Pins - Fast Budgeting | Checksum: 2c161711f

Time (s): cpu = 00:00:30 ; elapsed = 00:00:26 . Memory (MB): peak = 2273.262 ; gain = 169.293

Router Utilization Summary
  Global Vertical Routing Utilization    = 0 %
  Global Horizontal Routing Utilization  = 0 %
  Routable Net Status*
  *Does not include unroutable nets such as driverless and loadless.
  Run report_route_status for detailed report.
  Number of Failed Nets               = 8044
    (Failed Nets is the sum of unrouted and partially routed nets)
  Number of Unrouted Nets             = 8044
  Number of Partially Routed Nets     = 0
  Number of Node Overlaps             = 0

Phase 2 Router Initialization | Checksum: 2cac4f662

Time (s): cpu = 00:00:30 ; elapsed = 00:00:27 . Memory (MB): peak = 2273.262 ; gain = 169.293

Phase 3 Global Routing
Phase 3 Global Routing | Checksum: 2cac4f662

Time (s): cpu = 00:00:30 ; elapsed = 00:00:27 . Memory (MB): peak = 2273.262 ; gain = 169.293

Phase 4 Initial Routing

Phase 4.1 Initial Net Routing Pass
Phase 4.1 Initial Net Routing Pass | Checksum: 15796bb0f

Time (s): cpu = 00:00:33 ; elapsed = 00:00:28 . Memory (MB): peak = 2280.477 ; gain = 176.508
Phase 4 Initial Routing | Checksum: 15796bb0f

Time (s): cpu = 00:00:33 ; elapsed = 00:00:28 . Memory (MB): peak = 2280.477 ; gain = 176.508
INFO: [Route 35-580] Design has 36 pins with tight setup and hold constraints.

The top 5 pins with tight setup and hold constraints:

+===============================+===============================+======================================================================================================================================================================+
| Launch Setup Clock            | Launch Hold Clock             | Pin                                                                                                                                                                  |
+===============================+===============================+======================================================================================================================================================================+
| clk_out1_design_1_clk_wiz_0_0 | clk_out1_design_1_clk_wiz_0_0 | design_1_i/system_ila_1/U0/ila_lib/U0/ila_core_inst/shifted_data_in_reg[7][3]_srl8/D                                                                                 |
| clk_out1_design_1_clk_wiz_0_0 | clk_out1_design_1_clk_wiz_0_0 | design_1_i/system_ila_1/U0/ila_lib/U0/ila_core_inst/u_trig/U_TM/N_DDR_MODE.G_NMU[3].U_M/allx_typeA_match_detection.ltlib_v1_0_3_allx_typeA_inst/probeDelay1_reg[0]/D |
| clk_out2_design_1_clk_wiz_0_0 | clk_out2_design_1_clk_wiz_0_0 | design_1_i/top_system_0/U0/inst_i2s_tx/r_tx_shift_reg[13]/D                                                                                                          |
| clk_out2_design_1_clk_wiz_0_0 | clk_out2_design_1_clk_wiz_0_0 | design_1_i/top_system_0/U0/inst_i2s_tx/r_tx_shift_reg[9]/D                                                                                                           |
| clk_out2_design_1_clk_wiz_0_0 | clk_out2_design_1_clk_wiz_0_0 | design_1_i/top_system_0/U0/inst_i2s_tx/r_tx_shift_reg[19]/D                                                                                                          |
+-------------------------------+-------------------------------+----------------------------------------------------------------------------------------------------------------------------------------------------------------------+

File with complete list of pins: tight_setup_hold_pins.txt


Phase 5 Rip-up And Reroute

Phase 5.1 Global Iteration 0
 Number of Nodes with overlaps = 577
 Number of Nodes with overlaps = 13
 Number of Nodes with overlaps = 0
INFO: [Route 35-416] Intermediate Timing Summary | WNS=-2.600 | TNS=-120.352| WHS=N/A    | THS=N/A    |

Phase 5.1 Global Iteration 0 | Checksum: 2b76b000a

Time (s): cpu = 00:00:59 ; elapsed = 00:00:50 . Memory (MB): peak = 2623.500 ; gain = 519.531

Phase 5.2 Global Iteration 1
 Number of Nodes with overlaps = 3
 Number of Nodes with overlaps = 0
INFO: [Route 35-416] Intermediate Timing Summary | WNS=-2.600 | TNS=-120.606| WHS=N/A    | THS=N/A    |

Phase 5.2 Global Iteration 1 | Checksum: 282eb91d4

Time (s): cpu = 00:01:04 ; elapsed = 00:00:54 . Memory (MB): peak = 2623.500 ; gain = 519.531
Phase 5 Rip-up And Reroute | Checksum: 282eb91d4

Time (s): cpu = 00:01:04 ; elapsed = 00:00:54 . Memory (MB): peak = 2623.500 ; gain = 519.531

Phase 6 Delay and Skew Optimization

Phase 6.1 Delay CleanUp

Phase 6.1.1 Update Timing
Phase 6.1.1 Update Timing | Checksum: 243c7103d

Time (s): cpu = 00:01:04 ; elapsed = 00:00:55 . Memory (MB): peak = 2623.500 ; gain = 519.531
INFO: [Route 35-416] Intermediate Timing Summary | WNS=-2.600 | TNS=-120.606| WHS=N/A    | THS=N/A    |

 Number of Nodes with overlaps = 0
Phase 6.1 Delay CleanUp | Checksum: 2d76368a0

Time (s): cpu = 00:01:04 ; elapsed = 00:00:55 . Memory (MB): peak = 2623.500 ; gain = 519.531

Phase 6.2 Clock Skew Optimization
Phase 6.2 Clock Skew Optimization | Checksum: 2d76368a0

Time (s): cpu = 00:01:04 ; elapsed = 00:00:55 . Memory (MB): peak = 2623.500 ; gain = 519.531
Phase 6 Delay and Skew Optimization | Checksum: 2d76368a0

Time (s): cpu = 00:01:04 ; elapsed = 00:00:55 . Memory (MB): peak = 2623.500 ; gain = 519.531

Phase 7 Post Hold Fix

Phase 7.1 Hold Fix Iter
INFO: [Route 35-416] Intermediate Timing Summary | WNS=-2.600 | TNS=-121.399| WHS=-0.489 | THS=-0.698 |

Phase 7.1 Hold Fix Iter | Checksum: 1d060a1e6

Time (s): cpu = 00:01:05 ; elapsed = 00:00:55 . Memory (MB): peak = 2623.500 ; gain = 519.531

Phase 7.2 Non Free Resource Hold Fix Iter
Phase 7.2 Non Free Resource Hold Fix Iter | Checksum: 28cf450fe

Time (s): cpu = 00:01:05 ; elapsed = 00:00:55 . Memory (MB): peak = 2623.500 ; gain = 519.531
WARNING: [Route 35-468] The router encountered 42 pins that are both setup-critical and hold-critical and tried to fix hold violations at the expense of setup slack. Such pins are:
	design_1_i/system_ila_1/U0/ila_lib/U0/ila_core_inst/shifted_data_in_reg[7][3]_srl8/D
	design_1_i/system_ila_1/U0/ila_lib/U0/ila_core_inst/u_trig/U_TM/N_DDR_MODE.G_NMU[3].U_M_i_1/I2
	design_1_i/top_system_0/U0/inst_i2s_tx/l_tx_shift_reg[15]/D
	design_1_i/top_system_0/U0/inst_i2s_tx/r_tx_shift_reg[15]/D
	design_1_i/top_system_0/U0/inst_i2s_tx/l_tx_shift_reg[22]/D
	design_1_i/top_system_0/U0/inst_i2s_tx/r_tx_shift_reg[22]/D
	design_1_i/top_system_0/U0/inst_i2s_tx/l_tx_shift_reg[23]/D
	design_1_i/top_system_0/U0/inst_i2s_tx/r_tx_shift_reg[23]/D
	design_1_i/top_system_0/U0/inst_audio_player/sample_reg_reg[7]/CE
	design_1_i/top_system_0/U0/inst_audio_player/lrclk_prev_reg/D
	.. and 32 more pins.

Phase 7 Post Hold Fix | Checksum: 28cf450fe

Time (s): cpu = 00:01:05 ; elapsed = 00:00:55 . Memory (MB): peak = 2623.500 ; gain = 519.531

Phase 8 Route finalize

Router Utilization Summary
  Global Vertical Routing Utilization    = 1.08165 %
  Global Horizontal Routing Utilization  = 1.33752 %
  Routable Net Status*
  *Does not include unroutable nets such as driverless and loadless.
  Run report_route_status for detailed report.
  Number of Failed Nets               = 0
    (Failed Nets is the sum of unrouted and partially routed nets)
  Number of Unrouted Nets             = 0
  Number of Partially Routed Nets     = 0
  Number of Node Overlaps             = 0


--GLOBAL Congestion:
Utilization threshold used for congestion level computation: 0.85
Congestion Report
North Dir 1x1 Area, Max Cong = 54.0541%, No Congested Regions.
South Dir 1x1 Area, Max Cong = 37.8378%, No Congested Regions.
East Dir 1x1 Area, Max Cong = 63.2353%, No Congested Regions.
West Dir 1x1 Area, Max Cong = 52.9412%, No Congested Regions.

------------------------------
Reporting congestion hotspots
------------------------------
Direction: North
----------------
Congested clusters found at Level 0
Effective congestion level: 0 Aspect Ratio: 1 Sparse Ratio: 0
Direction: South
----------------
Congested clusters found at Level 0
Effective congestion level: 0 Aspect Ratio: 1 Sparse Ratio: 0
Direction: East
----------------
Congested clusters found at Level 0
Effective congestion level: 0 Aspect Ratio: 1 Sparse Ratio: 0
Direction: West
----------------
Congested clusters found at Level 0
Effective congestion level: 0 Aspect Ratio: 1 Sparse Ratio: 0

Phase 8 Route finalize | Checksum: 28cf450fe

Time (s): cpu = 00:01:05 ; elapsed = 00:00:55 . Memory (MB): peak = 2623.500 ; gain = 519.531

Phase 9 Verifying routed nets

 Verification completed successfully
Phase 9 Verifying routed nets | Checksum: 28cf450fe

Time (s): cpu = 00:01:05 ; elapsed = 00:00:55 . Memory (MB): peak = 2623.500 ; gain = 519.531

Phase 10 Depositing Routes
Phase 10 Depositing Routes | Checksum: 2d0c83d81

Time (s): cpu = 00:01:05 ; elapsed = 00:00:55 . Memory (MB): peak = 2623.500 ; gain = 519.531

Phase 11 Post Process Routing
Phase 11 Post Process Routing | Checksum: 2d0c83d81

Time (s): cpu = 00:01:05 ; elapsed = 00:00:55 . Memory (MB): peak = 2623.500 ; gain = 519.531

Phase 12 Post Router Timing

Phase 12.1 Update Timing
Phase 12.1 Update Timing | Checksum: 2d0c83d81

Time (s): cpu = 00:01:06 ; elapsed = 00:00:56 . Memory (MB): peak = 2623.500 ; gain = 519.531
INFO: [Route 35-57] Estimated Timing Summary | WNS=-2.600 | TNS=-123.031| WHS=0.053  | THS=0.000  |

WARNING: [Route 35-328] Router estimated timing not met.
Resolution: For a complete and accurate timing signoff, report_timing_summary must be run after route_design. Alternatively, route_design can be run with the -timing_summary option to enable a complete timing signoff at the end of route_design.
Phase 12 Post Router Timing | Checksum: 2d0c83d81

Time (s): cpu = 00:01:06 ; elapsed = 00:00:56 . Memory (MB): peak = 2623.500 ; gain = 519.531
Total Elapsed time in route_design: 55.668 secs

Phase 13 Post-Route Event Processing
Phase 13 Post-Route Event Processing | Checksum: 17960211d

Time (s): cpu = 00:01:06 ; elapsed = 00:00:56 . Memory (MB): peak = 2623.500 ; gain = 519.531
INFO: [Route 35-16] Router Completed Successfully
Ending Routing Task | Checksum: 17960211d

Time (s): cpu = 00:01:06 ; elapsed = 00:00:56 . Memory (MB): peak = 2623.500 ; gain = 519.531

Routing Is Done.
INFO: [Common 17-83] Releasing license: Implementation
206 Infos, 8 Warnings, 0 Critical Warnings and 0 Errors encountered.
route_design completed successfully
route_design: Time (s): cpu = 00:01:07 ; elapsed = 00:00:56 . Memory (MB): peak = 2623.500 ; gain = 519.531
INFO: [Vivado 12-24828] Executing command : report_drc -file design_1_wrapper_drc_routed.rpt -pb design_1_wrapper_drc_routed.pb -rpx design_1_wrapper_drc_routed.rpx
Command: report_drc -file design_1_wrapper_drc_routed.rpt -pb design_1_wrapper_drc_routed.pb -rpx design_1_wrapper_drc_routed.rpx
INFO: [IP_Flow 19-1839] IP Catalog is up to date.
INFO: [DRC 23-27] Running DRC with 2 threads
INFO: [Vivado_Tcl 2-168] The results of DRC are in file C:/Users/kille/Documents/GitHub/TFM-UPM/Practica/Prueba1_demo_v1.1/Prueba1_demo_v1_1.runs/impl_1/design_1_wrapper_drc_routed.rpt.
report_drc completed successfully
INFO: [Vivado 12-24828] Executing command : report_methodology -file design_1_wrapper_methodology_drc_routed.rpt -pb design_1_wrapper_methodology_drc_routed.pb -rpx design_1_wrapper_methodology_drc_routed.rpx
Command: report_methodology -file design_1_wrapper_methodology_drc_routed.rpt -pb design_1_wrapper_methodology_drc_routed.pb -rpx design_1_wrapper_methodology_drc_routed.rpx
INFO: [Timing 38-35] Done setting XDC timing constraints.
INFO: [DRC 23-133] Running Methodology with 2 threads
INFO: [Vivado_Tcl 2-1520] The results of Report Methodology are in file C:/Users/kille/Documents/GitHub/TFM-UPM/Practica/Prueba1_demo_v1.1/Prueba1_demo_v1_1.runs/impl_1/design_1_wrapper_methodology_drc_routed.rpt.
report_methodology completed successfully
INFO: [Vivado 12-24828] Executing command : report_timing_summary -max_paths 10 -routable_nets -report_unconstrained -file design_1_wrapper_timing_summary_routed.rpt -pb design_1_wrapper_timing_summary_routed.pb -rpx design_1_wrapper_timing_summary_routed.rpx -warn_on_violation 
INFO: [Timing 38-35] Done setting XDC timing constraints.
INFO: [Timing 38-91] UpdateTimingParams: Speed grade: -1, Delay Type: min_max.
INFO: [Timing 38-191] Multithreading enabled for timing update using a maximum of 2 CPUs
CRITICAL WARNING: [Timing 38-282] The design failed to meet the timing requirements. Please see the timing summary report for details on the timing violations.
WARNING: [Timing 38-436] There are set_bus_skew constraint(s) in this design. Please run report_bus_skew to ensure that bus skew requirements are met.
INFO: [Vivado 12-24838] Running report commands "report_incremental_reuse, report_route_status" in parallel.
Running report generation with 2 threads.
INFO: [Vivado 12-24828] Executing command : report_incremental_reuse -file design_1_wrapper_incremental_reuse_routed.rpt
INFO: [Vivado_Tcl 4-1062] Incremental flow is disabled. No incremental reuse Info to report.
INFO: [Vivado 12-24828] Executing command : report_route_status -file design_1_wrapper_route_status.rpt -pb design_1_wrapper_route_status.pb
INFO: [Vivado 12-24828] Executing command : report_power -file design_1_wrapper_power_routed.rpt -pb design_1_wrapper_power_summary_routed.pb -rpx design_1_wrapper_power_routed.rpx
Command: report_power -file design_1_wrapper_power_routed.rpt -pb design_1_wrapper_power_summary_routed.pb -rpx design_1_wrapper_power_routed.rpx
Running Vector-less Activity Propagation...

Finished Running Vector-less Activity Propagation
WARNING: [Power 33-332] Found switching activity that implies high-fanout reset nets being asserted for excessive periods of time which may result in inaccurate power analysis.
Resolution: To review and fix problems, please run Power Constraints Advisor in the GUI from Tools > Power Constraints Advisor or run report_power with the -advisory option to generate a text report.
223 Infos, 10 Warnings, 1 Critical Warnings and 0 Errors encountered.
report_power completed successfully
INFO: [Vivado 12-24828] Executing command : report_clock_utilization -file design_1_wrapper_clock_utilization_routed.rpt
INFO: [Vivado 12-24828] Executing command : report_bus_skew -warn_on_violation -file design_1_wrapper_bus_skew_routed.rpt -pb design_1_wrapper_bus_skew_routed.pb -rpx design_1_wrapper_bus_skew_routed.rpx
INFO: [Timing 38-91] UpdateTimingParams: Speed grade: -1, Delay Type: min_max.
INFO: [Timing 38-191] Multithreading enabled for timing update using a maximum of 2 CPUs
generate_parallel_reports: Time (s): cpu = 00:00:16 ; elapsed = 00:00:09 . Memory (MB): peak = 2623.500 ; gain = 0.000
INFO: [Timing 38-480] Writing timing data to binary archive.
Write ShapeDB Complete: Time (s): cpu = 00:00:00 ; elapsed = 00:00:00.053 . Memory (MB): peak = 2623.500 ; gain = 0.000
Wrote PlaceDB: Time (s): cpu = 00:00:01 ; elapsed = 00:00:00.497 . Memory (MB): peak = 2623.500 ; gain = 0.000
Wrote PulsedLatchDB: Time (s): cpu = 00:00:00 ; elapsed = 00:00:00 . Memory (MB): peak = 2623.500 ; gain = 0.000
Writing XDEF routing.
Writing XDEF routing logical nets.
Writing XDEF routing special nets.
Wrote RouteStorage: Time (s): cpu = 00:00:00 ; elapsed = 00:00:00.071 . Memory (MB): peak = 2623.500 ; gain = 0.000
Wrote Netlist Cache: Time (s): cpu = 00:00:00 ; elapsed = 00:00:00.009 . Memory (MB): peak = 2623.500 ; gain = 0.000
Wrote Device Cache: Time (s): cpu = 00:00:00 ; elapsed = 00:00:00.005 . Memory (MB): peak = 2623.500 ; gain = 0.000
Write Physdb Complete: Time (s): cpu = 00:00:01 ; elapsed = 00:00:00.591 . Memory (MB): peak = 2623.500 ; gain = 0.000
INFO: [Common 17-1381] The checkpoint 'C:/Users/kille/Documents/GitHub/TFM-UPM/Practica/Prueba1_demo_v1.1/Prueba1_demo_v1_1.runs/impl_1/design_1_wrapper_routed.dcp' has been generated.
Command: write_bitstream -force design_1_wrapper.bit
Attempting to get a license for feature 'Implementation' and/or device 'xc7a100t'
INFO: [Common 17-349] Got license for feature 'Implementation' and/or device 'xc7a100t'
Running DRC as a precondition to command write_bitstream
INFO: [IP_Flow 19-1839] IP Catalog is up to date.
INFO: [DRC 23-27] Running DRC with 2 threads
INFO: [Vivado 12-3199] DRC finished with 0 Errors
INFO: [Vivado 12-3200] Please refer to the DRC report (report_drc) for more information.
INFO: [Designutils 20-2272] Running write_bitstream with 2 threads.
Loading data files...
Loading site data...
Loading route data...
Processing options...
Creating bitmap...
Creating bitstream...
Writing bitstream ./design_1_wrapper.bit...
INFO: [Vivado 12-1842] Bitgen Completed Successfully.
INFO: [Project 1-1876] WebTalk data collection is mandatory when using a ULT device. To see the specific WebTalk data collected for your design, open the usage_statistics_webtalk.html or usage_statistics_webtalk.xml file in the implementation directory.
INFO: [Common 17-83] Releasing license: Implementation
238 Infos, 10 Warnings, 1 Critical Warnings and 0 Errors encountered.
write_bitstream completed successfully
write_bitstream: Time (s): cpu = 00:00:18 ; elapsed = 00:00:13 . Memory (MB): peak = 2826.125 ; gain = 202.625
INFO: [Common 17-206] Exiting Vivado at Mon Aug 31 06:42:25 2026...
