
*** Running vivado
    with args -log design_1_wrapper.vdi -applog -m64 -product Vivado -messageDb vivado.pb -mode batch -source design_1_wrapper.tcl -notrace



****** Vivado v2025.1 (64-bit)
  **** SW Build 6140274 on Thu May 22 00:12:29 MDT 2025
  **** IP Build 6138677 on Thu May 22 03:10:11 MDT 2025
  **** SharedData Build 6139179 on Tue May 20 17:58:58 MDT 2025
  **** Start of session at: Thu Aug  6 16:42:39 2026
    ** Copyright 1986-2022 Xilinx, Inc. All Rights Reserved.
    ** Copyright 2022-2025 Advanced Micro Devices, Inc. All Rights Reserved.

source design_1_wrapper.tcl -notrace
create_project: Time (s): cpu = 00:00:19 ; elapsed = 00:00:13 . Memory (MB): peak = 499.305 ; gain = 214.047
INFO: [IP_Flow 19-234] Refreshing IP repositories
INFO: [IP_Flow 19-1704] No user IP repositories specified
INFO: [IP_Flow 19-2313] Loaded Vivado IP repository 'C:/AMD/2025.1/Vivado/data/ip'.
add_files: Time (s): cpu = 00:00:06 ; elapsed = 00:00:07 . Memory (MB): peak = 567.230 ; gain = 67.926
Command: link_design -top design_1_wrapper -part xc7a100tcsg324-1
Design is defaulting to srcset: sources_1
Design is defaulting to constrset: constrs_1
INFO: [Device 21-403] Loading part xc7a100tcsg324-1
INFO: [Project 1-5699] Read binary netlist with skipMacroContent - 1
INFO: [Project 1-454] Reading design checkpoint 'c:/Users/kille/Documents/GitHub/TFM-UPM/Practica/Prueba1/prueba_v1.0.gen/sources_1/bd/design_1/ip/design_1_blk_mem_gen_0_0/design_1_blk_mem_gen_0_0.dcp' for cell 'design_1_i/blk_mem_gen_0'
INFO: [Project 1-454] Reading design checkpoint 'c:/Users/kille/Documents/GitHub/TFM-UPM/Practica/Prueba1/prueba_v1.0.gen/sources_1/bd/design_1/ip/design_1_clk_wiz_0_0/design_1_clk_wiz_0_0.dcp' for cell 'design_1_i/clk_wiz_0'
INFO: [Project 1-454] Reading design checkpoint 'c:/Users/kille/Documents/GitHub/TFM-UPM/Practica/Prueba1/prueba_v1.0.gen/sources_1/bd/design_1/ip/design_1_system_ila_0_0/design_1_system_ila_0_0.dcp' for cell 'design_1_i/system_ila_0'
INFO: [Project 1-454] Reading design checkpoint 'c:/Users/kille/Documents/GitHub/TFM-UPM/Practica/Prueba1/prueba_v1.0.gen/sources_1/bd/design_1/ip/design_1_system_ila_1_1/design_1_system_ila_1_1.dcp' for cell 'design_1_i/system_ila_1'
INFO: [Project 1-454] Reading design checkpoint 'c:/Users/kille/Documents/GitHub/TFM-UPM/Practica/Prueba1/prueba_v1.0.gen/sources_1/bd/design_1/ip/design_1_top_system_0_1/design_1_top_system_0_1.dcp' for cell 'design_1_i/top_system_0'
Netlist sorting complete. Time (s): cpu = 00:00:00 ; elapsed = 00:00:00.124 . Memory (MB): peak = 814.332 ; gain = 0.000
INFO: [Netlist 29-17] Analyzing 406 Unisim elements for replacement
INFO: [Netlist 29-28] Unisim Transformation completed in 0 CPU seconds
INFO: [Project 1-479] Netlist was created with Vivado 2025.1
INFO: [Project 1-570] Preparing netlist for logic optimization
INFO: [Opt 31-140] Inserted 1 IBUFs to IO ports without IO buffers.
INFO: [Opt 31-141] Inserted 1 OBUFs to IO ports without IO buffers.
WARNING: [Opt 31-35] Removing redundant IBUF, design_1_i/clk_wiz_0/inst/clkin1_ibufg, from the path connected to top-level port: clk_100Mhz_0 
Resolution: The tool has removed redundant IBUF. To resolve this warning, check for redundant IBUF in the input design.
WARNING: [Constraints 18-550] Could not create 'IBUF_LOW_PWR' constraint because net 'design_1_i/clk_wiz_0/clk_in1' is not directly connected to top level port. 'IBUF_LOW_PWR' is ignored for synthesis but preserved for implementation.
INFO: [Chipscope 16-324] Core: design_1_i/system_ila_0/U0/ila_lib UUID: e0698dbb-7e4f-5bce-a82c-fc5d3d48baa4 
INFO: [Chipscope 16-324] Core: design_1_i/system_ila_1/U0/ila_lib UUID: 4e3141b8-482c-544a-b389-9626f2624477 
Parsing XDC File [c:/Users/kille/Documents/GitHub/TFM-UPM/Practica/Prueba1/prueba_v1.0.gen/sources_1/bd/design_1/ip/design_1_system_ila_0_0/bd_0/ip/ip_0/ila_v6_2/constraints/ila_impl.xdc] for cell 'design_1_i/system_ila_0/U0/ila_lib/U0'
WARNING: [Vivado_Tcl 4-921] Waiver ID 'CDC-10' -to list should not be empty. [c:/Users/kille/Documents/GitHub/TFM-UPM/Practica/Prueba1/prueba_v1.0.gen/sources_1/bd/design_1/ip/design_1_system_ila_0_0/bd_0/ip/ip_0/ila_v6_2/constraints/ila_impl.xdc:31]
Finished Parsing XDC File [c:/Users/kille/Documents/GitHub/TFM-UPM/Practica/Prueba1/prueba_v1.0.gen/sources_1/bd/design_1/ip/design_1_system_ila_0_0/bd_0/ip/ip_0/ila_v6_2/constraints/ila_impl.xdc] for cell 'design_1_i/system_ila_0/U0/ila_lib/U0'
Parsing XDC File [c:/Users/kille/Documents/GitHub/TFM-UPM/Practica/Prueba1/prueba_v1.0.gen/sources_1/bd/design_1/ip/design_1_system_ila_0_0/bd_0/ip/ip_0/ila_v6_2/constraints/ila.xdc] for cell 'design_1_i/system_ila_0/U0/ila_lib/U0'
WARNING: [Vivado_Tcl 4-921] Waiver ID 'CDC-10' -to list should not be empty. [c:/Users/kille/Documents/GitHub/TFM-UPM/Practica/Prueba1/prueba_v1.0.gen/sources_1/bd/design_1/ip/design_1_system_ila_0_0/bd_0/ip/ip_0/ila_v6_2/constraints/ila.xdc:108]
Finished Parsing XDC File [c:/Users/kille/Documents/GitHub/TFM-UPM/Practica/Prueba1/prueba_v1.0.gen/sources_1/bd/design_1/ip/design_1_system_ila_0_0/bd_0/ip/ip_0/ila_v6_2/constraints/ila.xdc] for cell 'design_1_i/system_ila_0/U0/ila_lib/U0'
Parsing XDC File [c:/Users/kille/Documents/GitHub/TFM-UPM/Practica/Prueba1/prueba_v1.0.gen/sources_1/bd/design_1/ip/design_1_system_ila_1_1/bd_0/ip/ip_0/ila_v6_2/constraints/ila_impl.xdc] for cell 'design_1_i/system_ila_1/U0/ila_lib/U0'
WARNING: [Vivado_Tcl 4-921] Waiver ID 'CDC-10' -to list should not be empty. [c:/Users/kille/Documents/GitHub/TFM-UPM/Practica/Prueba1/prueba_v1.0.gen/sources_1/bd/design_1/ip/design_1_system_ila_1_1/bd_0/ip/ip_0/ila_v6_2/constraints/ila_impl.xdc:31]
Finished Parsing XDC File [c:/Users/kille/Documents/GitHub/TFM-UPM/Practica/Prueba1/prueba_v1.0.gen/sources_1/bd/design_1/ip/design_1_system_ila_1_1/bd_0/ip/ip_0/ila_v6_2/constraints/ila_impl.xdc] for cell 'design_1_i/system_ila_1/U0/ila_lib/U0'
Parsing XDC File [c:/Users/kille/Documents/GitHub/TFM-UPM/Practica/Prueba1/prueba_v1.0.gen/sources_1/bd/design_1/ip/design_1_system_ila_1_1/bd_0/ip/ip_0/ila_v6_2/constraints/ila.xdc] for cell 'design_1_i/system_ila_1/U0/ila_lib/U0'
WARNING: [Vivado_Tcl 4-921] Waiver ID 'CDC-10' -to list should not be empty. [c:/Users/kille/Documents/GitHub/TFM-UPM/Practica/Prueba1/prueba_v1.0.gen/sources_1/bd/design_1/ip/design_1_system_ila_1_1/bd_0/ip/ip_0/ila_v6_2/constraints/ila.xdc:108]
Finished Parsing XDC File [c:/Users/kille/Documents/GitHub/TFM-UPM/Practica/Prueba1/prueba_v1.0.gen/sources_1/bd/design_1/ip/design_1_system_ila_1_1/bd_0/ip/ip_0/ila_v6_2/constraints/ila.xdc] for cell 'design_1_i/system_ila_1/U0/ila_lib/U0'
Parsing XDC File [c:/Users/kille/Documents/GitHub/TFM-UPM/Practica/Prueba1/prueba_v1.0.gen/sources_1/bd/design_1/ip/design_1_clk_wiz_0_0/design_1_clk_wiz_0_0_board.xdc] for cell 'design_1_i/clk_wiz_0/inst'
Finished Parsing XDC File [c:/Users/kille/Documents/GitHub/TFM-UPM/Practica/Prueba1/prueba_v1.0.gen/sources_1/bd/design_1/ip/design_1_clk_wiz_0_0/design_1_clk_wiz_0_0_board.xdc] for cell 'design_1_i/clk_wiz_0/inst'
Parsing XDC File [c:/Users/kille/Documents/GitHub/TFM-UPM/Practica/Prueba1/prueba_v1.0.gen/sources_1/bd/design_1/ip/design_1_clk_wiz_0_0/design_1_clk_wiz_0_0.xdc] for cell 'design_1_i/clk_wiz_0/inst'
INFO: [Timing 38-35] Done setting XDC timing constraints. [c:/Users/kille/Documents/GitHub/TFM-UPM/Practica/Prueba1/prueba_v1.0.gen/sources_1/bd/design_1/ip/design_1_clk_wiz_0_0/design_1_clk_wiz_0_0.xdc:54]
INFO: [Timing 38-2] Deriving generated clocks [c:/Users/kille/Documents/GitHub/TFM-UPM/Practica/Prueba1/prueba_v1.0.gen/sources_1/bd/design_1/ip/design_1_clk_wiz_0_0/design_1_clk_wiz_0_0.xdc:54]
get_clocks: Time (s): cpu = 00:00:07 ; elapsed = 00:00:08 . Memory (MB): peak = 1539.242 ; gain = 585.691
Finished Parsing XDC File [c:/Users/kille/Documents/GitHub/TFM-UPM/Practica/Prueba1/prueba_v1.0.gen/sources_1/bd/design_1/ip/design_1_clk_wiz_0_0/design_1_clk_wiz_0_0.xdc] for cell 'design_1_i/clk_wiz_0/inst'
Parsing XDC File [C:/Users/kille/Documents/GitHub/TFM-UPM/Practica/Prueba1/prueba_v1.0.srcs/constrs_1/new/Nexys4DDR.xdc]
Finished Parsing XDC File [C:/Users/kille/Documents/GitHub/TFM-UPM/Practica/Prueba1/prueba_v1.0.srcs/constrs_1/new/Nexys4DDR.xdc]
INFO: [Opt 31-138] Pushed 0 inverter(s) to 0 load pin(s).
INFO: [Project 1-1687] 4 scoped IP constraints or related sub-commands were skipped due to synthesis logic optimizations usually triggered by constant connectivity or unconnected output pins. To review the skipped constraints and messages, run the command 'set_param netlist.IPMsgFiltering false' before opening the design.
Netlist sorting complete. Time (s): cpu = 00:00:00 ; elapsed = 00:00:00.007 . Memory (MB): peak = 1539.242 ; gain = 0.000
INFO: [Project 1-111] Unisim Transformation Summary:
  A total of 84 instances were transformed.
  CFGLUT5 => CFGLUT5 (SRL16E, SRLC32E): 84 instances

23 Infos, 6 Warnings, 0 Critical Warnings and 0 Errors encountered.
link_design completed successfully
link_design: Time (s): cpu = 00:00:18 ; elapsed = 00:00:23 . Memory (MB): peak = 1539.242 ; gain = 972.012
Command: opt_design
Attempting to get a license for feature 'Implementation' and/or device 'xc7a100t'
INFO: [Common 17-349] Got license for feature 'Implementation' and/or device 'xc7a100t'
Running DRC as a precondition to command opt_design

Starting DRC Task
INFO: [DRC 23-27] Running DRC with 2 threads
INFO: [Project 1-461] DRC finished with 0 Errors, 1 Warnings
INFO: [Project 1-462] Please refer to the DRC report (report_drc) for more information.

Time (s): cpu = 00:00:04 ; elapsed = 00:00:03 . Memory (MB): peak = 1539.242 ; gain = 0.000

Starting Cache Timing Information Task
INFO: [Timing 38-35] Done setting XDC timing constraints.
Ending Cache Timing Information Task | Checksum: 334908c94

Time (s): cpu = 00:00:00 ; elapsed = 00:00:00.617 . Memory (MB): peak = 1567.648 ; gain = 28.406

Starting Logic Optimization Task

Phase 1 Initialization

Phase 1.1 Core Generation And Design Setup

Phase 1.1.1 Generate And Synthesize Debug Cores
INFO: [Chipscope 16-329] Generating Script for core instance : dbg_hub 
INFO: [IP_Flow 19-3806] Processing IP xilinx.com:ip:xsdbm:3.0 for cell dbg_hub_CV.
INFO: [Chipscope 16-469] Using cached IP synthesis design for IP xilinx.com:ip:xsdbm:3.0, cache-ID = 5e16ae3e4a5037b7.
Done building netlist checker database: Time (s): cpu = 00:00:00 ; elapsed = 00:00:00.008 . Memory (MB): peak = 2013.688 ; gain = 0.000
Netlist sorting complete. Time (s): cpu = 00:00:00 ; elapsed = 00:00:00.049 . Memory (MB): peak = 2013.688 ; gain = 0.000
Phase 1.1.1 Generate And Synthesize Debug Cores | Checksum: 2c870323f

Time (s): cpu = 00:00:03 ; elapsed = 00:00:42 . Memory (MB): peak = 2013.688 ; gain = 22.227
Phase 1.1 Core Generation And Design Setup | Checksum: 2c870323f

Time (s): cpu = 00:00:03 ; elapsed = 00:00:42 . Memory (MB): peak = 2013.688 ; gain = 22.227

Phase 1.2 Setup Constraints And Sort Netlist
Phase 1.2 Setup Constraints And Sort Netlist | Checksum: 2c870323f

Time (s): cpu = 00:00:03 ; elapsed = 00:00:42 . Memory (MB): peak = 2013.688 ; gain = 22.227
Phase 1 Initialization | Checksum: 2c870323f

Time (s): cpu = 00:00:03 ; elapsed = 00:00:42 . Memory (MB): peak = 2013.688 ; gain = 22.227

Phase 2 Timer Update And Timing Data Collection

Phase 2.1 Timer Update
Phase 2.1 Timer Update | Checksum: 2c870323f

Time (s): cpu = 00:00:04 ; elapsed = 00:00:42 . Memory (MB): peak = 2013.688 ; gain = 22.227

Phase 2.2 Timing Data Collection
Phase 2.2 Timing Data Collection | Checksum: 2c870323f

Time (s): cpu = 00:00:04 ; elapsed = 00:00:42 . Memory (MB): peak = 2013.688 ; gain = 22.227
Phase 2 Timer Update And Timing Data Collection | Checksum: 2c870323f

Time (s): cpu = 00:00:04 ; elapsed = 00:00:42 . Memory (MB): peak = 2013.688 ; gain = 22.227

Phase 3 Retarget
INFO: [Opt 31-1851] Number of loadless carry chains removed were: 0
INFO: [Opt 31-1834] Total Chains To Be Transformed Were: 0 AND Number of Transformed insts Created are: 0
INFO: [Opt 31-138] Pushed 2 inverter(s) to 2 load pin(s).
INFO: [Opt 31-49] Retargeted 0 cell(s).
Phase 3 Retarget | Checksum: 2eb5a34a1

Time (s): cpu = 00:00:04 ; elapsed = 00:00:42 . Memory (MB): peak = 2013.688 ; gain = 22.227
Retarget | Checksum: 2eb5a34a1
INFO: [Opt 31-389] Phase Retarget created 23 cells and removed 40 cells
INFO: [Opt 31-1021] In phase Retarget, 85 netlist objects are constrained preventing optimization. Please run opt_design with -debug_log to get more detail. 

Phase 4 Constant propagation
INFO: [Opt 31-138] Pushed 0 inverter(s) to 0 load pin(s).
Phase 4 Constant propagation | Checksum: 2133b2b8c

Time (s): cpu = 00:00:04 ; elapsed = 00:00:43 . Memory (MB): peak = 2013.688 ; gain = 22.227
Constant propagation | Checksum: 2133b2b8c
INFO: [Opt 31-389] Phase Constant propagation created 0 cells and removed 32 cells
INFO: [Opt 31-1021] In phase Constant propagation, 48 netlist objects are constrained preventing optimization. Please run opt_design with -debug_log to get more detail. 

Phase 5 Sweep
INFO: [Constraints 18-11670] Building netlist checker database with flags, 0x8
Done building netlist checker database: Time (s): cpu = 00:00:00 ; elapsed = 00:00:00.007 . Memory (MB): peak = 2013.688 ; gain = 0.000
INFO: [Constraints 18-11670] Building netlist checker database with flags, 0x8
Done building netlist checker database: Time (s): cpu = 00:00:00 ; elapsed = 00:00:00.013 . Memory (MB): peak = 2013.688 ; gain = 0.000
Phase 5 Sweep | Checksum: 22d99262e

Time (s): cpu = 00:00:05 ; elapsed = 00:00:43 . Memory (MB): peak = 2013.688 ; gain = 22.227
Sweep | Checksum: 22d99262e
INFO: [Opt 31-389] Phase Sweep created 0 cells and removed 132 cells
INFO: [Opt 31-1021] In phase Sweep, 1242 netlist objects are constrained preventing optimization. Please run opt_design with -debug_log to get more detail. 

Phase 6 BUFG optimization
INFO: [Opt 31-194] Inserted BUFG clk_100Mhz_0_IBUF_BUFG_inst to drive 3252 load(s) on clock net clk_100Mhz_0_IBUF_BUFG
INFO: [Opt 31-193] Inserted 1 BUFG(s) on clock nets
Phase 6 BUFG optimization | Checksum: 2eaeec5e0

Time (s): cpu = 00:00:05 ; elapsed = 00:00:43 . Memory (MB): peak = 2013.688 ; gain = 22.227
BUFG optimization | Checksum: 2eaeec5e0
INFO: [Opt 31-662] Phase BUFG optimization created 1 cells of which 1 are BUFGs and removed 0 cells.

Phase 7 Shift Register Optimization
INFO: [Opt 31-1064] SRL Remap converted 0 SRLs to 0 registers and converted 0 registers of register chains to 0 SRLs
Phase 7 Shift Register Optimization | Checksum: 2eaeec5e0

Time (s): cpu = 00:00:05 ; elapsed = 00:00:43 . Memory (MB): peak = 2013.688 ; gain = 22.227
Shift Register Optimization | Checksum: 2eaeec5e0
INFO: [Opt 31-389] Phase Shift Register Optimization created 0 cells and removed 0 cells

Phase 8 Post Processing Netlist
Phase 8 Post Processing Netlist | Checksum: 2eaeec5e0

Time (s): cpu = 00:00:05 ; elapsed = 00:00:43 . Memory (MB): peak = 2013.688 ; gain = 22.227
Post Processing Netlist | Checksum: 2eaeec5e0
INFO: [Opt 31-389] Phase Post Processing Netlist created 0 cells and removed 0 cells
INFO: [Opt 31-1021] In phase Post Processing Netlist, 60 netlist objects are constrained preventing optimization. Please run opt_design with -debug_log to get more detail. 

Phase 9 Finalization

Phase 9.1 Finalizing Design Cores and Updating Shapes
Phase 9.1 Finalizing Design Cores and Updating Shapes | Checksum: 2c6177b1b

Time (s): cpu = 00:00:06 ; elapsed = 00:00:44 . Memory (MB): peak = 2013.688 ; gain = 22.227

Phase 9.2 Verifying Netlist Connectivity

Starting Connectivity Check Task

Time (s): cpu = 00:00:00 ; elapsed = 00:00:00.034 . Memory (MB): peak = 2013.688 ; gain = 0.000
Phase 9.2 Verifying Netlist Connectivity | Checksum: 2c6177b1b

Time (s): cpu = 00:00:06 ; elapsed = 00:00:44 . Memory (MB): peak = 2013.688 ; gain = 22.227
Phase 9 Finalization | Checksum: 2c6177b1b

Time (s): cpu = 00:00:06 ; elapsed = 00:00:44 . Memory (MB): peak = 2013.688 ; gain = 22.227
Opt_design Change Summary
=========================


-------------------------------------------------------------------------------------------------------------------------
|  Phase                        |  #Cells created  |  #Cells Removed  |  #Constrained objects preventing optimizations  |
-------------------------------------------------------------------------------------------------------------------------
|  Retarget                     |              23  |              40  |                                             85  |
|  Constant propagation         |               0  |              32  |                                             48  |
|  Sweep                        |               0  |             132  |                                           1242  |
|  BUFG optimization            |               1  |               0  |                                              0  |
|  Shift Register Optimization  |               0  |               0  |                                              0  |
|  Post Processing Netlist      |               0  |               0  |                                             60  |
-------------------------------------------------------------------------------------------------------------------------


Ending Logic Optimization Task | Checksum: 2c6177b1b

Time (s): cpu = 00:00:06 ; elapsed = 00:00:44 . Memory (MB): peak = 2013.688 ; gain = 22.227

Starting Power Optimization Task
INFO: [Pwropt 34-132] Skipping clock gating for clocks with a period < 2.00 ns.
INFO: [Timing 38-35] Done setting XDC timing constraints.
Running Vector-less Activity Propagation...

Finished Running Vector-less Activity Propagation
INFO: [Pwropt 34-9] Applying IDT optimizations ...
INFO: [Pwropt 34-10] Applying ODC optimizations ...


Starting PowerOpt Patch Enables Task
INFO: [Pwropt 34-162] WRITE_MODE attribute of 0 BRAM(s) out of a total of 122 has been updated to save power. Run report_power_opt to get a complete listing of the BRAMs updated.
INFO: [Pwropt 34-201] Structural ODC has moved 0 WE to EN ports
Number of BRAM Ports augmented: 140 newly gated: 0 Total Ports: 244
Number of Flops added for Enable Generation: 45

Ending PowerOpt Patch Enables Task | Checksum: 3314677b6

Time (s): cpu = 00:00:01 ; elapsed = 00:00:01 . Memory (MB): peak = 2216.199 ; gain = 0.000
Ending Power Optimization Task | Checksum: 3314677b6

Time (s): cpu = 00:00:21 ; elapsed = 00:00:19 . Memory (MB): peak = 2216.199 ; gain = 202.512

Starting Final Cleanup Task

Starting Logic Optimization Task
INFO: [Timing 38-35] Done setting XDC timing constraints.
Ending Logic Optimization Task | Checksum: 1d6152eb2

Time (s): cpu = 00:00:02 ; elapsed = 00:00:02 . Memory (MB): peak = 2216.199 ; gain = 0.000
Ending Final Cleanup Task | Checksum: 1d6152eb2

Time (s): cpu = 00:00:10 ; elapsed = 00:00:10 . Memory (MB): peak = 2216.199 ; gain = 0.000

Starting Netlist Obfuscation Task
Netlist sorting complete. Time (s): cpu = 00:00:00 ; elapsed = 00:00:00.013 . Memory (MB): peak = 2216.199 ; gain = 0.000
Ending Netlist Obfuscation Task | Checksum: 1d6152eb2

Time (s): cpu = 00:00:00 ; elapsed = 00:00:00.016 . Memory (MB): peak = 2216.199 ; gain = 0.000
INFO: [Common 17-83] Releasing license: Implementation
63 Infos, 6 Warnings, 0 Critical Warnings and 0 Errors encountered.
opt_design completed successfully
opt_design: Time (s): cpu = 00:00:48 ; elapsed = 00:01:24 . Memory (MB): peak = 2216.199 ; gain = 676.957
INFO: [Vivado 12-24828] Executing command : report_drc -file design_1_wrapper_drc_opted.rpt -pb design_1_wrapper_drc_opted.pb -rpx design_1_wrapper_drc_opted.rpx
Command: report_drc -file design_1_wrapper_drc_opted.rpt -pb design_1_wrapper_drc_opted.pb -rpx design_1_wrapper_drc_opted.rpx
INFO: [IP_Flow 19-1839] IP Catalog is up to date.
INFO: [DRC 23-27] Running DRC with 2 threads
INFO: [Vivado_Tcl 2-168] The results of DRC are in file C:/Users/kille/Documents/GitHub/TFM-UPM/Practica/Prueba1/prueba_v1.0.runs/impl_1/design_1_wrapper_drc_opted.rpt.
report_drc completed successfully
INFO: [Timing 38-35] Done setting XDC timing constraints.
INFO: [Timing 38-480] Writing timing data to binary archive.
Wrote PlaceDB: Time (s): cpu = 00:00:00 ; elapsed = 00:00:00.008 . Memory (MB): peak = 2216.199 ; gain = 0.000
Wrote PulsedLatchDB: Time (s): cpu = 00:00:00 ; elapsed = 00:00:00.006 . Memory (MB): peak = 2216.199 ; gain = 0.000
Writing XDEF routing.
Write ShapeDB Complete: Time (s): cpu = 00:00:00 ; elapsed = 00:00:00.041 . Memory (MB): peak = 2216.199 ; gain = 0.000
Writing XDEF routing logical nets.
Writing XDEF routing special nets.
Wrote RouteStorage: Time (s): cpu = 00:00:00 ; elapsed = 00:00:00.136 . Memory (MB): peak = 2216.199 ; gain = 0.000
Wrote Netlist Cache: Time (s): cpu = 00:00:00 ; elapsed = 00:00:00.001 . Memory (MB): peak = 2216.199 ; gain = 0.000
Wrote Device Cache: Time (s): cpu = 00:00:00 ; elapsed = 00:00:00.018 . Memory (MB): peak = 2216.199 ; gain = 0.000
Write Physdb Complete: Time (s): cpu = 00:00:00 ; elapsed = 00:00:00.195 . Memory (MB): peak = 2216.199 ; gain = 0.000
INFO: [Common 17-1381] The checkpoint 'C:/Users/kille/Documents/GitHub/TFM-UPM/Practica/Prueba1/prueba_v1.0.runs/impl_1/design_1_wrapper_opt.dcp' has been generated.
INFO: [Chipscope 16-240] Debug cores have already been implemented
Command: place_design
Attempting to get a license for feature 'Implementation' and/or device 'xc7a100t'
INFO: [Common 17-349] Got license for feature 'Implementation' and/or device 'xc7a100t'
INFO: [Common 17-83] Releasing license: Implementation
INFO: [DRC 23-27] Running DRC with 2 threads
INFO: [Vivado_Tcl 4-198] DRC finished with 0 Errors
INFO: [Vivado_Tcl 4-199] Please refer to the DRC report (report_drc) for more information.
Running DRC as a precondition to command place_design
INFO: [DRC 23-27] Running DRC with 2 threads
INFO: [Vivado_Tcl 4-198] DRC finished with 0 Errors, 40 Warnings
INFO: [Vivado_Tcl 4-199] Please refer to the DRC report (report_drc) for more information.
INFO: [Place 30-611] Multithreading enabled for place_design using a maximum of 2 CPUs

Starting Placer Task

Phase 1 Placer Initialization

Phase 1.1 Placer Initialization Netlist Sorting
Netlist sorting complete. Time (s): cpu = 00:00:00 ; elapsed = 00:00:00.016 . Memory (MB): peak = 2216.199 ; gain = 0.000
Phase 1.1 Placer Initialization Netlist Sorting | Checksum: 1acbc4e5f

Time (s): cpu = 00:00:00 ; elapsed = 00:00:00.031 . Memory (MB): peak = 2216.199 ; gain = 0.000
Netlist sorting complete. Time (s): cpu = 00:00:00 ; elapsed = 00:00:00.011 . Memory (MB): peak = 2216.199 ; gain = 0.000

Phase 1.2 IO Placement/ Clock Placement/ Build Placer Device
Phase 1.2 IO Placement/ Clock Placement/ Build Placer Device | Checksum: 24b27967c

Time (s): cpu = 00:00:02 ; elapsed = 00:00:01 . Memory (MB): peak = 2216.199 ; gain = 0.000

Phase 1.3 Build Placer Netlist Model
Phase 1.3 Build Placer Netlist Model | Checksum: 2a1d95499

Time (s): cpu = 00:00:06 ; elapsed = 00:00:05 . Memory (MB): peak = 2216.199 ; gain = 0.000

Phase 1.4 Constrain Clocks/Macros
Phase 1.4 Constrain Clocks/Macros | Checksum: 2a1d95499

Time (s): cpu = 00:00:06 ; elapsed = 00:00:05 . Memory (MB): peak = 2216.199 ; gain = 0.000
Phase 1 Placer Initialization | Checksum: 2a1d95499

Time (s): cpu = 00:00:06 ; elapsed = 00:00:05 . Memory (MB): peak = 2216.199 ; gain = 0.000

Phase 2 Global Placement

Phase 2.1 Floorplanning
Phase 2.1 Floorplanning | Checksum: 2dce697b5

Time (s): cpu = 00:00:08 ; elapsed = 00:00:06 . Memory (MB): peak = 2216.199 ; gain = 0.000

Phase 2.2 Update Timing before SLR Path Opt
Phase 2.2 Update Timing before SLR Path Opt | Checksum: 32bebbab7

Time (s): cpu = 00:00:09 ; elapsed = 00:00:07 . Memory (MB): peak = 2216.199 ; gain = 0.000

Phase 2.3 Post-Processing in Floorplanning
Phase 2.3 Post-Processing in Floorplanning | Checksum: 32bebbab7

Time (s): cpu = 00:00:09 ; elapsed = 00:00:07 . Memory (MB): peak = 2216.199 ; gain = 0.000

Phase 2.4 Global Place Phase1
Phase 2.4 Global Place Phase1 | Checksum: 2fd442e43

Time (s): cpu = 00:00:25 ; elapsed = 00:00:18 . Memory (MB): peak = 2216.199 ; gain = 0.000

Phase 2.5 Global Place Phase2

Phase 2.5.1 UpdateTiming Before Physical Synthesis
Phase 2.5.1 UpdateTiming Before Physical Synthesis | Checksum: 384c577e8

Time (s): cpu = 00:00:27 ; elapsed = 00:00:19 . Memory (MB): peak = 2216.199 ; gain = 0.000

Phase 2.5.2 Physical Synthesis In Placer
INFO: [Physopt 32-1035] Found 9 LUTNM shape to break, 308 LUT instances to create LUTNM shape
INFO: [Physopt 32-1044] Break lutnm for timing: one critical 3, two critical 6, total 9, new lutff created 0
INFO: [Physopt 32-1138] End 1 Pass. Optimized 150 nets or LUTs. Breaked 9 LUTs, combined 141 existing LUTs and moved 0 existing LUT
INFO: [Physopt 32-65] No nets found for high-fanout optimization.
INFO: [Physopt 32-232] Optimized 0 net. Created 0 new instance.
INFO: [Physopt 32-775] End 1 Pass. Optimized 0 net or cell. Created 0 new cell, deleted 0 existing cell and moved 0 existing cell
INFO: [Physopt 32-76] Pass 1. Identified 6 candidate nets for fanout optimization.
INFO: [Physopt 32-81] Processed net design_1_i/top_system_0/U0/inst_audio_player/rom_addra[10]. Replicated 9 times.
INFO: [Physopt 32-81] Processed net design_1_i/top_system_0/U0/inst_audio_player/rom_addra[11]. Replicated 9 times.
INFO: [Physopt 32-81] Processed net design_1_i/top_system_0/U0/inst_audio_player/rom_addra[13]. Replicated 10 times.
INFO: [Physopt 32-81] Processed net design_1_i/top_system_0/U0/inst_audio_player/rom_addra[14]. Replicated 10 times.
INFO: [Physopt 32-81] Processed net design_1_i/top_system_0/U0/inst_audio_player/rom_addra[12]. Replicated 9 times.
INFO: [Physopt 32-81] Processed net design_1_i/top_system_0/U0/inst_audio_player/rom_addra[15]. Replicated 6 times.
INFO: [Physopt 32-232] Optimized 6 nets. Created 53 new instances.
INFO: [Physopt 32-775] End 1 Pass. Optimized 6 nets or cells. Created 53 new cells, deleted 0 existing cell and moved 0 existing cell
Netlist sorting complete. Time (s): cpu = 00:00:00 ; elapsed = 00:00:00.053 . Memory (MB): peak = 2216.199 ; gain = 0.000
INFO: [Physopt 32-456] No candidate cells for DSP register optimization found in the design.
INFO: [Physopt 32-775] End 2 Pass. Optimized 0 net or cell. Created 0 new cell, deleted 0 existing cell and moved 0 existing cell
INFO: [Physopt 32-1123] No candidate cells found for Shift Register to Pipeline optimization
INFO: [Physopt 32-775] End 2 Pass. Optimized 0 net or cell. Created 0 new cell, deleted 0 existing cell and moved 0 existing cell
INFO: [Physopt 32-1401] No candidate cells found for Shift Register optimization.
INFO: [Physopt 32-677] No candidate cells for Shift Register optimization found in the design
INFO: [Physopt 32-775] End 1 Pass. Optimized 0 net or cell. Created 0 new cell, deleted 0 existing cell and moved 0 existing cell
INFO: [Physopt 32-526] No candidate cells for BRAM register optimization found in the design
INFO: [Physopt 32-775] End 1 Pass. Optimized 0 net or cell. Created 0 new cell, deleted 0 existing cell and moved 0 existing cell
INFO: [Physopt 32-846] No candidate cells for URAM register optimization found in the design
INFO: [Physopt 32-775] End 1 Pass. Optimized 0 net or cell. Created 0 new cell, deleted 0 existing cell and moved 0 existing cell
INFO: [Physopt 32-846] No candidate cells for URAM register optimization found in the design
INFO: [Physopt 32-775] End 1 Pass. Optimized 0 net or cell. Created 0 new cell, deleted 0 existing cell and moved 0 existing cell
INFO: [Physopt 32-949] No candidate nets found for dynamic/static region interface net replication
INFO: [Physopt 32-775] End 1 Pass. Optimized 0 net or cell. Created 0 new cell, deleted 0 existing cell and moved 0 existing cell
Netlist sorting complete. Time (s): cpu = 00:00:00 ; elapsed = 00:00:00.013 . Memory (MB): peak = 2216.199 ; gain = 0.000

Summary of Physical Synthesis Optimizations
============================================


-----------------------------------------------------------------------------------------------------------------------------------------------------------
|  Optimization                                     |  Added Cells  |  Removed Cells  |  Optimized Cells/Nets  |  Dont Touch  |  Iterations  |  Elapsed   |
-----------------------------------------------------------------------------------------------------------------------------------------------------------
|  LUT Combining                                    |            9  |            141  |                   150  |           0  |           1  |  00:00:00  |
|  Retime                                           |            0  |              0  |                     0  |           0  |           1  |  00:00:00  |
|  Very High Fanout                                 |            0  |              0  |                     0  |           0  |           1  |  00:00:00  |
|  Fanout                                           |           53  |              0  |                     6  |           0  |           1  |  00:00:01  |
|  DSP Register                                     |            0  |              0  |                     0  |           0  |           1  |  00:00:00  |
|  Shift Register to Pipeline                       |            0  |              0  |                     0  |           0  |           1  |  00:00:00  |
|  Shift Register                                   |            0  |              0  |                     0  |           0  |           1  |  00:00:00  |
|  BRAM Register                                    |            0  |              0  |                     0  |           0  |           1  |  00:00:00  |
|  URAM Register                                    |            0  |              0  |                     0  |           0  |           1  |  00:00:00  |
|  Dynamic/Static Region Interface Net Replication  |            0  |              0  |                     0  |           0  |           1  |  00:00:00  |
|  Total                                            |           62  |            141  |                   156  |           0  |          10  |  00:00:02  |
-----------------------------------------------------------------------------------------------------------------------------------------------------------


Phase 2.5.2 Physical Synthesis In Placer | Checksum: 28c592f1a

Time (s): cpu = 00:00:31 ; elapsed = 00:00:23 . Memory (MB): peak = 2216.199 ; gain = 0.000
Phase 2.5 Global Place Phase2 | Checksum: 1b0578b19

Time (s): cpu = 00:00:32 ; elapsed = 00:00:24 . Memory (MB): peak = 2216.199 ; gain = 0.000
Phase 2 Global Placement | Checksum: 1b0578b19

Time (s): cpu = 00:00:33 ; elapsed = 00:00:24 . Memory (MB): peak = 2216.199 ; gain = 0.000

Phase 3 Detail Placement

Phase 3.1 Commit Multi Column Macros
Phase 3.1 Commit Multi Column Macros | Checksum: 1a95fe11f

Time (s): cpu = 00:00:34 ; elapsed = 00:00:25 . Memory (MB): peak = 2216.199 ; gain = 0.000

Phase 3.2 Commit Most Macros & LUTRAMs
Phase 3.2 Commit Most Macros & LUTRAMs | Checksum: 25db3b397

Time (s): cpu = 00:00:37 ; elapsed = 00:00:27 . Memory (MB): peak = 2216.199 ; gain = 0.000

Phase 3.3 Area Swap Optimization
Phase 3.3 Area Swap Optimization | Checksum: 191e5f8dd

Time (s): cpu = 00:00:37 ; elapsed = 00:00:27 . Memory (MB): peak = 2216.199 ; gain = 0.000

Phase 3.4 Pipeline Register Optimization
Phase 3.4 Pipeline Register Optimization | Checksum: 1b7b75e39

Time (s): cpu = 00:00:37 ; elapsed = 00:00:27 . Memory (MB): peak = 2216.199 ; gain = 0.000

Phase 3.5 Fast Optimization
Phase 3.5 Fast Optimization | Checksum: 21b1c4e6b

Time (s): cpu = 00:00:42 ; elapsed = 00:00:31 . Memory (MB): peak = 2216.199 ; gain = 0.000

Phase 3.6 Small Shape Detail Placement
Phase 3.6 Small Shape Detail Placement | Checksum: 219a38dcd

Time (s): cpu = 00:00:46 ; elapsed = 00:00:35 . Memory (MB): peak = 2216.199 ; gain = 0.000

Phase 3.7 Re-assign LUT pins
Phase 3.7 Re-assign LUT pins | Checksum: 1faf194d6

Time (s): cpu = 00:00:47 ; elapsed = 00:00:36 . Memory (MB): peak = 2216.199 ; gain = 0.000

Phase 3.8 Pipeline Register Optimization
Phase 3.8 Pipeline Register Optimization | Checksum: 13369dbda

Time (s): cpu = 00:00:47 ; elapsed = 00:00:36 . Memory (MB): peak = 2216.199 ; gain = 0.000

Phase 3.9 Fast Optimization
Phase 3.9 Fast Optimization | Checksum: 198a28d86

Time (s): cpu = 00:00:54 ; elapsed = 00:00:42 . Memory (MB): peak = 2216.199 ; gain = 0.000
Phase 3 Detail Placement | Checksum: 198a28d86

Time (s): cpu = 00:00:54 ; elapsed = 00:00:42 . Memory (MB): peak = 2216.199 ; gain = 0.000

Phase 4 Post Placement Optimization and Clean-Up

Phase 4.1 Post Commit Optimization
INFO: [Timing 38-35] Done setting XDC timing constraints.

Phase 4.1.1 Post Placement Optimization
Post Placement Optimization Initialization | Checksum: 200f9e56d

Phase 4.1.1.1 BUFG Insertion

Starting Physical Synthesis Task

Phase 1 Physical Synthesis Initialization
INFO: [Physopt 32-721] Multithreading enabled for phys_opt_design using a maximum of 2 CPUs
INFO: [Physopt 32-619] Estimated Timing Summary | WNS=-12.154 | TNS=-551.554 |
Phase 1 Physical Synthesis Initialization | Checksum: 118e82c9c

Time (s): cpu = 00:00:00 ; elapsed = 00:00:00.317 . Memory (MB): peak = 2216.199 ; gain = 0.000
INFO: [Place 46-56] BUFG insertion identified 0 candidate nets. Inserted BUFG: 0, Replicated BUFG Driver: 0, Skipped due to Placement/Routing Conflicts: 0, Skipped due to Timing Degradation: 0, Skipped due to netlist editing failed: 0.
Ending Physical Synthesis Task | Checksum: 22ac04a2f

Time (s): cpu = 00:00:01 ; elapsed = 00:00:00.453 . Memory (MB): peak = 2216.199 ; gain = 0.000
Phase 4.1.1.1 BUFG Insertion | Checksum: 200f9e56d

Time (s): cpu = 00:01:00 ; elapsed = 00:00:46 . Memory (MB): peak = 2216.199 ; gain = 0.000

Phase 4.1.1.2 Post Placement Timing Optimization
INFO: [Place 30-746] Post Placement Timing Summary WNS=-11.402. For the most accurate timing information please run report_timing.
Phase 4.1.1.2 Post Placement Timing Optimization | Checksum: 16dd8043e

Time (s): cpu = 00:01:33 ; elapsed = 00:01:20 . Memory (MB): peak = 2216.199 ; gain = 0.000

Time (s): cpu = 00:01:33 ; elapsed = 00:01:20 . Memory (MB): peak = 2216.199 ; gain = 0.000
Phase 4.1 Post Commit Optimization | Checksum: 16dd8043e

Time (s): cpu = 00:01:33 ; elapsed = 00:01:20 . Memory (MB): peak = 2216.199 ; gain = 0.000

Phase 4.2 Post Placement Cleanup
Phase 4.2 Post Placement Cleanup | Checksum: 16dd8043e

Time (s): cpu = 00:01:33 ; elapsed = 00:01:20 . Memory (MB): peak = 2216.199 ; gain = 0.000

Phase 4.3 Placer Reporting

Phase 4.3.1 Print Estimated Congestion
INFO: [Place 30-612] Post-Placement Estimated Congestion 
 ____________________________________________________
|           | Global Congestion | Short Congestion  |
| Direction | Region Size       | Region Size       |
|___________|___________________|___________________|
|      North|                1x1|                1x1|
|___________|___________________|___________________|
|      South|                1x1|                1x1|
|___________|___________________|___________________|
|       East|                1x1|                1x1|
|___________|___________________|___________________|
|       West|                1x1|                1x1|
|___________|___________________|___________________|

Phase 4.3.1 Print Estimated Congestion | Checksum: 16dd8043e

Time (s): cpu = 00:01:33 ; elapsed = 00:01:20 . Memory (MB): peak = 2216.199 ; gain = 0.000
Phase 4.3 Placer Reporting | Checksum: 16dd8043e

Time (s): cpu = 00:01:33 ; elapsed = 00:01:20 . Memory (MB): peak = 2216.199 ; gain = 0.000

Phase 4.4 Final Placement Cleanup
Netlist sorting complete. Time (s): cpu = 00:00:00 ; elapsed = 00:00:00.010 . Memory (MB): peak = 2216.199 ; gain = 0.000

Time (s): cpu = 00:01:33 ; elapsed = 00:01:20 . Memory (MB): peak = 2216.199 ; gain = 0.000
Phase 4 Post Placement Optimization and Clean-Up | Checksum: 1282e6a47

Time (s): cpu = 00:01:33 ; elapsed = 00:01:21 . Memory (MB): peak = 2216.199 ; gain = 0.000
Ending Placer Task | Checksum: 11b9620f5

Time (s): cpu = 00:01:34 ; elapsed = 00:01:21 . Memory (MB): peak = 2216.199 ; gain = 0.000
116 Infos, 6 Warnings, 0 Critical Warnings and 0 Errors encountered.
place_design completed successfully
place_design: Time (s): cpu = 00:01:41 ; elapsed = 00:01:25 . Memory (MB): peak = 2216.199 ; gain = 0.000
INFO: [Vivado 12-24838] Running report commands "report_control_sets, report_io, report_utilization" in parallel.
Running report generation with 2 threads.
INFO: [Vivado 12-24828] Executing command : report_io -file design_1_wrapper_io_placed.rpt
report_io: Time (s): cpu = 00:00:00 ; elapsed = 00:00:00.122 . Memory (MB): peak = 2216.199 ; gain = 0.000
INFO: [Vivado 12-24828] Executing command : report_utilization -file design_1_wrapper_utilization_placed.rpt -pb design_1_wrapper_utilization_placed.pb
INFO: [Vivado 12-24828] Executing command : report_control_sets -verbose -file design_1_wrapper_control_sets_placed.rpt
report_control_sets: Time (s): cpu = 00:00:00 ; elapsed = 00:00:00.044 . Memory (MB): peak = 2216.199 ; gain = 0.000
INFO: [Timing 38-480] Writing timing data to binary archive.
Write ShapeDB Complete: Time (s): cpu = 00:00:00 ; elapsed = 00:00:00.048 . Memory (MB): peak = 2216.199 ; gain = 0.000
Wrote PlaceDB: Time (s): cpu = 00:00:04 ; elapsed = 00:00:01 . Memory (MB): peak = 2216.199 ; gain = 0.000
Wrote PulsedLatchDB: Time (s): cpu = 00:00:00 ; elapsed = 00:00:00 . Memory (MB): peak = 2216.199 ; gain = 0.000
Writing XDEF routing.
Writing XDEF routing logical nets.
Writing XDEF routing special nets.
Wrote RouteStorage: Time (s): cpu = 00:00:00 ; elapsed = 00:00:00.043 . Memory (MB): peak = 2216.199 ; gain = 0.000
Wrote Netlist Cache: Time (s): cpu = 00:00:00 ; elapsed = 00:00:00.021 . Memory (MB): peak = 2216.199 ; gain = 0.000
Wrote Device Cache: Time (s): cpu = 00:00:00 ; elapsed = 00:00:00.013 . Memory (MB): peak = 2216.199 ; gain = 0.000
Write Physdb Complete: Time (s): cpu = 00:00:04 ; elapsed = 00:00:01 . Memory (MB): peak = 2216.199 ; gain = 0.000
INFO: [Common 17-1381] The checkpoint 'C:/Users/kille/Documents/GitHub/TFM-UPM/Practica/Prueba1/prueba_v1.0.runs/impl_1/design_1_wrapper_placed.dcp' has been generated.
Command: phys_opt_design
Attempting to get a license for feature 'Implementation' and/or device 'xc7a100t'
INFO: [Common 17-349] Got license for feature 'Implementation' and/or device 'xc7a100t'

Starting Initial Update Timing Task

Time (s): cpu = 00:00:03 ; elapsed = 00:00:02 . Memory (MB): peak = 2216.199 ; gain = 0.000
INFO: [Vivado_Tcl 4-1435] PhysOpt_Tcl_Interface Runtime Before Starting Physical Synthesis Task | CPU: 3.00s |  WALL: 1.98s
Netlist sorting complete. Time (s): cpu = 00:00:00 ; elapsed = 00:00:00.013 . Memory (MB): peak = 2216.199 ; gain = 0.000

Starting Physical Synthesis Task

Phase 1 Physical Synthesis Initialization
INFO: [Physopt 32-721] Multithreading enabled for phys_opt_design using a maximum of 2 CPUs
INFO: [Physopt 32-619] Estimated Timing Summary | WNS=-11.402 | TNS=-522.567 |
Phase 1 Physical Synthesis Initialization | Checksum: 169e8cc5c

Time (s): cpu = 00:00:03 ; elapsed = 00:00:02 . Memory (MB): peak = 2216.199 ; gain = 0.000
INFO: [Physopt 32-619] Estimated Timing Summary | WNS=-11.402 | TNS=-522.567 |

Phase 2 DSP Register Optimization
INFO: [Physopt 32-456] No candidate cells for DSP register optimization found in the design.
INFO: [Physopt 32-775] End 2 Pass. Optimized 0 net or cell. Created 0 new cell, deleted 0 existing cell and moved 0 existing cell
Phase 2 DSP Register Optimization | Checksum: 169e8cc5c

Time (s): cpu = 00:00:03 ; elapsed = 00:00:02 . Memory (MB): peak = 2216.199 ; gain = 0.000

Phase 3 Critical Path Optimization
INFO: [Physopt 32-619] Estimated Timing Summary | WNS=-11.402 | TNS=-522.567 |
INFO: [Physopt 32-702] Processed net design_1_i/top_system_0/U0/inst_i2s_tx/l_tx_shift_reg_n_0_[8]. Optimizations did not improve timing on the net.
INFO: [Physopt 32-702] Processed net design_1_i/blk_mem_gen_0/U0/inst_blk_mem_gen/gnbram.gnativebmg.native_blk_mem_gen/valid.cstr/ramloop[18].ram.r/prim_init.ram/ramloop[18].ram.ram_douta[8]. Optimizations did not improve timing on the net.
INFO: [Physopt 32-608] Optimized 1 net.  Swapped 23 pins.
INFO: [Physopt 32-735] Processed net design_1_i/blk_mem_gen_0/U0/inst_blk_mem_gen/gnbram.gnativebmg.native_blk_mem_gen/valid.cstr/has_mux_a.A/douta[8]_INST_0_i_1_n_0. Optimization improves timing on the net.
INFO: [Physopt 32-619] Estimated Timing Summary | WNS=-11.399 | TNS=-522.235 |
INFO: [Physopt 32-663] Processed net design_1_i/top_system_0/U0/inst_i2s_tx/l_tx_shift_reg_n_0_[12].  Re-placed instance design_1_i/top_system_0/U0/inst_i2s_tx/l_tx_shift_reg[12]
INFO: [Physopt 32-735] Processed net design_1_i/top_system_0/U0/inst_i2s_tx/l_tx_shift_reg_n_0_[12]. Optimization improves timing on the net.
INFO: [Physopt 32-619] Estimated Timing Summary | WNS=-11.394 | TNS=-522.230 |
INFO: [Physopt 32-702] Processed net design_1_i/top_system_0/U0/inst_i2s_tx/l_tx_shift_reg_n_0_[12]. Optimizations did not improve timing on the net.
INFO: [Physopt 32-702] Processed net design_1_i/blk_mem_gen_0/U0/inst_blk_mem_gen/gnbram.gnativebmg.native_blk_mem_gen/valid.cstr/ramloop[42].ram.r/prim_init.ram/ramloop[42].ram.ram_douta[3]. Optimizations did not improve timing on the net.
INFO: [Physopt 32-702] Processed net design_1_i/blk_mem_gen_0/U0/inst_blk_mem_gen/gnbram.gnativebmg.native_blk_mem_gen/valid.cstr/has_mux_a.A/douta[12]_INST_0_i_1_n_0. Optimizations did not improve timing on the net.
INFO: [Physopt 32-702] Processed net design_1_i/blk_mem_gen_0/U0/inst_blk_mem_gen/gnbram.gnativebmg.native_blk_mem_gen/valid.cstr/has_mux_a.A/douta[12]_INST_0_i_6_n_0. Optimizations did not improve timing on the net.
INFO: [Physopt 32-608] Optimized 1 net.  Swapped 18 pins.
INFO: [Physopt 32-735] Processed net design_1_i/blk_mem_gen_0/U0/inst_blk_mem_gen/gnbram.gnativebmg.native_blk_mem_gen/valid.cstr/has_mux_a.A/douta[12]_INST_0_i_15_n_0. Optimization improves timing on the net.
INFO: [Physopt 32-619] Estimated Timing Summary | WNS=-11.384 | TNS=-522.114 |
INFO: [Physopt 32-663] Processed net design_1_i/top_system_0/U0/inst_i2s_tx/l_tx_shift_reg_n_0_[17].  Re-placed instance design_1_i/top_system_0/U0/inst_i2s_tx/l_tx_shift_reg[17]
INFO: [Physopt 32-735] Processed net design_1_i/top_system_0/U0/inst_i2s_tx/l_tx_shift_reg_n_0_[17]. Optimization improves timing on the net.
INFO: [Physopt 32-619] Estimated Timing Summary | WNS=-11.362 | TNS=-522.084 |
INFO: [Physopt 32-663] Processed net design_1_i/top_system_0/U0/inst_i2s_tx/l_tx_shift_reg_n_0_[7].  Re-placed instance design_1_i/top_system_0/U0/inst_i2s_tx/l_tx_shift_reg[7]
INFO: [Physopt 32-735] Processed net design_1_i/top_system_0/U0/inst_i2s_tx/l_tx_shift_reg_n_0_[7]. Optimization improves timing on the net.
INFO: [Physopt 32-619] Estimated Timing Summary | WNS=-11.354 | TNS=-522.049 |
INFO: [Physopt 32-663] Processed net design_1_i/top_system_0/U0/inst_i2s_tx/l_tx_shift_reg_n_0_[14].  Re-placed instance design_1_i/top_system_0/U0/inst_i2s_tx/l_tx_shift_reg[14]
INFO: [Physopt 32-735] Processed net design_1_i/top_system_0/U0/inst_i2s_tx/l_tx_shift_reg_n_0_[14]. Optimization improves timing on the net.
INFO: [Physopt 32-619] Estimated Timing Summary | WNS=-11.354 | TNS=-522.031 |
INFO: [Physopt 32-702] Processed net design_1_i/top_system_0/U0/inst_i2s_tx/l_tx_shift_reg_n_0_[17]. Optimizations did not improve timing on the net.
INFO: [Physopt 32-702] Processed net design_1_i/blk_mem_gen_0/U0/inst_blk_mem_gen/gnbram.gnativebmg.native_blk_mem_gen/valid.cstr/ramloop[42].ram.r/prim_init.ram/ramloop[42].ram.ram_douta[8]. Optimizations did not improve timing on the net.
INFO: [Physopt 32-702] Processed net design_1_i/blk_mem_gen_0/U0/inst_blk_mem_gen/gnbram.gnativebmg.native_blk_mem_gen/valid.cstr/has_mux_a.A/douta[17]_INST_0_i_1_n_0. Optimizations did not improve timing on the net.
INFO: [Physopt 32-702] Processed net design_1_i/blk_mem_gen_0/U0/inst_blk_mem_gen/gnbram.gnativebmg.native_blk_mem_gen/valid.cstr/has_mux_a.A/douta[17]_INST_0_i_6_n_0. Optimizations did not improve timing on the net.
INFO: [Physopt 32-608] Optimized 1 net.  Swapped 24 pins.
INFO: [Physopt 32-735] Processed net design_1_i/blk_mem_gen_0/U0/inst_blk_mem_gen/gnbram.gnativebmg.native_blk_mem_gen/valid.cstr/has_mux_a.A/douta[17]_INST_0_i_15_n_0. Optimization improves timing on the net.
INFO: [Physopt 32-619] Estimated Timing Summary | WNS=-11.336 | TNS=-521.755 |
INFO: [Physopt 32-702] Processed net design_1_i/top_system_0/U0/inst_i2s_tx/l_tx_shift_reg_n_0_[14]. Optimizations did not improve timing on the net.
INFO: [Physopt 32-702] Processed net design_1_i/blk_mem_gen_0/U0/inst_blk_mem_gen/gnbram.gnativebmg.native_blk_mem_gen/valid.cstr/ramloop[42].ram.r/prim_init.ram/ramloop[42].ram.ram_douta[5]. Optimizations did not improve timing on the net.
INFO: [Physopt 32-702] Processed net design_1_i/blk_mem_gen_0/U0/inst_blk_mem_gen/gnbram.gnativebmg.native_blk_mem_gen/valid.cstr/has_mux_a.A/douta[14]_INST_0_i_1_n_0. Optimizations did not improve timing on the net.
INFO: [Physopt 32-702] Processed net design_1_i/blk_mem_gen_0/U0/inst_blk_mem_gen/gnbram.gnativebmg.native_blk_mem_gen/valid.cstr/has_mux_a.A/douta[14]_INST_0_i_6_n_0. Optimizations did not improve timing on the net.
INFO: [Physopt 32-608] Optimized 1 net.  Swapped 24 pins.
INFO: [Physopt 32-735] Processed net design_1_i/blk_mem_gen_0/U0/inst_blk_mem_gen/gnbram.gnativebmg.native_blk_mem_gen/valid.cstr/has_mux_a.A/douta[14]_INST_0_i_15_n_0. Optimization improves timing on the net.
INFO: [Physopt 32-619] Estimated Timing Summary | WNS=-11.336 | TNS=-521.425 |
INFO: [Physopt 32-702] Processed net design_1_i/blk_mem_gen_0/U0/inst_blk_mem_gen/gnbram.gnativebmg.native_blk_mem_gen/valid.cstr/ramloop[46].ram.r/prim_init.ram/ramloop[46].ram.ram_douta[3]. Optimizations did not improve timing on the net.
INFO: [Physopt 32-608] Optimized 1 net.  Swapped 18 pins.
INFO: [Physopt 32-735] Processed net design_1_i/blk_mem_gen_0/U0/inst_blk_mem_gen/gnbram.gnativebmg.native_blk_mem_gen/valid.cstr/has_mux_a.A/douta[12]_INST_0_i_16_n_0. Optimization improves timing on the net.
INFO: [Physopt 32-619] Estimated Timing Summary | WNS=-11.327 | TNS=-521.377 |
INFO: [Physopt 32-663] Processed net design_1_i/top_system_0/U0/inst_i2s_tx/l_tx_shift_reg_n_0_[7].  Re-placed instance design_1_i/top_system_0/U0/inst_i2s_tx/l_tx_shift_reg[7]
INFO: [Physopt 32-735] Processed net design_1_i/top_system_0/U0/inst_i2s_tx/l_tx_shift_reg_n_0_[7]. Optimization improves timing on the net.
INFO: [Physopt 32-619] Estimated Timing Summary | WNS=-11.316 | TNS=-521.366 |
INFO: [Physopt 32-702] Processed net design_1_i/top_system_0/U0/inst_i2s_tx/l_tx_shift_reg_n_0_[7]. Optimizations did not improve timing on the net.
INFO: [Physopt 32-702] Processed net design_1_i/blk_mem_gen_0/U0/inst_blk_mem_gen/gnbram.gnativebmg.native_blk_mem_gen/valid.cstr/ramloop[19].ram.r/prim_init.ram/ramloop[19].ram.ram_douta[7]. Optimizations did not improve timing on the net.
INFO: [Physopt 32-608] Optimized 1 net.  Swapped 11 pins.
INFO: [Physopt 32-735] Processed net design_1_i/blk_mem_gen_0/U0/inst_blk_mem_gen/gnbram.gnativebmg.native_blk_mem_gen/valid.cstr/has_mux_a.A/douta[7]_INST_0_i_1_n_0. Optimization improves timing on the net.
INFO: [Physopt 32-619] Estimated Timing Summary | WNS=-11.316 | TNS=-521.360 |
INFO: [Physopt 32-702] Processed net design_1_i/top_system_0/U0/inst_i2s_tx/r_tx_shift_reg_n_0_[2]. Optimizations did not improve timing on the net.
INFO: [Physopt 32-702] Processed net design_1_i/blk_mem_gen_0/U0/inst_blk_mem_gen/gnbram.gnativebmg.native_blk_mem_gen/valid.cstr/ramloop[18].ram.r/prim_init.ram/ramloop[18].ram.ram_douta[2]. Optimizations did not improve timing on the net.
INFO: [Physopt 32-608] Optimized 1 net.  Swapped 11 pins.
INFO: [Physopt 32-735] Processed net design_1_i/blk_mem_gen_0/U0/inst_blk_mem_gen/gnbram.gnativebmg.native_blk_mem_gen/valid.cstr/has_mux_a.A/douta[2]_INST_0_i_1_n_0. Optimization improves timing on the net.
INFO: [Physopt 32-619] Estimated Timing Summary | WNS=-11.313 | TNS=-521.028 |
INFO: [Physopt 32-702] Processed net design_1_i/blk_mem_gen_0/U0/inst_blk_mem_gen/gnbram.gnativebmg.native_blk_mem_gen/valid.cstr/has_mux_a.A/douta[7]_INST_0_i_1_n_0. Optimizations did not improve timing on the net.
INFO: [Physopt 32-702] Processed net design_1_i/blk_mem_gen_0/U0/inst_blk_mem_gen/gnbram.gnativebmg.native_blk_mem_gen/valid.cstr/has_mux_a.A/douta[7]_INST_0_i_4_n_0. Optimizations did not improve timing on the net.
INFO: [Physopt 32-608] Optimized 1 net.  Swapped 12 pins.
INFO: [Physopt 32-735] Processed net design_1_i/blk_mem_gen_0/U0/inst_blk_mem_gen/gnbram.gnativebmg.native_blk_mem_gen/valid.cstr/has_mux_a.A/douta[7]_INST_0_i_11_n_0. Optimization improves timing on the net.
INFO: [Physopt 32-619] Estimated Timing Summary | WNS=-11.312 | TNS=-520.958 |
INFO: [Physopt 32-702] Processed net design_1_i/blk_mem_gen_0/U0/inst_blk_mem_gen/gnbram.gnativebmg.native_blk_mem_gen/valid.cstr/has_mux_a.A/douta[12]_INST_0_i_15_n_0. Optimizations did not improve timing on the net.
INFO: [Physopt 32-702] Processed net design_1_i/blk_mem_gen_0/U0/inst_blk_mem_gen/gnbram.gnativebmg.native_blk_mem_gen/valid.cstr/has_mux_a.A/douta[12]. Optimizations did not improve timing on the net.
INFO: [Physopt 32-702] Processed net clk_100Mhz_0_IBUF. Optimizations did not improve timing on the net.
INFO: [Physopt 32-702] Processed net clk_100Mhz_0. Optimizations did not improve timing on the net.
INFO: [Physopt 32-702] Processed net design_1_i/system_ila_1/U0/ila_lib/U0/ila_core_inst/u_trig/U_TM/N_DDR_MODE.G_NMU[3].U_M/allx_typeA_match_detection.ltlib_v1_0_3_allx_typeA_inst/all_dly1[0]. Optimizations did not improve timing on the net.
INFO: [Physopt 32-702] Processed net design_1_i/clk_wiz_0/inst/clk_out1_design_1_clk_wiz_0_0. Optimizations did not improve timing on the net.
INFO: [Physopt 32-608] Optimized 1 net.  Swapped 8 pins.
INFO: [Physopt 32-735] Processed net design_1_i/system_ila_1/U0/ila_lib/U0/ila_core_inst/u_trig/U_TM/probe_data[3]. Optimization improves timing on the net.
INFO: [Physopt 32-619] Estimated Timing Summary | WNS=-11.312 | TNS=-520.669 |
INFO: [Physopt 32-702] Processed net design_1_i/system_ila_1/U0/ila_lib/U0/ila_core_inst/shifted_data_in_reg[7][3]_srl8_n_0. Optimizations did not improve timing on the net.
INFO: [Physopt 32-1483] Netlist edit fails for net design_1_i/top_system_0/U0/inst_i2s_tx/i2s_dout_repN and pin design_1_i/system_ila_1/U0/ila_lib/U0/ila_core_inst/shifted_data_in_reg[7][3]_srl8/D. Please check constraints such as DONT_TOUCH on the instance, net and hierarchical instance between driver and loads.
INFO: [Physopt 32-1483] Netlist edit fails for net design_1_i/top_system_0/U0/inst_i2s_tx/i2s_dout_repN and pin design_1_i/system_ila_1/U0/ila_lib/U0/ila_core_inst/u_trig/U_TM/N_DDR_MODE.G_NMU[3].U_M_i_1/I2. Please check constraints such as DONT_TOUCH on the instance, net and hierarchical instance between driver and loads.
INFO: [Physopt 32-782] Net design_1_i/top_system_0/U0/inst_i2s_tx/i2s_dout was not replicated
INFO: [Physopt 32-780] Instance design_1_i/system_ila_1/U0/ila_lib has DONT_TOUCH and is preventing optimization
Resolution: Removing DONT_TOUCH attributes may enable additional optimization
INFO: [Physopt 32-780] Instance design_1_i/system_ila_1/U0/ila_lib/U0 has DONT_TOUCH and is preventing optimization
Resolution: Removing DONT_TOUCH attributes may enable additional optimization
INFO: [Physopt 32-702] Processed net design_1_i/top_system_0/U0/inst_i2s_tx/i2s_dout. Optimizations did not improve timing on the net.
INFO: [Physopt 32-663] Processed net design_1_i/top_system_0/U0/inst_i2s_tx/l_tx_shift_reg_n_0_[12].  Re-placed instance design_1_i/top_system_0/U0/inst_i2s_tx/l_tx_shift_reg[12]
INFO: [Physopt 32-735] Processed net design_1_i/top_system_0/U0/inst_i2s_tx/l_tx_shift_reg_n_0_[12]. Optimization improves timing on the net.
INFO: [Physopt 32-619] Estimated Timing Summary | WNS=-11.307 | TNS=-520.661 |
INFO: [Physopt 32-702] Processed net design_1_i/top_system_0/U0/inst_i2s_tx/r_tx_shift_reg_n_0_[11]. Optimizations did not improve timing on the net.
INFO: [Physopt 32-702] Processed net design_1_i/blk_mem_gen_0/U0/inst_blk_mem_gen/gnbram.gnativebmg.native_blk_mem_gen/valid.cstr/ramloop[42].ram.r/prim_init.ram/ramloop[42].ram.ram_douta[2]. Optimizations did not improve timing on the net.
INFO: [Physopt 32-702] Processed net design_1_i/blk_mem_gen_0/U0/inst_blk_mem_gen/gnbram.gnativebmg.native_blk_mem_gen/valid.cstr/has_mux_a.A/douta[11]_INST_0_i_1_n_0. Optimizations did not improve timing on the net.
INFO: [Physopt 32-702] Processed net design_1_i/blk_mem_gen_0/U0/inst_blk_mem_gen/gnbram.gnativebmg.native_blk_mem_gen/valid.cstr/has_mux_a.A/douta[11]_INST_0_i_6_n_0. Optimizations did not improve timing on the net.
INFO: [Physopt 32-608] Optimized 1 net.  Swapped 23 pins.
INFO: [Physopt 32-735] Processed net design_1_i/blk_mem_gen_0/U0/inst_blk_mem_gen/gnbram.gnativebmg.native_blk_mem_gen/valid.cstr/has_mux_a.A/douta[11]_INST_0_i_15_n_0. Optimization improves timing on the net.
INFO: [Physopt 32-619] Estimated Timing Summary | WNS=-11.304 | TNS=-520.569 |
INFO: [Physopt 32-702] Processed net design_1_i/top_system_0/U0/inst_i2s_tx/l_tx_shift_reg_n_0_[12]. Optimizations did not improve timing on the net.
INFO: [Physopt 32-702] Processed net design_1_i/blk_mem_gen_0/U0/inst_blk_mem_gen/gnbram.gnativebmg.native_blk_mem_gen/valid.cstr/ramloop[42].ram.r/prim_init.ram/ramloop[42].ram.ram_douta[3]. Optimizations did not improve timing on the net.
INFO: [Physopt 32-702] Processed net design_1_i/blk_mem_gen_0/U0/inst_blk_mem_gen/gnbram.gnativebmg.native_blk_mem_gen/valid.cstr/has_mux_a.A/douta[12]_INST_0_i_1_n_0. Optimizations did not improve timing on the net.
INFO: [Physopt 32-702] Processed net design_1_i/blk_mem_gen_0/U0/inst_blk_mem_gen/gnbram.gnativebmg.native_blk_mem_gen/valid.cstr/has_mux_a.A/douta[12]_INST_0_i_6_n_0. Optimizations did not improve timing on the net.
INFO: [Physopt 32-702] Processed net design_1_i/blk_mem_gen_0/U0/inst_blk_mem_gen/gnbram.gnativebmg.native_blk_mem_gen/valid.cstr/has_mux_a.A/douta[12]_INST_0_i_15_n_0. Optimizations did not improve timing on the net.
INFO: [Physopt 32-702] Processed net design_1_i/blk_mem_gen_0/U0/inst_blk_mem_gen/gnbram.gnativebmg.native_blk_mem_gen/valid.cstr/has_mux_a.A/douta[12]. Optimizations did not improve timing on the net.
INFO: [Physopt 32-702] Processed net clk_100Mhz_0_IBUF. Optimizations did not improve timing on the net.
INFO: [Physopt 32-702] Processed net clk_100Mhz_0. Optimizations did not improve timing on the net.
INFO: [Physopt 32-702] Processed net design_1_i/system_ila_1/U0/ila_lib/U0/ila_core_inst/shifted_data_in_reg[7][3]_srl8_n_0. Optimizations did not improve timing on the net.
INFO: [Physopt 32-702] Processed net design_1_i/clk_wiz_0/inst/clk_out1_design_1_clk_wiz_0_0. Optimizations did not improve timing on the net.
INFO: [Physopt 32-702] Processed net design_1_i/top_system_0/U0/inst_i2s_tx/i2s_dout. Optimizations did not improve timing on the net.
INFO: [Physopt 32-619] Estimated Timing Summary | WNS=-11.304 | TNS=-520.569 |
Netlist sorting complete. Time (s): cpu = 00:00:00 ; elapsed = 00:00:00.012 . Memory (MB): peak = 2216.199 ; gain = 0.000
Phase 3 Critical Path Optimization | Checksum: 11a85edac

Time (s): cpu = 00:00:06 ; elapsed = 00:00:04 . Memory (MB): peak = 2216.199 ; gain = 0.000

Phase 4 Critical Path Optimization
INFO: [Physopt 32-619] Estimated Timing Summary | WNS=-11.304 | TNS=-520.569 |
INFO: [Physopt 32-702] Processed net design_1_i/top_system_0/U0/inst_i2s_tx/l_tx_shift_reg_n_0_[12]. Optimizations did not improve timing on the net.
INFO: [Physopt 32-702] Processed net design_1_i/blk_mem_gen_0/U0/inst_blk_mem_gen/gnbram.gnativebmg.native_blk_mem_gen/valid.cstr/ramloop[42].ram.r/prim_init.ram/ramloop[42].ram.ram_douta[3]. Optimizations did not improve timing on the net.
INFO: [Physopt 32-702] Processed net design_1_i/blk_mem_gen_0/U0/inst_blk_mem_gen/gnbram.gnativebmg.native_blk_mem_gen/valid.cstr/has_mux_a.A/douta[12]_INST_0_i_1_n_0. Optimizations did not improve timing on the net.
INFO: [Physopt 32-702] Processed net design_1_i/blk_mem_gen_0/U0/inst_blk_mem_gen/gnbram.gnativebmg.native_blk_mem_gen/valid.cstr/has_mux_a.A/douta[12]_INST_0_i_6_n_0. Optimizations did not improve timing on the net.
INFO: [Physopt 32-702] Processed net design_1_i/blk_mem_gen_0/U0/inst_blk_mem_gen/gnbram.gnativebmg.native_blk_mem_gen/valid.cstr/has_mux_a.A/douta[12]_INST_0_i_15_n_0. Optimizations did not improve timing on the net.
INFO: [Physopt 32-702] Processed net design_1_i/blk_mem_gen_0/U0/inst_blk_mem_gen/gnbram.gnativebmg.native_blk_mem_gen/valid.cstr/has_mux_a.A/douta[12]. Optimizations did not improve timing on the net.
INFO: [Physopt 32-702] Processed net clk_100Mhz_0_IBUF. Optimizations did not improve timing on the net.
INFO: [Physopt 32-702] Processed net clk_100Mhz_0. Optimizations did not improve timing on the net.
INFO: [Physopt 32-702] Processed net design_1_i/system_ila_1/U0/ila_lib/U0/ila_core_inst/shifted_data_in_reg[7][3]_srl8_n_0. Optimizations did not improve timing on the net.
INFO: [Physopt 32-702] Processed net design_1_i/clk_wiz_0/inst/clk_out1_design_1_clk_wiz_0_0. Optimizations did not improve timing on the net.
INFO: [Physopt 32-1483] Netlist edit fails for net design_1_i/top_system_0/U0/inst_i2s_tx/i2s_dout_repN and pin design_1_i/system_ila_1/U0/ila_lib/U0/ila_core_inst/shifted_data_in_reg[7][3]_srl8/D. Please check constraints such as DONT_TOUCH on the instance, net and hierarchical instance between driver and loads.
INFO: [Physopt 32-1483] Netlist edit fails for net design_1_i/top_system_0/U0/inst_i2s_tx/i2s_dout_repN and pin design_1_i/system_ila_1/U0/ila_lib/U0/ila_core_inst/u_trig/U_TM/N_DDR_MODE.G_NMU[3].U_M_i_1/I2. Please check constraints such as DONT_TOUCH on the instance, net and hierarchical instance between driver and loads.
INFO: [Physopt 32-782] Net design_1_i/top_system_0/U0/inst_i2s_tx/i2s_dout was not replicated
INFO: [Physopt 32-780] Instance design_1_i/system_ila_1/U0/ila_lib has DONT_TOUCH and is preventing optimization
Resolution: Removing DONT_TOUCH attributes may enable additional optimization
INFO: [Physopt 32-780] Instance design_1_i/system_ila_1/U0/ila_lib/U0 has DONT_TOUCH and is preventing optimization
Resolution: Removing DONT_TOUCH attributes may enable additional optimization
INFO: [Physopt 32-702] Processed net design_1_i/top_system_0/U0/inst_i2s_tx/i2s_dout. Optimizations did not improve timing on the net.
INFO: [Physopt 32-702] Processed net design_1_i/top_system_0/U0/inst_i2s_tx/l_tx_shift_reg_n_0_[12]. Optimizations did not improve timing on the net.
INFO: [Physopt 32-702] Processed net design_1_i/blk_mem_gen_0/U0/inst_blk_mem_gen/gnbram.gnativebmg.native_blk_mem_gen/valid.cstr/ramloop[42].ram.r/prim_init.ram/ramloop[42].ram.ram_douta[3]. Optimizations did not improve timing on the net.
INFO: [Physopt 32-702] Processed net design_1_i/blk_mem_gen_0/U0/inst_blk_mem_gen/gnbram.gnativebmg.native_blk_mem_gen/valid.cstr/has_mux_a.A/douta[12]_INST_0_i_1_n_0. Optimizations did not improve timing on the net.
INFO: [Physopt 32-702] Processed net design_1_i/blk_mem_gen_0/U0/inst_blk_mem_gen/gnbram.gnativebmg.native_blk_mem_gen/valid.cstr/has_mux_a.A/douta[12]_INST_0_i_6_n_0. Optimizations did not improve timing on the net.
INFO: [Physopt 32-702] Processed net design_1_i/blk_mem_gen_0/U0/inst_blk_mem_gen/gnbram.gnativebmg.native_blk_mem_gen/valid.cstr/has_mux_a.A/douta[12]_INST_0_i_15_n_0. Optimizations did not improve timing on the net.
INFO: [Physopt 32-702] Processed net design_1_i/blk_mem_gen_0/U0/inst_blk_mem_gen/gnbram.gnativebmg.native_blk_mem_gen/valid.cstr/has_mux_a.A/douta[12]. Optimizations did not improve timing on the net.
INFO: [Physopt 32-702] Processed net clk_100Mhz_0_IBUF. Optimizations did not improve timing on the net.
INFO: [Physopt 32-702] Processed net clk_100Mhz_0. Optimizations did not improve timing on the net.
INFO: [Physopt 32-702] Processed net design_1_i/system_ila_1/U0/ila_lib/U0/ila_core_inst/shifted_data_in_reg[7][3]_srl8_n_0. Optimizations did not improve timing on the net.
INFO: [Physopt 32-702] Processed net design_1_i/clk_wiz_0/inst/clk_out1_design_1_clk_wiz_0_0. Optimizations did not improve timing on the net.
INFO: [Physopt 32-702] Processed net design_1_i/top_system_0/U0/inst_i2s_tx/i2s_dout. Optimizations did not improve timing on the net.
INFO: [Physopt 32-619] Estimated Timing Summary | WNS=-11.304 | TNS=-520.569 |
Netlist sorting complete. Time (s): cpu = 00:00:00 ; elapsed = 00:00:00.010 . Memory (MB): peak = 2216.199 ; gain = 0.000
Phase 4 Critical Path Optimization | Checksum: 11a85edac

Time (s): cpu = 00:00:06 ; elapsed = 00:00:04 . Memory (MB): peak = 2216.199 ; gain = 0.000
Netlist sorting complete. Time (s): cpu = 00:00:00 ; elapsed = 00:00:00.011 . Memory (MB): peak = 2216.199 ; gain = 0.000
INFO: [Physopt 32-603] Post Physical Optimization Timing Summary | WNS=-11.304 | TNS=-520.569 |

Summary of Physical Synthesis Optimizations
============================================


-------------------------------------------------------------------------------------------------------------------------------------------------------------
|  Optimization   |  WNS Gain (ns)  |  TNS Gain (ns)  |  Added Cells  |  Removed Cells  |  Optimized Cells/Nets  |  Dont Touch  |  Iterations  |  Elapsed   |
-------------------------------------------------------------------------------------------------------------------------------------------------------------
|  DSP Register   |          0.000  |          0.000  |            0  |              0  |                     0  |           0  |           1  |  00:00:00  |
|  Critical Path  |          0.098  |          1.998  |            0  |              0  |                    16  |           0  |           2  |  00:00:02  |
|  Total          |          0.098  |          1.998  |            0  |              0  |                    16  |           0  |           3  |  00:00:02  |
-------------------------------------------------------------------------------------------------------------------------------------------------------------


Netlist sorting complete. Time (s): cpu = 00:00:00 ; elapsed = 00:00:00.011 . Memory (MB): peak = 2216.199 ; gain = 0.000
Ending Physical Synthesis Task | Checksum: 1ecbf02b0

Time (s): cpu = 00:00:06 ; elapsed = 00:00:05 . Memory (MB): peak = 2216.199 ; gain = 0.000
INFO: [Common 17-83] Releasing license: Implementation
259 Infos, 6 Warnings, 0 Critical Warnings and 0 Errors encountered.
phys_opt_design completed successfully
phys_opt_design: Time (s): cpu = 00:00:09 ; elapsed = 00:00:07 . Memory (MB): peak = 2216.199 ; gain = 0.000
INFO: [Timing 38-480] Writing timing data to binary archive.
Write ShapeDB Complete: Time (s): cpu = 00:00:00 ; elapsed = 00:00:00.033 . Memory (MB): peak = 2216.199 ; gain = 0.000
Wrote PlaceDB: Time (s): cpu = 00:00:03 ; elapsed = 00:00:01 . Memory (MB): peak = 2216.199 ; gain = 0.000
Wrote PulsedLatchDB: Time (s): cpu = 00:00:00 ; elapsed = 00:00:00 . Memory (MB): peak = 2216.199 ; gain = 0.000
Writing XDEF routing.
Writing XDEF routing logical nets.
Writing XDEF routing special nets.
Wrote RouteStorage: Time (s): cpu = 00:00:00 ; elapsed = 00:00:00.048 . Memory (MB): peak = 2216.199 ; gain = 0.000
Wrote Netlist Cache: Time (s): cpu = 00:00:00 ; elapsed = 00:00:00.019 . Memory (MB): peak = 2216.199 ; gain = 0.000
Wrote Device Cache: Time (s): cpu = 00:00:00 ; elapsed = 00:00:00.013 . Memory (MB): peak = 2216.199 ; gain = 0.000
Write Physdb Complete: Time (s): cpu = 00:00:03 ; elapsed = 00:00:01 . Memory (MB): peak = 2216.199 ; gain = 0.000
INFO: [Common 17-1381] The checkpoint 'C:/Users/kille/Documents/GitHub/TFM-UPM/Practica/Prueba1/prueba_v1.0.runs/impl_1/design_1_wrapper_physopt.dcp' has been generated.
Command: route_design
Attempting to get a license for feature 'Implementation' and/or device 'xc7a100t'
INFO: [Common 17-349] Got license for feature 'Implementation' and/or device 'xc7a100t'


Starting Routing Task
INFO: [Route 35-254] Multithreading enabled for route_design using a maximum of 2 CPUs

Phase 1 Build RT Design
Checksum: PlaceDB: 32b73a77 ConstDB: 0 ShapeSum: bbe0e75f RouteDB: b1d25f96
Post Restoration Checksum: NetGraph: 5858ab83 | NumContArr: 236461cc | Constraints: c2a8fa9d | Timing: c2a8fa9d
Phase 1 Build RT Design | Checksum: 2010f0289

Time (s): cpu = 00:01:16 ; elapsed = 00:01:12 . Memory (MB): peak = 2216.199 ; gain = 0.000

Phase 2 Router Initialization

Phase 2.1 Fix Topology Constraints
Phase 2.1 Fix Topology Constraints | Checksum: 2010f0289

Time (s): cpu = 00:01:16 ; elapsed = 00:01:12 . Memory (MB): peak = 2216.199 ; gain = 0.000

Phase 2.2 Pre Route Cleanup
Phase 2.2 Pre Route Cleanup | Checksum: 2010f0289

Time (s): cpu = 00:01:16 ; elapsed = 00:01:12 . Memory (MB): peak = 2216.199 ; gain = 0.000
 Number of Nodes with overlaps = 0

Phase 2.3 Update Timing
Phase 2.3 Update Timing | Checksum: 32ab620dd

Time (s): cpu = 00:01:23 ; elapsed = 00:01:18 . Memory (MB): peak = 2255.219 ; gain = 39.020
INFO: [Route 35-416] Intermediate Timing Summary | WNS=-11.286| TNS=-520.101| WHS=-1.698 | THS=-205.302|


Phase 2.4 Update Timing for Bus Skew

Phase 2.4.1 Update Timing
Phase 2.4.1 Update Timing | Checksum: 2abfb7d1b

Time (s): cpu = 00:01:28 ; elapsed = 00:01:20 . Memory (MB): peak = 2255.219 ; gain = 39.020
INFO: [Route 35-416] Intermediate Timing Summary | WNS=-11.286| TNS=-550.922| WHS=-3.623 | THS=-192.519|

Phase 2.4 Update Timing for Bus Skew | Checksum: 26402c89b

Time (s): cpu = 00:01:28 ; elapsed = 00:01:20 . Memory (MB): peak = 2259.578 ; gain = 43.379

Phase 2.5 Soft Constraint Pins - Fast Budgeting
Phase 2.5 Soft Constraint Pins - Fast Budgeting | Checksum: 26402c89b

Time (s): cpu = 00:01:28 ; elapsed = 00:01:21 . Memory (MB): peak = 2294.074 ; gain = 77.875

Router Utilization Summary
  Global Vertical Routing Utilization    = 0 %
  Global Horizontal Routing Utilization  = 0 %
  Routable Net Status*
  *Does not include unroutable nets such as driverless and loadless.
  Run report_route_status for detailed report.
  Number of Failed Nets               = 6145
    (Failed Nets is the sum of unrouted and partially routed nets)
  Number of Unrouted Nets             = 6145
  Number of Partially Routed Nets     = 0
  Number of Node Overlaps             = 0

Phase 2 Router Initialization | Checksum: 27cb22d9b

Time (s): cpu = 00:01:29 ; elapsed = 00:01:21 . Memory (MB): peak = 2294.074 ; gain = 77.875

Phase 3 Global Routing
Phase 3 Global Routing | Checksum: 27cb22d9b

Time (s): cpu = 00:01:29 ; elapsed = 00:01:21 . Memory (MB): peak = 2294.074 ; gain = 77.875

Phase 4 Initial Routing

Phase 4.1 Initial Net Routing Pass
Phase 4.1 Initial Net Routing Pass | Checksum: 2ba3811bd

Time (s): cpu = 00:01:43 ; elapsed = 00:01:31 . Memory (MB): peak = 2294.074 ; gain = 77.875
Phase 4 Initial Routing | Checksum: 2ba3811bd

Time (s): cpu = 00:01:43 ; elapsed = 00:01:31 . Memory (MB): peak = 2294.074 ; gain = 77.875
INFO: [Route 35-580] Design has 75 pins with tight setup and hold constraints.

The top 5 pins with tight setup and hold constraints:

+===============================+===============================+===================================================================================================================================================================================================================================================================================================================================================+
| Launch Setup Clock            | Launch Hold Clock             | Pin                                                                                                                                                                                                                                                                                                                                               |
+===============================+===============================+===================================================================================================================================================================================================================================================================================================================================================+
| clk_out1_design_1_clk_wiz_0_0 | clk_out1_design_1_clk_wiz_0_0 | design_1_i/top_system_0/U0/inst_audio_player/lrclk_prev_reg/D                                                                                                                                                                                                                                                                                     |
| clk_out1_design_1_clk_wiz_0_0 | clk_out1_design_1_clk_wiz_0_0 | design_1_i/blk_mem_gen_0/U0/inst_blk_mem_gen/gnbram.gnativebmg.native_blk_mem_gen/valid.cstr/ramloop[79].ram.r/prim_init.ram/design_1_i/blk_mem_gen_0/U0/inst_blk_mem_gen/gnbram.gnativebmg.native_blk_mem_gen/valid.cstr/ramloop[79].ram.r/prim_init.ram/DEVICE_7SERIES.NO_BMM_INFO.SP.CASCADED_PRIM36.ram_B_cooolgate_en_gate_14_cooolDelFlop/D |
| clk_out1_design_1_clk_wiz_0_0 | clk_out1_design_1_clk_wiz_0_0 | design_1_i/top_system_0/U0/inst_audio_player/addr_cnt_reg[11]/CE                                                                                                                                                                                                                                                                                  |
| clk_out1_design_1_clk_wiz_0_0 | clk_out1_design_1_clk_wiz_0_0 | design_1_i/top_system_0/U0/inst_audio_player/addr_cnt_reg[11]_replica_7/CE                                                                                                                                                                                                                                                                        |
| clk_out1_design_1_clk_wiz_0_0 | clk_out1_design_1_clk_wiz_0_0 | design_1_i/top_system_0/U0/inst_audio_player/addr_cnt_reg[10]_replica_5/CE                                                                                                                                                                                                                                                                        |
+-------------------------------+-------------------------------+---------------------------------------------------------------------------------------------------------------------------------------------------------------------------------------------------------------------------------------------------------------------------------------------------------------------------------------------------+

File with complete list of pins: tight_setup_hold_pins.txt


Phase 5 Rip-up And Reroute

Phase 5.1 Global Iteration 0
 Number of Nodes with overlaps = 688
 Number of Nodes with overlaps = 126
 Number of Nodes with overlaps = 17
 Number of Nodes with overlaps = 1
 Number of Nodes with overlaps = 0
INFO: [Route 35-416] Intermediate Timing Summary | WNS=-11.231| TNS=-674.044| WHS=N/A    | THS=N/A    |

Phase 5.1 Global Iteration 0 | Checksum: 19189c115

Time (s): cpu = 00:02:15 ; elapsed = 00:02:02 . Memory (MB): peak = 2320.207 ; gain = 104.008

Phase 5.2 Global Iteration 1
 Number of Nodes with overlaps = 326
 Number of Nodes with overlaps = 68
 Number of Nodes with overlaps = 11
 Number of Nodes with overlaps = 0
INFO: [Route 35-416] Intermediate Timing Summary | WNS=-11.998| TNS=-692.830| WHS=N/A    | THS=N/A    |

Phase 5.2 Global Iteration 1 | Checksum: 225305558

Time (s): cpu = 00:05:00 ; elapsed = 00:04:58 . Memory (MB): peak = 2320.207 ; gain = 104.008
Phase 5 Rip-up And Reroute | Checksum: 225305558

Time (s): cpu = 00:05:00 ; elapsed = 00:04:58 . Memory (MB): peak = 2320.207 ; gain = 104.008

Phase 6 Delay and Skew Optimization

Phase 6.1 Delay CleanUp

Phase 6.1.1 Update Timing
Phase 6.1.1 Update Timing | Checksum: 1ded12547

Time (s): cpu = 00:05:01 ; elapsed = 00:04:59 . Memory (MB): peak = 2320.207 ; gain = 104.008
INFO: [Route 35-416] Intermediate Timing Summary | WNS=-11.231| TNS=-674.034| WHS=N/A    | THS=N/A    |

 Number of Nodes with overlaps = 0
Phase 6.1 Delay CleanUp | Checksum: 19b0d5730

Time (s): cpu = 00:05:03 ; elapsed = 00:05:01 . Memory (MB): peak = 2320.207 ; gain = 104.008

Phase 6.2 Clock Skew Optimization
Phase 6.2 Clock Skew Optimization | Checksum: 19b0d5730

Time (s): cpu = 00:05:03 ; elapsed = 00:05:01 . Memory (MB): peak = 2320.207 ; gain = 104.008
Phase 6 Delay and Skew Optimization | Checksum: 19b0d5730

Time (s): cpu = 00:05:03 ; elapsed = 00:05:01 . Memory (MB): peak = 2320.207 ; gain = 104.008

Phase 7 Post Hold Fix

Phase 7.1 Hold Fix Iter
INFO: [Route 35-416] Intermediate Timing Summary | WNS=-11.136| TNS=-677.506| WHS=-0.199 | THS=-1.089 |

Phase 7.1 Hold Fix Iter | Checksum: 31ec70d94

Time (s): cpu = 00:05:04 ; elapsed = 00:05:01 . Memory (MB): peak = 2320.207 ; gain = 104.008

Phase 7.2 Non Free Resource Hold Fix Iter
Phase 7.2 Non Free Resource Hold Fix Iter | Checksum: 2fbc97ea6

Time (s): cpu = 00:05:04 ; elapsed = 00:05:01 . Memory (MB): peak = 2320.207 ; gain = 104.008
WARNING: [Route 35-468] The router encountered 43 pins that are both setup-critical and hold-critical and tried to fix hold violations at the expense of setup slack. Such pins are:
	design_1_i/blk_mem_gen_0/U0/inst_blk_mem_gen/gnbram.gnativebmg.native_blk_mem_gen/valid.cstr/ramloop[79].ram.r/prim_init.ram/design_1_i/blk_mem_gen_0/U0/inst_blk_mem_gen/gnbram.gnativebmg.native_blk_mem_gen/valid.cstr/ramloop[79].ram.r/prim_init.ram/DEVICE_7SERIES.NO_BMM_INFO.SP.CASCADED_PRIM36.ram_B_cooolgate_en_gate_14_cooolDelFlop/D
	design_1_i/top_system_0/U0/inst_audio_player/addr_cnt_reg[0]/CE
	design_1_i/top_system_0/U0/inst_audio_player/addr_cnt_reg[10]/CE
	design_1_i/top_system_0/U0/inst_audio_player/addr_cnt_reg[10]_replica_1/CE
	design_1_i/top_system_0/U0/inst_audio_player/addr_cnt_reg[10]_replica_7/CE
	design_1_i/top_system_0/U0/inst_audio_player/addr_cnt_reg[10]_replica_8/CE
	design_1_i/top_system_0/U0/inst_audio_player/addr_cnt_reg[11]/CE
	design_1_i/top_system_0/U0/inst_audio_player/addr_cnt_reg[11]_replica/CE
	design_1_i/top_system_0/U0/inst_audio_player/addr_cnt_reg[11]_replica_1/CE
	design_1_i/top_system_0/U0/inst_audio_player/addr_cnt_reg[10]_replica/CE
	.. and 33 more pins.

Phase 7 Post Hold Fix | Checksum: 2fbc97ea6

Time (s): cpu = 00:05:04 ; elapsed = 00:05:01 . Memory (MB): peak = 2320.207 ; gain = 104.008

Phase 8 Route finalize

Router Utilization Summary
  Global Vertical Routing Utilization    = 2.35736 %
  Global Horizontal Routing Utilization  = 1.7419 %
  Routable Net Status*
  *Does not include unroutable nets such as driverless and loadless.
  Run report_route_status for detailed report.
  Number of Failed Nets               = 0
    (Failed Nets is the sum of unrouted and partially routed nets)
  Number of Unrouted Nets             = 0
  Number of Partially Routed Nets     = 0
  Number of Node Overlaps             = 0


--GLOBAL Congestion:
Utilization threshold used for congestion level computation: 0.85
Congestion Report
North Dir 1x1 Area, Max Cong = 45.9459%, No Congested Regions.
South Dir 1x1 Area, Max Cong = 44.1441%, No Congested Regions.
East Dir 1x1 Area, Max Cong = 39.7059%, No Congested Regions.
West Dir 1x1 Area, Max Cong = 52.9412%, No Congested Regions.

------------------------------
Reporting congestion hotspots
------------------------------
Direction: North
----------------
Congested clusters found at Level 0
Effective congestion level: 0 Aspect Ratio: 1 Sparse Ratio: 0
Direction: South
----------------
Congested clusters found at Level 0
Effective congestion level: 0 Aspect Ratio: 1 Sparse Ratio: 0
Direction: East
----------------
Congested clusters found at Level 0
Effective congestion level: 0 Aspect Ratio: 1 Sparse Ratio: 0
Direction: West
----------------
Congested clusters found at Level 0
Effective congestion level: 0 Aspect Ratio: 1 Sparse Ratio: 0

Phase 8 Route finalize | Checksum: 2fbc97ea6

Time (s): cpu = 00:05:05 ; elapsed = 00:05:01 . Memory (MB): peak = 2320.207 ; gain = 104.008

Phase 9 Verifying routed nets

 Verification completed successfully
Phase 9 Verifying routed nets | Checksum: 2fbc97ea6

Time (s): cpu = 00:05:05 ; elapsed = 00:05:01 . Memory (MB): peak = 2320.207 ; gain = 104.008

Phase 10 Depositing Routes
Phase 10 Depositing Routes | Checksum: 28dd4b9bb

Time (s): cpu = 00:05:06 ; elapsed = 00:05:03 . Memory (MB): peak = 2320.207 ; gain = 104.008

Phase 11 Post Process Routing
Phase 11 Post Process Routing | Checksum: 28dd4b9bb

Time (s): cpu = 00:05:06 ; elapsed = 00:05:03 . Memory (MB): peak = 2320.207 ; gain = 104.008

Phase 12 Post Router Timing

Phase 12.1 Update Timing
Phase 12.1 Update Timing | Checksum: 28dd4b9bb

Time (s): cpu = 00:05:07 ; elapsed = 00:05:03 . Memory (MB): peak = 2320.207 ; gain = 104.008
INFO: [Route 35-57] Estimated Timing Summary | WNS=-11.136| TNS=-758.037| WHS=0.050  | THS=0.000  |

WARNING: [Route 35-328] Router estimated timing not met.
Resolution: For a complete and accurate timing signoff, report_timing_summary must be run after route_design. Alternatively, route_design can be run with the -timing_summary option to enable a complete timing signoff at the end of route_design.
Phase 12 Post Router Timing | Checksum: 28dd4b9bb

Time (s): cpu = 00:05:07 ; elapsed = 00:05:03 . Memory (MB): peak = 2320.207 ; gain = 104.008
Total Elapsed time in route_design: 302.973 secs

Phase 13 Post-Route Event Processing
Phase 13 Post-Route Event Processing | Checksum: 2415dbfc5

Time (s): cpu = 00:05:07 ; elapsed = 00:05:03 . Memory (MB): peak = 2320.207 ; gain = 104.008
INFO: [Route 35-16] Router Completed Successfully
Ending Routing Task | Checksum: 2415dbfc5

Time (s): cpu = 00:05:07 ; elapsed = 00:05:03 . Memory (MB): peak = 2320.207 ; gain = 104.008

Routing Is Done.
INFO: [Common 17-83] Releasing license: Implementation
273 Infos, 8 Warnings, 0 Critical Warnings and 0 Errors encountered.
route_design completed successfully
route_design: Time (s): cpu = 00:05:07 ; elapsed = 00:05:04 . Memory (MB): peak = 2320.207 ; gain = 104.008
INFO: [Vivado 12-24828] Executing command : report_drc -file design_1_wrapper_drc_routed.rpt -pb design_1_wrapper_drc_routed.pb -rpx design_1_wrapper_drc_routed.rpx
Command: report_drc -file design_1_wrapper_drc_routed.rpt -pb design_1_wrapper_drc_routed.pb -rpx design_1_wrapper_drc_routed.rpx
INFO: [IP_Flow 19-1839] IP Catalog is up to date.
INFO: [DRC 23-27] Running DRC with 2 threads
INFO: [Vivado_Tcl 2-168] The results of DRC are in file C:/Users/kille/Documents/GitHub/TFM-UPM/Practica/Prueba1/prueba_v1.0.runs/impl_1/design_1_wrapper_drc_routed.rpt.
report_drc completed successfully
report_drc: Time (s): cpu = 00:00:16 ; elapsed = 00:00:08 . Memory (MB): peak = 2320.207 ; gain = 0.000
INFO: [Vivado 12-24828] Executing command : report_methodology -file design_1_wrapper_methodology_drc_routed.rpt -pb design_1_wrapper_methodology_drc_routed.pb -rpx design_1_wrapper_methodology_drc_routed.rpx
Command: report_methodology -file design_1_wrapper_methodology_drc_routed.rpt -pb design_1_wrapper_methodology_drc_routed.pb -rpx design_1_wrapper_methodology_drc_routed.rpx
INFO: [Timing 38-35] Done setting XDC timing constraints.
INFO: [DRC 23-133] Running Methodology with 2 threads
INFO: [Vivado_Tcl 2-1520] The results of Report Methodology are in file C:/Users/kille/Documents/GitHub/TFM-UPM/Practica/Prueba1/prueba_v1.0.runs/impl_1/design_1_wrapper_methodology_drc_routed.rpt.
report_methodology completed successfully
INFO: [Vivado 12-24828] Executing command : report_timing_summary -max_paths 10 -routable_nets -report_unconstrained -file design_1_wrapper_timing_summary_routed.rpt -pb design_1_wrapper_timing_summary_routed.pb -rpx design_1_wrapper_timing_summary_routed.rpx -warn_on_violation 
INFO: [Timing 38-35] Done setting XDC timing constraints.
INFO: [Timing 38-91] UpdateTimingParams: Speed grade: -1, Delay Type: min_max.
INFO: [Timing 38-191] Multithreading enabled for timing update using a maximum of 2 CPUs
CRITICAL WARNING: [Timing 38-282] The design failed to meet the timing requirements. Please see the timing summary report for details on the timing violations.
WARNING: [Timing 38-436] There are set_bus_skew constraint(s) in this design. Please run report_bus_skew to ensure that bus skew requirements are met.
INFO: [Vivado 12-24838] Running report commands "report_incremental_reuse, report_route_status" in parallel.
Running report generation with 2 threads.
INFO: [Vivado 12-24828] Executing command : report_incremental_reuse -file design_1_wrapper_incremental_reuse_routed.rpt
INFO: [Vivado_Tcl 4-1062] Incremental flow is disabled. No incremental reuse Info to report.
INFO: [Vivado 12-24828] Executing command : report_route_status -file design_1_wrapper_route_status.rpt -pb design_1_wrapper_route_status.pb
INFO: [Vivado 12-24828] Executing command : report_power -file design_1_wrapper_power_routed.rpt -pb design_1_wrapper_power_summary_routed.pb -rpx design_1_wrapper_power_routed.rpx
Command: report_power -file design_1_wrapper_power_routed.rpt -pb design_1_wrapper_power_summary_routed.pb -rpx design_1_wrapper_power_routed.rpx
Running Vector-less Activity Propagation...

Finished Running Vector-less Activity Propagation
290 Infos, 9 Warnings, 1 Critical Warnings and 0 Errors encountered.
report_power completed successfully
INFO: [Vivado 12-24828] Executing command : report_clock_utilization -file design_1_wrapper_clock_utilization_routed.rpt
INFO: [Vivado 12-24828] Executing command : report_bus_skew -warn_on_violation -file design_1_wrapper_bus_skew_routed.rpt -pb design_1_wrapper_bus_skew_routed.pb -rpx design_1_wrapper_bus_skew_routed.rpx
INFO: [Timing 38-91] UpdateTimingParams: Speed grade: -1, Delay Type: min_max.
INFO: [Timing 38-191] Multithreading enabled for timing update using a maximum of 2 CPUs
generate_parallel_reports: Time (s): cpu = 00:00:26 ; elapsed = 00:00:15 . Memory (MB): peak = 2320.207 ; gain = 0.000
INFO: [Timing 38-480] Writing timing data to binary archive.
Write ShapeDB Complete: Time (s): cpu = 00:00:00 ; elapsed = 00:00:00.021 . Memory (MB): peak = 2328.891 ; gain = 8.684
Wrote PlaceDB: Time (s): cpu = 00:00:01 ; elapsed = 00:00:00.377 . Memory (MB): peak = 2336.840 ; gain = 16.633
Wrote PulsedLatchDB: Time (s): cpu = 00:00:00 ; elapsed = 00:00:00 . Memory (MB): peak = 2336.840 ; gain = 0.000
Writing XDEF routing.
Writing XDEF routing logical nets.
Writing XDEF routing special nets.
Wrote RouteStorage: Time (s): cpu = 00:00:01 ; elapsed = 00:00:00.083 . Memory (MB): peak = 2336.840 ; gain = 0.000
Wrote Netlist Cache: Time (s): cpu = 00:00:00 ; elapsed = 00:00:00.005 . Memory (MB): peak = 2336.840 ; gain = 0.000
Wrote Device Cache: Time (s): cpu = 00:00:00 ; elapsed = 00:00:00.004 . Memory (MB): peak = 2336.840 ; gain = 0.000
Write Physdb Complete: Time (s): cpu = 00:00:02 ; elapsed = 00:00:00.475 . Memory (MB): peak = 2336.840 ; gain = 16.633
INFO: [Common 17-1381] The checkpoint 'C:/Users/kille/Documents/GitHub/TFM-UPM/Practica/Prueba1/prueba_v1.0.runs/impl_1/design_1_wrapper_routed.dcp' has been generated.
Command: write_bitstream -force design_1_wrapper.bit
Attempting to get a license for feature 'Implementation' and/or device 'xc7a100t'
INFO: [Common 17-349] Got license for feature 'Implementation' and/or device 'xc7a100t'
Running DRC as a precondition to command write_bitstream
INFO: [IP_Flow 19-1839] IP Catalog is up to date.
INFO: [DRC 23-27] Running DRC with 2 threads
INFO: [Vivado 12-3199] DRC finished with 0 Errors
INFO: [Vivado 12-3200] Please refer to the DRC report (report_drc) for more information.
INFO: [Designutils 20-2272] Running write_bitstream with 2 threads.
Loading data files...
Loading site data...
Loading route data...
Processing options...
Creating bitmap...
Creating bitstream...
Writing bitstream ./design_1_wrapper.bit...
INFO: [Vivado 12-1842] Bitgen Completed Successfully.
INFO: [Project 1-1876] WebTalk data collection is mandatory when using a ULT device. To see the specific WebTalk data collected for your design, open the usage_statistics_webtalk.html or usage_statistics_webtalk.xml file in the implementation directory.
INFO: [Common 17-83] Releasing license: Implementation
305 Infos, 9 Warnings, 1 Critical Warnings and 0 Errors encountered.
write_bitstream completed successfully
write_bitstream: Time (s): cpu = 00:00:23 ; elapsed = 00:00:16 . Memory (MB): peak = 2851.051 ; gain = 514.211
INFO: [Common 17-206] Exiting Vivado at Thu Aug  6 16:52:13 2026...
