
*** Running vivado
    with args -log design_1_top_system_0_1.vds -m64 -product Vivado -mode batch -messageDb vivado.pb -notrace -source design_1_top_system_0_1.tcl



****** Vivado v2025.1 (64-bit)
  **** SW Build 6140274 on Thu May 22 00:12:29 MDT 2025
  **** IP Build 6138677 on Thu May 22 03:10:11 MDT 2025
  **** SharedData Build 6139179 on Tue May 20 17:58:58 MDT 2025
  **** Start of session at: Wed Aug  5 17:08:00 2026
    ** Copyright 1986-2022 Xilinx, Inc. All Rights Reserved.
    ** Copyright 2022-2025 Advanced Micro Devices, Inc. All Rights Reserved.

source design_1_top_system_0_1.tcl -notrace
create_project: Time (s): cpu = 00:00:19 ; elapsed = 00:00:13 . Memory (MB): peak = 501.859 ; gain = 218.453
INFO: [IP_Flow 19-234] Refreshing IP repositories
INFO: [IP_Flow 19-1704] No user IP repositories specified
INFO: [IP_Flow 19-2313] Loaded Vivado IP repository 'C:/AMD/2025.1/Vivado/data/ip'.
Command: synth_design -top design_1_top_system_0_1 -part xc7a100tcsg324-1 -incremental_mode off -mode out_of_context
Starting synth_design
Attempting to get a license for feature 'Synthesis' and/or device 'xc7a100t'
INFO: [Common 17-349] Got license for feature 'Synthesis' and/or device 'xc7a100t'
INFO: [Device 21-403] Loading part xc7a100tcsg324-1
INFO: [Synth 8-7079] Multithreading enabled for synth_design using a maximum of 2 processes.
INFO: [Synth 8-7078] Launching helper process for spawning children vivado processes
INFO: [Synth 8-7075] Helper process launched with PID 16644
---------------------------------------------------------------------------------
Starting RTL Elaboration : Time (s): cpu = 00:00:04 ; elapsed = 00:00:05 . Memory (MB): peak = 1206.145 ; gain = 493.785
---------------------------------------------------------------------------------
INFO: [Synth 8-638] synthesizing module 'design_1_top_system_0_1' [c:/Users/kille/Documents/GitHub/TFM-UPM/Practica/Prueba1/prueba_v1.0.gen/sources_1/bd/design_1/ip/design_1_top_system_0_1/synth/design_1_top_system_0_1.vhd:84]
INFO: [Synth 8-3491] module 'top_system' declared at 'C:/Users/kille/Documents/GitHub/TFM-UPM/Practica/Prueba1/prueba_v1.0.srcs/sources_1/new/top_system.vhd:4' bound to instance 'U0' of component 'top_system' [c:/Users/kille/Documents/GitHub/TFM-UPM/Practica/Prueba1/prueba_v1.0.gen/sources_1/bd/design_1/ip/design_1_top_system_0_1/synth/design_1_top_system_0_1.vhd:132]
INFO: [Synth 8-638] synthesizing module 'top_system' [C:/Users/kille/Documents/GitHub/TFM-UPM/Practica/Prueba1/prueba_v1.0.srcs/sources_1/new/top_system.vhd:42]
INFO: [Synth 8-638] synthesizing module 'apa102_ctrl' [C:/Users/kille/Documents/GitHub/TFM-UPM/Practica/Prueba1/prueba_v1.0.srcs/sources_1/new/apa102_ctrl.vhd:22]
INFO: [Synth 8-256] done synthesizing module 'apa102_ctrl' (0#1) [C:/Users/kille/Documents/GitHub/TFM-UPM/Practica/Prueba1/prueba_v1.0.srcs/sources_1/new/apa102_ctrl.vhd:22]
INFO: [Synth 8-226] default block is never used [C:/Users/kille/Documents/GitHub/TFM-UPM/Practica/Prueba1/prueba_v1.0.srcs/sources_1/new/top_system.vhd:153]
INFO: [Synth 8-226] default block is never used [C:/Users/kille/Documents/GitHub/TFM-UPM/Practica/Prueba1/prueba_v1.0.srcs/sources_1/new/top_system.vhd:73]
INFO: [Synth 8-226] default block is never used [C:/Users/kille/Documents/GitHub/TFM-UPM/Practica/Prueba1/prueba_v1.0.srcs/sources_1/new/top_system.vhd:73]
INFO: [Synth 8-638] synthesizing module 'tas2110_i2c_ctrl' [C:/Users/kille/Documents/GitHub/TFM-UPM/Practica/Prueba1/prueba_v1.0.srcs/sources_1/new/tas2110_i2c_ctrl.vhd:23]
INFO: [Synth 8-256] done synthesizing module 'tas2110_i2c_ctrl' (0#1) [C:/Users/kille/Documents/GitHub/TFM-UPM/Practica/Prueba1/prueba_v1.0.srcs/sources_1/new/tas2110_i2c_ctrl.vhd:23]
INFO: [Synth 8-638] synthesizing module 'audio_player' [C:/Users/kille/Documents/GitHub/TFM-UPM/Practica/Prueba1/prueba_v1.0.srcs/sources_1/new/audio_player.vhd:19]
INFO: [Synth 8-256] done synthesizing module 'audio_player' (0#1) [C:/Users/kille/Documents/GitHub/TFM-UPM/Practica/Prueba1/prueba_v1.0.srcs/sources_1/new/audio_player.vhd:19]
INFO: [Synth 8-638] synthesizing module 'i2s_transceiver' [C:/Users/kille/Documents/GitHub/TFM-UPM/Practica/Prueba1/prueba_v1.0.srcs/sources_1/new/i2s_transceiver.vhd:33]
INFO: [Synth 8-256] done synthesizing module 'i2s_transceiver' (0#1) [C:/Users/kille/Documents/GitHub/TFM-UPM/Practica/Prueba1/prueba_v1.0.srcs/sources_1/new/i2s_transceiver.vhd:33]
INFO: [Synth 8-256] done synthesizing module 'top_system' (0#1) [C:/Users/kille/Documents/GitHub/TFM-UPM/Practica/Prueba1/prueba_v1.0.srcs/sources_1/new/top_system.vhd:42]
INFO: [Synth 8-256] done synthesizing module 'design_1_top_system_0_1' (0#1) [c:/Users/kille/Documents/GitHub/TFM-UPM/Practica/Prueba1/prueba_v1.0.gen/sources_1/bd/design_1/ip/design_1_top_system_0_1/synth/design_1_top_system_0_1.vhd:84]
WARNING: [Synth 8-6014] Unused sequential element square_cnt_reg was removed.  [C:/Users/kille/Documents/GitHub/TFM-UPM/Practica/Prueba1/prueba_v1.0.srcs/sources_1/new/audio_player.vhd:43]
WARNING: [Synth 8-6014] Unused sequential element square_val_reg was removed.  [C:/Users/kille/Documents/GitHub/TFM-UPM/Practica/Prueba1/prueba_v1.0.srcs/sources_1/new/audio_player.vhd:44]
---------------------------------------------------------------------------------
Finished RTL Elaboration : Time (s): cpu = 00:00:05 ; elapsed = 00:00:06 . Memory (MB): peak = 1328.789 ; gain = 616.430
---------------------------------------------------------------------------------
---------------------------------------------------------------------------------
Start Handling Custom Attributes
---------------------------------------------------------------------------------
---------------------------------------------------------------------------------
Finished Handling Custom Attributes : Time (s): cpu = 00:00:05 ; elapsed = 00:00:06 . Memory (MB): peak = 1328.789 ; gain = 616.430
---------------------------------------------------------------------------------
---------------------------------------------------------------------------------
Finished RTL Optimization Phase 1 : Time (s): cpu = 00:00:05 ; elapsed = 00:00:06 . Memory (MB): peak = 1328.789 ; gain = 616.430
---------------------------------------------------------------------------------
Netlist sorting complete. Time (s): cpu = 00:00:00 ; elapsed = 00:00:00.015 . Memory (MB): peak = 1328.789 ; gain = 0.000
INFO: [Project 1-570] Preparing netlist for logic optimization

Processing XDC Constraints
Initializing timing engine
Completed Processing XDC Constraints

Netlist sorting complete. Time (s): cpu = 00:00:00 ; elapsed = 00:00:00.001 . Memory (MB): peak = 1396.227 ; gain = 0.000
INFO: [Project 1-111] Unisim Transformation Summary:
No Unisim elements were transformed.

Constraint Validation Runtime : Time (s): cpu = 00:00:00 ; elapsed = 00:00:00.045 . Memory (MB): peak = 1396.449 ; gain = 0.223
INFO: [Designutils 20-5008] Incremental synthesis strategy off

*** Running vivado
    with args -log design_1_top_system_0_1.vds -m64 -product Vivado -mode batch -messageDb vivado.pb -notrace -source design_1_top_system_0_1.tcl



****** Vivado v2025.1 (64-bit)
  **** SW Build 6140274 on Thu May 22 00:12:29 MDT 2025
  **** IP Build 6138677 on Thu May 22 03:10:11 MDT 2025
  **** SharedData Build 6139179 on Tue May 20 17:58:58 MDT 2025
  **** Start of session at: Wed Aug  5 17:08:45 2026
    ** Copyright 1986-2022 Xilinx, Inc. All Rights Reserved.
    ** Copyright 2022-2025 Advanced Micro Devices, Inc. All Rights Reserved.

source design_1_top_system_0_1.tcl -notrace
INFO: [IP_Flow 19-234] Refreshing IP repositories
INFO: [IP_Flow 19-1704] No user IP repositories specified
INFO: [IP_Flow 19-2313] Loaded Vivado IP repository 'C:/AMD/2025.1/Vivado/data/ip'.
Command: synth_design -top design_1_top_system_0_1 -part xc7a100tcsg324-1 -incremental_mode off -mode out_of_context
Starting synth_design
Attempting to get a license for feature 'Synthesis' and/or device 'xc7a100t'
INFO: [Common 17-349] Got license for feature 'Synthesis' and/or device 'xc7a100t'
INFO: [Device 21-403] Loading part xc7a100tcsg324-1
INFO: [Synth 8-7079] Multithreading enabled for synth_design using a maximum of 2 processes.
INFO: [Synth 8-7078] Launching helper process for spawning children vivado processes
INFO: [Synth 8-7075] Helper process launched with PID 12340
---------------------------------------------------------------------------------
Starting RTL Elaboration : Time (s): cpu = 00:00:04 ; elapsed = 00:00:08 . Memory (MB): peak = 1204.230 ; gain = 492.363
---------------------------------------------------------------------------------
INFO: [Synth 8-638] synthesizing module 'design_1_top_system_0_1' [c:/Users/kille/Documents/GitHub/TFM-UPM/Practica/Prueba1/prueba_v1.0.gen/sources_1/bd/design_1/ip/design_1_top_system_0_1/synth/design_1_top_system_0_1.vhd:84]
INFO: [Synth 8-3491] module 'top_system' declared at 'C:/Users/kille/Documents/GitHub/TFM-UPM/Practica/Prueba1/prueba_v1.0.srcs/sources_1/new/top_system.vhd:4' bound to instance 'U0' of component 'top_system' [c:/Users/kille/Documents/GitHub/TFM-UPM/Practica/Prueba1/prueba_v1.0.gen/sources_1/bd/design_1/ip/design_1_top_system_0_1/synth/design_1_top_system_0_1.vhd:132]
INFO: [Synth 8-638] synthesizing module 'top_system' [C:/Users/kille/Documents/GitHub/TFM-UPM/Practica/Prueba1/prueba_v1.0.srcs/sources_1/new/top_system.vhd:42]
INFO: [Synth 8-638] synthesizing module 'apa102_ctrl' [C:/Users/kille/Documents/GitHub/TFM-UPM/Practica/Prueba1/prueba_v1.0.srcs/sources_1/new/apa102_ctrl.vhd:22]
INFO: [Synth 8-256] done synthesizing module 'apa102_ctrl' (0#1) [C:/Users/kille/Documents/GitHub/TFM-UPM/Practica/Prueba1/prueba_v1.0.srcs/sources_1/new/apa102_ctrl.vhd:22]
INFO: [Synth 8-226] default block is never used [C:/Users/kille/Documents/GitHub/TFM-UPM/Practica/Prueba1/prueba_v1.0.srcs/sources_1/new/top_system.vhd:153]
INFO: [Synth 8-226] default block is never used [C:/Users/kille/Documents/GitHub/TFM-UPM/Practica/Prueba1/prueba_v1.0.srcs/sources_1/new/top_system.vhd:73]
INFO: [Synth 8-226] default block is never used [C:/Users/kille/Documents/GitHub/TFM-UPM/Practica/Prueba1/prueba_v1.0.srcs/sources_1/new/top_system.vhd:73]
INFO: [Synth 8-638] synthesizing module 'tas2110_i2c_ctrl' [C:/Users/kille/Documents/GitHub/TFM-UPM/Practica/Prueba1/prueba_v1.0.srcs/sources_1/new/tas2110_i2c_ctrl.vhd:23]
INFO: [Synth 8-256] done synthesizing module 'tas2110_i2c_ctrl' (0#1) [C:/Users/kille/Documents/GitHub/TFM-UPM/Practica/Prueba1/prueba_v1.0.srcs/sources_1/new/tas2110_i2c_ctrl.vhd:23]
INFO: [Synth 8-638] synthesizing module 'audio_player' [C:/Users/kille/Documents/GitHub/TFM-UPM/Practica/Prueba1/prueba_v1.0.srcs/sources_1/new/audio_player.vhd:19]
INFO: [Synth 8-256] done synthesizing module 'audio_player' (0#1) [C:/Users/kille/Documents/GitHub/TFM-UPM/Practica/Prueba1/prueba_v1.0.srcs/sources_1/new/audio_player.vhd:19]
INFO: [Synth 8-638] synthesizing module 'i2s_transceiver' [C:/Users/kille/Documents/GitHub/TFM-UPM/Practica/Prueba1/prueba_v1.0.srcs/sources_1/new/i2s_transceiver.vhd:33]
INFO: [Synth 8-256] done synthesizing module 'i2s_transceiver' (0#1) [C:/Users/kille/Documents/GitHub/TFM-UPM/Practica/Prueba1/prueba_v1.0.srcs/sources_1/new/i2s_transceiver.vhd:33]
INFO: [Synth 8-256] done synthesizing module 'top_system' (0#1) [C:/Users/kille/Documents/GitHub/TFM-UPM/Practica/Prueba1/prueba_v1.0.srcs/sources_1/new/top_system.vhd:42]
INFO: [Synth 8-256] done synthesizing module 'design_1_top_system_0_1' (0#1) [c:/Users/kille/Documents/GitHub/TFM-UPM/Practica/Prueba1/prueba_v1.0.gen/sources_1/bd/design_1/ip/design_1_top_system_0_1/synth/design_1_top_system_0_1.vhd:84]
WARNING: [Synth 8-6014] Unused sequential element square_cnt_reg was removed.  [C:/Users/kille/Documents/GitHub/TFM-UPM/Practica/Prueba1/prueba_v1.0.srcs/sources_1/new/audio_player.vhd:43]
WARNING: [Synth 8-6014] Unused sequential element square_val_reg was removed.  [C:/Users/kille/Documents/GitHub/TFM-UPM/Practica/Prueba1/prueba_v1.0.srcs/sources_1/new/audio_player.vhd:44]
---------------------------------------------------------------------------------
Finished RTL Elaboration : Time (s): cpu = 00:00:05 ; elapsed = 00:00:09 . Memory (MB): peak = 1328.633 ; gain = 616.766
---------------------------------------------------------------------------------
---------------------------------------------------------------------------------
Start Handling Custom Attributes
---------------------------------------------------------------------------------
---------------------------------------------------------------------------------
Finished Handling Custom Attributes : Time (s): cpu = 00:00:05 ; elapsed = 00:00:09 . Memory (MB): peak = 1328.633 ; gain = 616.766
---------------------------------------------------------------------------------
---------------------------------------------------------------------------------
Finished RTL Optimization Phase 1 : Time (s): cpu = 00:00:05 ; elapsed = 00:00:09 . Memory (MB): peak = 1328.633 ; gain = 616.766
---------------------------------------------------------------------------------
Netlist sorting complete. Time (s): cpu = 00:00:00 ; elapsed = 00:00:00.016 . Memory (MB): peak = 1328.633 ; gain = 0.000
INFO: [Project 1-570] Preparing netlist for logic optimization

Processing XDC Constraints
Initializing timing engine
Completed Processing XDC Constraints

Netlist sorting complete. Time (s): cpu = 00:00:00 ; elapsed = 00:00:00 . Memory (MB): peak = 1377.961 ; gain = 0.000
INFO: [Project 1-111] Unisim Transformation Summary:
No Unisim elements were transformed.

Constraint Validation Runtime : Time (s): cpu = 00:00:00 ; elapsed = 00:00:00.047 . Memory (MB): peak = 1381.176 ; gain = 3.215
INFO: [Designutils 20-5008] Incremental synthesis strategy off
---------------------------------------------------------------------------------
Finished Constraint Validation : Time (s): cpu = 00:00:11 ; elapsed = 00:00:19 . Memory (MB): peak = 1381.176 ; gain = 669.309
---------------------------------------------------------------------------------
---------------------------------------------------------------------------------
Start Loading Part and Timing Information
---------------------------------------------------------------------------------
Loading part: xc7a100tcsg324-1
---------------------------------------------------------------------------------
Finished Loading Part and Timing Information : Time (s): cpu = 00:00:11 ; elapsed = 00:00:19 . Memory (MB): peak = 1381.176 ; gain = 669.309
---------------------------------------------------------------------------------
---------------------------------------------------------------------------------
Start Applying 'set_property' XDC Constraints
---------------------------------------------------------------------------------
---------------------------------------------------------------------------------
Finished applying 'set_property' XDC Constraints : Time (s): cpu = 00:00:11 ; elapsed = 00:00:19 . Memory (MB): peak = 1381.176 ; gain = 669.309
---------------------------------------------------------------------------------
INFO: [Synth 8-802] inferred FSM for state register 'state_reg' in module 'apa102_ctrl'
INFO: [Synth 8-802] inferred FSM for state register 'state_reg' in module 'tas2110_i2c_ctrl'
---------------------------------------------------------------------------------------------------
                   State |                     New Encoding |                Previous Encoding 
---------------------------------------------------------------------------------------------------
                    idle |                             0001 |                               00
               load_data |                             0010 |                               01
            send_bit_low |                             0100 |                               10
           send_bit_high |                             1000 |                               11
---------------------------------------------------------------------------------------------------
INFO: [Synth 8-3354] encoded FSM with state register 'state_reg' using encoding 'one-hot' in module 'apa102_ctrl'
---------------------------------------------------------------------------------------------------
                   State |                     New Encoding |                Previous Encoding 
---------------------------------------------------------------------------------------------------
                    idle |                         00000001 |                              000
              start_cond |                         00000010 |                              001
                send_bit |                         00000100 |                              010
               check_ack |                         00001000 |                              011
               stop_cond |                         00010000 |                              100
                next_reg |                         00100000 |                              101
              power_wait |                         01000000 |                              111
                   delay |                         10000000 |                              110
---------------------------------------------------------------------------------------------------
INFO: [Synth 8-3354] encoded FSM with state register 'state_reg' using encoding 'one-hot' in module 'tas2110_i2c_ctrl'
---------------------------------------------------------------------------------
Finished RTL Optimization Phase 2 : Time (s): cpu = 00:00:11 ; elapsed = 00:00:20 . Memory (MB): peak = 1381.176 ; gain = 669.309
---------------------------------------------------------------------------------
---------------------------------------------------------------------------------
Start RTL Component Statistics 
---------------------------------------------------------------------------------
Detailed RTL Component Info : 
+---Adders : 
	   2 Input   19 Bit       Adders := 2     
	   2 Input   18 Bit       Adders := 1     
	   2 Input   17 Bit       Adders := 1     
	   2 Input   10 Bit       Adders := 1     
	   2 Input    9 Bit       Adders := 1     
	   2 Input    6 Bit       Adders := 4     
	   2 Input    5 Bit       Adders := 5     
	   2 Input    3 Bit       Adders := 8     
	   2 Input    2 Bit       Adders := 1     
+---Registers : 
	               32 Bit    Registers := 2     
	               24 Bit    Registers := 6     
	               19 Bit    Registers := 2     
	               18 Bit    Registers := 1     
	               17 Bit    Registers := 1     
	               16 Bit    Registers := 18    
	               14 Bit    Registers := 4     
	               11 Bit    Registers := 1     
	               10 Bit    Registers := 2     
	                9 Bit    Registers := 1     
	                8 Bit    Registers := 2     
	                7 Bit    Registers := 1     
	                6 Bit    Registers := 1     
	                5 Bit    Registers := 6     
	                3 Bit    Registers := 5     
	                2 Bit    Registers := 2     
	                1 Bit    Registers := 12    
+---Muxes : 
	   2 Input   19 Bit        Muxes := 2     
	   8 Input   19 Bit        Muxes := 2     
	   2 Input   14 Bit        Muxes := 4     
	   2 Input   11 Bit        Muxes := 1     
	   2 Input   10 Bit        Muxes := 1     
	   8 Input   10 Bit        Muxes := 1     
	   4 Input    9 Bit        Muxes := 1     
	   5 Input    8 Bit        Muxes := 3     
	   2 Input    8 Bit        Muxes := 3     
	   8 Input    8 Bit        Muxes := 2     
	   3 Input    8 Bit        Muxes := 1     
	   2 Input    5 Bit        Muxes := 2     
	   4 Input    5 Bit        Muxes := 2     
	   8 Input    5 Bit        Muxes := 1     
	   4 Input    4 Bit        Muxes := 1     
	   2 Input    4 Bit        Muxes := 2     
	   2 Input    3 Bit        Muxes := 10    
	   8 Input    3 Bit        Muxes := 1     
	   2 Input    2 Bit        Muxes := 3     
	   8 Input    2 Bit        Muxes := 1     
	   2 Input    1 Bit        Muxes := 33    
	   4 Input    1 Bit        Muxes := 10    
	   5 Input    1 Bit        Muxes := 1     
	   8 Input    1 Bit        Muxes := 13    
---------------------------------------------------------------------------------
Finished RTL Component Statistics 
---------------------------------------------------------------------------------
---------------------------------------------------------------------------------
Start Part Resource Summary
---------------------------------------------------------------------------------
Part Resources:
DSPs: 240 (col length:80)
BRAMs: 270 (col length: RAMB18 80 RAMB36 40)
---------------------------------------------------------------------------------
Finished Part Resource Summary
---------------------------------------------------------------------------------
---------------------------------------------------------------------------------
Start Cross Boundary and Area Optimization
---------------------------------------------------------------------------------
WARNING: [Synth 8-7080] Parallel synthesis criteria is not met
---------------------------------------------------------------------------------
Finished Cross Boundary and Area Optimization : Time (s): cpu = 00:00:15 ; elapsed = 00:00:24 . Memory (MB): peak = 1409.633 ; gain = 697.766
---------------------------------------------------------------------------------
---------------------------------------------------------------------------------
Start Applying XDC Timing Constraints
---------------------------------------------------------------------------------
---------------------------------------------------------------------------------
Finished Applying XDC Timing Constraints : Time (s): cpu = 00:00:19 ; elapsed = 00:00:28 . Memory (MB): peak = 1538.098 ; gain = 826.230
---------------------------------------------------------------------------------
---------------------------------------------------------------------------------
Start Timing Optimization
---------------------------------------------------------------------------------
---------------------------------------------------------------------------------
Finished Timing Optimization : Time (s): cpu = 00:00:19 ; elapsed = 00:00:28 . Memory (MB): peak = 1538.953 ; gain = 827.086
---------------------------------------------------------------------------------
---------------------------------------------------------------------------------
Start Technology Mapping
---------------------------------------------------------------------------------
---------------------------------------------------------------------------------
Finished Technology Mapping : Time (s): cpu = 00:00:19 ; elapsed = 00:00:28 . Memory (MB): peak = 1567.562 ; gain = 855.695
---------------------------------------------------------------------------------
---------------------------------------------------------------------------------
Start IO Insertion
---------------------------------------------------------------------------------
---------------------------------------------------------------------------------
Start Flattening Before IO Insertion
---------------------------------------------------------------------------------
---------------------------------------------------------------------------------
Finished Flattening Before IO Insertion
---------------------------------------------------------------------------------
---------------------------------------------------------------------------------
Start Final Netlist Cleanup
---------------------------------------------------------------------------------
---------------------------------------------------------------------------------
Finished Final Netlist Cleanup
---------------------------------------------------------------------------------
CRITICAL WARNING: [Synth 8-5799] Converted tricell instance 'U0i_62' to logic
---------------------------------------------------------------------------------
Finished IO Insertion : Time (s): cpu = 00:00:22 ; elapsed = 00:00:31 . Memory (MB): peak = 1781.980 ; gain = 1070.113
---------------------------------------------------------------------------------
---------------------------------------------------------------------------------
Start Renaming Generated Instances
---------------------------------------------------------------------------------
---------------------------------------------------------------------------------
Finished Renaming Generated Instances : Time (s): cpu = 00:00:22 ; elapsed = 00:00:31 . Memory (MB): peak = 1781.980 ; gain = 1070.113
---------------------------------------------------------------------------------
---------------------------------------------------------------------------------
Start Rebuilding User Hierarchy
---------------------------------------------------------------------------------
---------------------------------------------------------------------------------
Finished Rebuilding User Hierarchy : Time (s): cpu = 00:00:22 ; elapsed = 00:00:31 . Memory (MB): peak = 1781.980 ; gain = 1070.113
---------------------------------------------------------------------------------
---------------------------------------------------------------------------------
Start Renaming Generated Ports
---------------------------------------------------------------------------------
---------------------------------------------------------------------------------
Finished Renaming Generated Ports : Time (s): cpu = 00:00:22 ; elapsed = 00:00:31 . Memory (MB): peak = 1781.980 ; gain = 1070.113
---------------------------------------------------------------------------------
---------------------------------------------------------------------------------
Start Handling Custom Attributes
---------------------------------------------------------------------------------
---------------------------------------------------------------------------------
Finished Handling Custom Attributes : Time (s): cpu = 00:00:22 ; elapsed = 00:00:31 . Memory (MB): peak = 1781.980 ; gain = 1070.113
---------------------------------------------------------------------------------
---------------------------------------------------------------------------------
Start Renaming Generated Nets
---------------------------------------------------------------------------------
---------------------------------------------------------------------------------
Finished Renaming Generated Nets : Time (s): cpu = 00:00:22 ; elapsed = 00:00:31 . Memory (MB): peak = 1781.980 ; gain = 1070.113
---------------------------------------------------------------------------------
---------------------------------------------------------------------------------
Start Writing Synthesis Report
---------------------------------------------------------------------------------

Report BlackBoxes: 
+-+--------------+----------+
| |BlackBox name |Instances |
+-+--------------+----------+
+-+--------------+----------+

Report Cell Usage: 
+------+-------+------+
|      |Cell   |Count |
+------+-------+------+
|1     |CARRY4 |    26|
|2     |LUT1   |    26|
|3     |LUT2   |   106|
|4     |LUT3   |    66|
|5     |LUT4   |    57|
|6     |LUT5   |    51|
|7     |LUT6   |   168|
|8     |MUXF7  |     3|
|9     |FDCE   |   125|
|10    |FDPE   |    15|
|11    |FDRE   |   141|
|12    |FDSE   |     1|
+------+-------+------+
---------------------------------------------------------------------------------
Finished Writing Synthesis Report : Time (s): cpu = 00:00:22 ; elapsed = 00:00:31 . Memory (MB): peak = 1781.980 ; gain = 1070.113
---------------------------------------------------------------------------------
Synthesis finished with 0 errors, 1 critical warnings and 1 warnings.
Synthesis Optimization Runtime : Time (s): cpu = 00:00:15 ; elapsed = 00:00:27 . Memory (MB): peak = 1781.980 ; gain = 1017.570
Synthesis Optimization Complete : Time (s): cpu = 00:00:22 ; elapsed = 00:00:31 . Memory (MB): peak = 1781.980 ; gain = 1070.113
INFO: [Project 1-571] Translating synthesized netlist
Netlist sorting complete. Time (s): cpu = 00:00:00 ; elapsed = 00:00:00.006 . Memory (MB): peak = 1791.145 ; gain = 0.000
INFO: [Netlist 29-17] Analyzing 29 Unisim elements for replacement
INFO: [Netlist 29-28] Unisim Transformation completed in 0 CPU seconds
INFO: [Project 1-570] Preparing netlist for logic optimization
INFO: [Opt 31-138] Pushed 0 inverter(s) to 0 load pin(s).
Netlist sorting complete. Time (s): cpu = 00:00:00 ; elapsed = 00:00:00 . Memory (MB): peak = 1794.816 ; gain = 0.000
INFO: [Project 1-111] Unisim Transformation Summary:
No Unisim elements were transformed.

Synth Design complete | Checksum: c326db86
INFO: [Common 17-83] Releasing license: Synthesis
38 Infos, 3 Warnings, 1 Critical Warnings and 0 Errors encountered.
synth_design completed successfully
synth_design: Time (s): cpu = 00:00:25 ; elapsed = 00:00:38 . Memory (MB): peak = 1794.816 ; gain = 1278.320
INFO: [runtcl-6] Synthesis results are not added to the cache due to CRITICAL_WARNING
INFO: [Coretcl 2-1174] Renamed 5 cell refs.
Write ShapeDB Complete: Time (s): cpu = 00:00:00 ; elapsed = 00:00:00.009 . Memory (MB): peak = 1794.816 ; gain = 0.000
INFO: [Common 17-1381] The checkpoint 'C:/Users/kille/Documents/GitHub/TFM-UPM/Practica/Prueba1/prueba_v1.0.runs/design_1_top_system_0_1_synth_1/design_1_top_system_0_1.dcp' has been generated.
INFO: [Vivado 12-24828] Executing command : report_utilization -file design_1_top_system_0_1_utilization_synth.rpt -pb design_1_top_system_0_1_utilization_synth.pb
INFO: [Common 17-206] Exiting Vivado at Wed Aug  5 17:09:31 2026...
